Component: ARM Compiler 5.06 update 7 (build 960) Tool: armlink [4d3601]

==============================================================================

Section Cross References

    startup_stm32f407xx.o(RESET) refers to startup_stm32f407xx.o(STACK) for __initial_sp
    startup_stm32f407xx.o(RESET) refers to startup_stm32f407xx.o(.text) for Reset_Handler
    startup_stm32f407xx.o(RESET) refers to stm32f4xx_it.o(i.NMI_Handler) for NMI_Handler
    startup_stm32f407xx.o(RESET) refers to stm32f4xx_it.o(i.HardFault_Handler) for HardFault_Handler
    startup_stm32f407xx.o(RESET) refers to stm32f4xx_it.o(i.MemManage_Handler) for MemManage_Handler
    startup_stm32f407xx.o(RESET) refers to stm32f4xx_it.o(i.BusFault_Handler) for BusFault_Handler
    startup_stm32f407xx.o(RESET) refers to stm32f4xx_it.o(i.UsageFault_Handler) for UsageFault_Handler
    startup_stm32f407xx.o(RESET) refers to stm32f4xx_it.o(i.SVC_Handler) for SVC_Handler
    startup_stm32f407xx.o(RESET) refers to stm32f4xx_it.o(i.DebugMon_Handler) for DebugMon_Handler
    startup_stm32f407xx.o(RESET) refers to stm32f4xx_it.o(i.PendSV_Handler) for PendSV_Handler
    startup_stm32f407xx.o(RESET) refers to stm32f4xx_it.o(i.SysTick_Handler) for SysTick_Handler
    startup_stm32f407xx.o(RESET) refers to stm32f4xx_it.o(i.DMA1_Stream0_IRQHandler) for DMA1_Stream0_IRQHandler
    startup_stm32f407xx.o(RESET) refers to stm32f4xx_it.o(i.DMA1_Stream3_IRQHandler) for DMA1_Stream3_IRQHandler
    startup_stm32f407xx.o(RESET) refers to stm32f4xx_it.o(i.EXTI9_5_IRQHandler) for EXTI9_5_IRQHandler
    startup_stm32f407xx.o(RESET) refers to stm32f4xx_it.o(i.I2C1_EV_IRQHandler) for I2C1_EV_IRQHandler
    startup_stm32f407xx.o(RESET) refers to stm32f4xx_it.o(i.I2C1_ER_IRQHandler) for I2C1_ER_IRQHandler
    startup_stm32f407xx.o(RESET) refers to stm32f4xx_it.o(i.USART3_IRQHandler) for USART3_IRQHandler
    startup_stm32f407xx.o(RESET) refers to stm32f4xx_it.o(i.DMA2_Stream0_IRQHandler) for DMA2_Stream0_IRQHandler
    startup_stm32f407xx.o(RESET) refers to stm32f4xx_it.o(i.DMA2_Stream1_IRQHandler) for DMA2_Stream1_IRQHandler
    startup_stm32f407xx.o(RESET) refers to stm32f4xx_it.o(i.DCMI_IRQHandler) for DCMI_IRQHandler
    startup_stm32f407xx.o(.text) refers to system_stm32f4xx.o(i.SystemInit) for SystemInit
    startup_stm32f407xx.o(.text) refers to entry.o(.ARM.Collect$$$$00000000) for __main
    mpu6050_i2c.o(i.I2C_End) refers to stm32f4xx_hal_gpio.o(i.HAL_GPIO_WritePin) for HAL_GPIO_WritePin
    mpu6050_i2c.o(i.I2C_End) refers to mpu6050_i2c.o(i.I2C_Delay) for I2C_Delay
    mpu6050_i2c.o(i.I2C_ReadByte) refers to stm32f4xx_hal_gpio.o(i.HAL_GPIO_WritePin) for HAL_GPIO_WritePin
    mpu6050_i2c.o(i.I2C_ReadByte) refers to mpu6050_i2c.o(i.I2C_Delay) for I2C_Delay
    mpu6050_i2c.o(i.I2C_ReadByte) refers to stm32f4xx_hal_gpio.o(i.HAL_GPIO_ReadPin) for HAL_GPIO_ReadPin
    mpu6050_i2c.o(i.I2C_ReadByte) refers to mpu6050_i2c.o(i.IIC_Send_ACK) for IIC_Send_ACK
    mpu6050_i2c.o(i.I2C_SendByte) refers to stm32f4xx_hal_gpio.o(i.HAL_GPIO_WritePin) for HAL_GPIO_WritePin
    mpu6050_i2c.o(i.I2C_SendByte) refers to mpu6050_i2c.o(i.I2C_Delay) for I2C_Delay
    mpu6050_i2c.o(i.I2C_SendByte) refers to mpu6050_i2c.o(i.IIC_Get_ACK) for IIC_Get_ACK
    mpu6050_i2c.o(i.I2C_Start) refers to stm32f4xx_hal_gpio.o(i.HAL_GPIO_WritePin) for HAL_GPIO_WritePin
    mpu6050_i2c.o(i.I2C_Start) refers to mpu6050_i2c.o(i.I2C_Delay) for I2C_Delay
    mpu6050_i2c.o(i.IIC_Get_ACK) refers to stm32f4xx_hal_gpio.o(i.HAL_GPIO_WritePin) for HAL_GPIO_WritePin
    mpu6050_i2c.o(i.IIC_Get_ACK) refers to mpu6050_i2c.o(i.I2C_Delay) for I2C_Delay
    mpu6050_i2c.o(i.IIC_Get_ACK) refers to stm32f4xx_hal_gpio.o(i.HAL_GPIO_ReadPin) for HAL_GPIO_ReadPin
    mpu6050_i2c.o(i.IIC_Send_ACK) refers to stm32f4xx_hal_gpio.o(i.HAL_GPIO_WritePin) for HAL_GPIO_WritePin
    mpu6050_i2c.o(i.IIC_Send_ACK) refers to mpu6050_i2c.o(i.I2C_Delay) for I2C_Delay
    mpu6050_i2c.o(i.MPU_Read_Byte) refers to mpu6050_i2c.o(i.I2C_Start) for I2C_Start
    mpu6050_i2c.o(i.MPU_Read_Byte) refers to mpu6050_i2c.o(i.I2C_SendByte) for I2C_SendByte
    mpu6050_i2c.o(i.MPU_Read_Byte) refers to mpu6050_i2c.o(i.I2C_ReadByte) for I2C_ReadByte
    mpu6050_i2c.o(i.MPU_Read_Byte) refers to mpu6050_i2c.o(i.I2C_End) for I2C_End
    mpu6050_i2c.o(i.MPU_Read_Len) refers to mpu6050_i2c.o(i.I2C_Start) for I2C_Start
    mpu6050_i2c.o(i.MPU_Read_Len) refers to mpu6050_i2c.o(i.I2C_SendByte) for I2C_SendByte
    mpu6050_i2c.o(i.MPU_Read_Len) refers to mpu6050_i2c.o(i.I2C_ReadByte) for I2C_ReadByte
    mpu6050_i2c.o(i.MPU_Read_Len) refers to mpu6050_i2c.o(i.I2C_End) for I2C_End
    mpu6050_i2c.o(i.MPU_Write_Byte) refers to mpu6050_i2c.o(i.I2C_Start) for I2C_Start
    mpu6050_i2c.o(i.MPU_Write_Byte) refers to mpu6050_i2c.o(i.I2C_SendByte) for I2C_SendByte
    mpu6050_i2c.o(i.MPU_Write_Byte) refers to mpu6050_i2c.o(i.I2C_End) for I2C_End
    mpu6050_i2c.o(i.MPU_Write_Len) refers to mpu6050_i2c.o(i.I2C_Start) for I2C_Start
[...]
    SysTick_Handler                          0x0800815d   Thumb Code    22  stm32f4xx_it.o(i.SysTick_Handler)
    SystemClock_Config                       0x0800817d   Thumb Code   158  main.o(i.SystemClock_Config)
    SystemInit                               0x08008225   Thumb Code    12  system_stm32f4xx.o(i.SystemInit)
    TIM_Base_SetConfig                       0x08008235   Thumb Code   160  stm32f4xx_hal_tim.o(i.TIM_Base_SetConfig)
    TIM_CCxChannelCmd                        0x08008301   Thumb Code    26  stm32f4xx_hal_tim.o(i.TIM_CCxChannelCmd)
    TIM_OC2_SetConfig                        0x08008385   Thumb Code   106  stm32f4xx_hal_tim.o(i.TIM_OC2_SetConfig)
    UART_Start_Receive_IT                    0x080087c1   Thumb Code    54  stm32f4xx_hal_uart.o(i.UART_Start_Receive_IT)
    USART3_IRQHandler                        0x080088c9   Thumb Code     6  stm32f4xx_it.o(i.USART3_IRQHandler)
    UsageFault_Handler                       0x080088d5   Thumb Code     2  stm32f4xx_it.o(i.UsageFault_Handler)
    WR_Byte                                  0x080088d9   Thumb Code   152  sccb.o(i.WR_Byte)
    WR_Reg                                   0x08008975   Thumb Code   114  sccb.o(i.WR_Reg)
    _MLPrintLog                              0x08008a31   Thumb Code   156  log_stm32.o(i._MLPrintLog)
    __0printf                                0x08008acd   Thumb Code    22  printfa.o(i.__0printf)
    __1printf                                0x08008acd   Thumb Code     0  printfa.o(i.__0printf)
    __2printf                                0x08008acd   Thumb Code     0  printfa.o(i.__0printf)
    __c89printf                              0x08008acd   Thumb Code     0  printfa.o(i.__0printf)
    printf                                   0x08008acd   Thumb Code     0  printfa.o(i.__0printf)
    __0vsprintf                              0x08008aed   Thumb Code    30  printfa.o(i.__0vsprintf)
    __1vsprintf                              0x08008aed   Thumb Code     0  printfa.o(i.__0vsprintf)
    __2vsprintf                              0x08008aed   Thumb Code     0  printfa.o(i.__0vsprintf)
    __c89vsprintf                            0x08008aed   Thumb Code     0  printfa.o(i.__0vsprintf)
    vsprintf                                 0x08008aed   Thumb Code     0  printfa.o(i.__0vsprintf)
    __ARM_fpclassify                         0x08008b11   Thumb Code    48  fpclassify.o(i.__ARM_fpclassify)
    __ARM_fpclassifyf                        0x08008b41   Thumb Code    38  fpclassifyf.o(i.__ARM_fpclassifyf)
    __hardfp_acosf                           0x08008b89   Thumb Code   234  acosf.o(i.__hardfp_acosf)
    __hardfp_atan2f                          0x08008ca1   Thumb Code   594  atan2f.o(i.__hardfp_atan2f)
    __hardfp_cosf                            0x08008f4d   Thumb Code   280  cosf.o(i.__hardfp_cosf)
    __hardfp_pow                             0x080090a1   Thumb Code  3072  pow.o(i.__hardfp_pow)
    __hardfp_sinf                            0x08009cf1   Thumb Code   344  sinf.o(i.__hardfp_sinf)
    __hardfp_sqrtf                           0x08009e81   Thumb Code    58  sqrtf.o(i.__hardfp_sqrtf)
    __kernel_poly                            0x08009ebb   Thumb Code   248  poly.o(i.__kernel_poly)
    __mathlib_dbl_divzero                    0x08009fb9   Thumb Code    28  dunder.o(i.__mathlib_dbl_divzero)
    __mathlib_dbl_infnan2                    0x08009fe9   Thumb Code    20  dunder.o(i.__mathlib_dbl_infnan2)
    __mathlib_dbl_invalid                    0x0800a001   Thumb Code    24  dunder.o(i.__mathlib_dbl_invalid)
    __mathlib_dbl_overflow                   0x0800a021   Thumb Code    24  dunder.o(i.__mathlib_dbl_overflow)
    __mathlib_dbl_underflow                  0x0800a041   Thumb Code    24  dunder.o(i.__mathlib_dbl_underflow)
    __mathlib_flt_infnan                     0x0800a061   Thumb Code     6  funder.o(i.__mathlib_flt_infnan)
    __mathlib_flt_infnan2                    0x0800a067   Thumb Code     6  funder.o(i.__mathlib_flt_infnan2)
    __mathlib_flt_invalid                    0x0800a06d   Thumb Code    10  funder.o(i.__mathlib_flt_invalid)
    __mathlib_flt_underflow                  0x0800a07d   Thumb Code    10  funder.o(i.__mathlib_flt_underflow)
    __mathlib_rredf2                         0x0800a08d   Thumb Code   316  rredf.o(i.__mathlib_rredf2)
    __scatterload_copy                       0x0800a211   Thumb Code    14  handlers.o(i.__scatterload_copy)
    __scatterload_null                       0x0800a21f   Thumb Code     2  handlers.o(i.__scatterload_null)
    __scatterload_zeroinit                   0x0800a221   Thumb Code    14  handlers.o(i.__scatterload_zeroinit)
    __set_errno                              0x0800a231   Thumb Code     6  errno.o(i.__set_errno)
    acosf                                    0x0800aad1   Thumb Code    16  acosf.o(i.acosf)
    balance_pid                              0x0800aae1   Thumb Code    46  control.o(i.balance_pid)
    control_motor                            0x0800ab19   Thumb Code   284  control.o(i.control_motor)
    cosf                                     0x0800ac39   Thumb Code    16  cosf.o(i.cosf)
    dmp_enable_6x_lp_quat                    0x0800ac85   Thumb Code    60  inv_mpu_dmp_motion_driver.o(i.dmp_enable_6x_lp_quat)
    dmp_enable_feature                       0x0800acc1   Thumb Code   484  inv_mpu_dmp_motion_driver.o(i.dmp_enable_feature)
    dmp_enable_gyro_cal                      0x0800aead   Thumb Code    62  inv_mpu_dmp_motion_driver.o(i.dmp_enable_gyro_cal)
    dmp_enable_lp_quat                       0x0800af05   Thumb Code    60  inv_mpu_dmp_motion_driver.o(i.dmp_enable_lp_quat)
    dmp_load_motion_driver_firmware          0x0800af41   Thumb Code    16  inv_mpu_dmp_motion_driver.o(i.dmp_load_motion_driver_firmware)
    dmp_read_fifo                            0x0800af55   Thumb Code   384  inv_mpu_dmp_motion_driver.o(i.dmp_read_fifo)
    dmp_set_fifo_rate                        0x0800b0d9   Thumb Code    96  inv_mpu_dmp_motion_driver.o(i.dmp_set_fifo_rate)
    dmp_set_orientation                      0x0800b149   Thumb Code   260  inv_mpu_dmp_motion_driver.o(i.dmp_set_orientation)
    dmp_set_shake_reject_thresh              0x0800b261   Thumb Code    48  inv_mpu_dmp_motion_driver.o(i.dmp_set_shake_reject_thresh)
    dmp_set_shake_reject_time                0x0800b291   Thumb Code    32  inv_mpu_dmp_motion_driver.o(i.dmp_set_shake_reject_time)
    dmp_set_shake_reject_timeout             0x0800b2b1   Thumb Code    32  inv_mpu_dmp_motion_driver.o(i.dmp_set_shake_reject_timeout)
    dmp_set_tap_axes                         0x0800b2d1   Thumb Code    56  inv_mpu_dmp_motion_driver.o(i.dmp_set_tap_axes)
    dmp_set_tap_count                        0x0800b309   Thumb Code    34  inv_mpu_dmp_motion_driver.o(i.dmp_set_tap_count)
    dmp_set_tap_thresh                       0x0800b32d   Thumb Code   376  inv_mpu_dmp_motion_driver.o(i.dmp_set_tap_thresh)
    dmp_set_tap_time                         0x0800b4c9   Thumb Code    32  inv_mpu_dmp_motion_driver.o(i.dmp_set_tap_time)
    dmp_set_tap_time_multi                   0x0800b4e9   Thumb Code    32  inv_mpu_dmp_motion_driver.o(i.dmp_set_tap_time_multi)
    fabs                                     0x0800b509   Thumb Code    24  fabs.o(i.fabs)
    fputc                                    0x0800b521   Thumb Code    20  main.o(i.fputc)
    get_tick_count                           0x0800b539   Thumb Code    12  main.o(i.get_tick_count)
    init_ov7670reg                           0x0800b545   Thumb Code   102  ov7670_set .o(i.init_ov7670reg)
    inv_accel_was_turned_off                 0x0800b5e5   Thumb Code     8  data_builder.o(i.inv_accel_was_turned_off)
    inv_apply_calibration                    0x0800b5f1   Thumb Code   106  data_builder.o(i.inv_apply_calibration)
    inv_biquad_filter_process                0x0800b65b   Thumb Code    74  ml_math_func.o(i.inv_biquad_filter_process)
    inv_build_accel                          0x0800b6a5   Thumb Code    96  data_builder.o(i.inv_build_accel)
    inv_build_gyro                           0x0800b70d   Thumb Code    42  data_builder.o(i.inv_build_gyro)
    inv_build_quat                           0x0800b73d   Thumb Code    42  data_builder.o(i.inv_build_quat)
    inv_build_temp                           0x0800b76d   Thumb Code    22  data_builder.o(i.inv_build_temp)
    inv_calc_state_to_match_output           0x0800b789   Thumb Code    42  ml_math_func.o(i.inv_calc_state_to_match_output)
    inv_compass_angle                        0x0800b7b5   Thumb Code   162  ml_math_func.o(i.inv_compass_angle)
    inv_compass_was_turned_off               0x0800b861   Thumb Code    10  data_builder.o(i.inv_compass_was_turned_off)
    inv_convert_to_body_with_scale           0x0800b871   Thumb Code    92  ml_math_func.o(i.inv_convert_to_body_with_scale)
    inv_disable_compass_soft_iron_matrix     0x0800b915   Thumb Code    10  data_builder.o(i.inv_disable_compass_soft_iron_matrix)
    inv_enable_eMPL_outputs                  0x0800b925   Thumb Code    22  empl_outputs.o(i.inv_enable_eMPL_outputs)
    inv_enable_hal_outputs                   0x0800b941   Thumb Code    16  hal_outputs.o(i.inv_enable_hal_outputs)
    inv_enable_results_holder                0x0800b955   Thumb Code    22  results_holder.o(i.inv_enable_results_holder)
    inv_execute_mpl_start_notification       0x0800b971   Thumb Code    36  start_manager.o(i.inv_execute_mpl_start_notification)
    inv_execute_on_data                      0x0800b999   Thumb Code   118  data_builder.o(i.inv_execute_on_data)
    inv_generate_hal_outputs                 0x0800bac5   Thumb Code   382  hal_outputs.o(i.inv_generate_hal_outputs)
    inv_generate_results                     0x0800bc4d   Thumb Code    10  results_holder.o(i.inv_generate_results)
    inv_get_6axis_quaternion                 0x0800bc5d   Thumb Code    22  results_holder.o(i.inv_get_6axis_quaternion)
    inv_get_acc_state                        0x0800bc79   Thumb Code     6  results_holder.o(i.inv_get_acc_state)
    inv_get_accel_accuracy                   0x0800bc85   Thumb Code     6  data_builder.o(i.inv_get_accel_accuracy)
    inv_get_accel_on                         0x0800bc91   Thumb Code    12  data_builder.o(i.inv_get_accel_on)
    inv_get_accel_set                        0x0800bca1   Thumb Code    42  data_builder.o(i.inv_get_accel_set)
    inv_get_compass_correction               0x0800bcd1   Thumb Code    18  results_holder.o(i.inv_get_compass_correction)
    inv_get_compass_on                       0x0800bce9   Thumb Code    12  data_builder.o(i.inv_get_compass_on)
    inv_get_compass_set                      0x0800bcf9   Thumb Code    56  data_builder.o(i.inv_get_compass_set)
    inv_get_gravity                          0x0800bd39   Thumb Code    80  results_holder.o(i.inv_get_gravity)
    inv_get_gyro                             0x0800bd8d   Thumb Code    16  data_builder.o(i.inv_get_gyro)
    inv_get_gyro_accuracy                    0x0800bda1   Thumb Code     6  data_builder.o(i.inv_get_gyro_accuracy)
    inv_get_gyro_bias                        0x0800bdad   Thumb Code    34  data_builder.o(i.inv_get_gyro_bias)
    inv_get_gyro_bias_tc_set                 0x0800bdd9   Thumb Code    24  data_builder.o(i.inv_get_gyro_bias_tc_set)
    inv_get_gyro_on                          0x0800bdf5   Thumb Code    10  data_builder.o(i.inv_get_gyro_on)
    inv_get_gyro_set                         0x0800be05   Thumb Code    40  data_builder.o(i.inv_get_gyro_set)
    inv_get_gyro_sum_of_sqr                  0x0800be31   Thumb Code    24  ml_math_func.o(i.inv_get_gyro_sum_of_sqr)
    inv_get_last_timestamp                   0x0800be49   Thumb Code    66  data_builder.o(i.inv_get_last_timestamp)
    inv_get_linear_accel                     0x0800be91   Thumb Code    62  results_holder.o(i.inv_get_linear_accel)
    inv_get_local_field                      0x0800bed1   Thumb Code    16  results_holder.o(i.inv_get_local_field)
    inv_get_mag_accuracy                     0x0800bee5   Thumb Code    22  data_builder.o(i.inv_get_mag_accuracy)
    inv_get_motion_state                     0x0800bf05   Thumb Code    12  results_holder.o(i.inv_get_motion_state)
    inv_get_quaternion                       0x0800bf15   Thumb Code    44  results_holder.o(i.inv_get_quaternion)
    inv_get_quaternion_set                   0x0800bf45   Thumb Code    64  results_holder.o(i.inv_get_quaternion_set)
    inv_get_sensor_type_euler                0x0800bf85   Thumb Code   438  empl_outputs.o(i.inv_get_sensor_type_euler)
    inv_get_sensor_type_gyro                 0x0800c161   Thumb Code    22  empl_outputs.o(i.inv_get_sensor_type_gyro)
    inv_got_compass_bias                     0x0800c17d   Thumb Code     6  results_holder.o(i.inv_got_compass_bias)
    inv_gyro_was_turned_off                  0x0800c189   Thumb Code     8  data_builder.o(i.inv_gyro_was_turned_off)
    inv_init_biquad_filter                   0x0800c195   Thumb Code    38  ml_math_func.o(i.inv_init_biquad_filter)
    inv_init_data_builder                    0x0800c1c1   Thumb Code    44  data_builder.o(i.inv_init_data_builder)
    inv_init_hal_outputs                     0x0800c211   Thumb Code    44  hal_outputs.o(i.inv_init_hal_outputs)
    inv_init_mpl                             0x0800c245   Thumb Code    94  mpl.o(i.inv_init_mpl)
    inv_init_results_holder                  0x0800c2c5   Thumb Code    40  results_holder.o(i.inv_init_results_holder)
    inv_init_start_manager                   0x0800c2f5   Thumb Code    14  start_manager.o(i.inv_init_start_manager)
    inv_init_storage_manager                 0x0800c309   Thumb Code    20  storage_manager.o(i.inv_init_storage_manager)
    inv_orientation_matrix_to_scalar         0x0800c321   Thumb Code    36  ml_math_func.o(i.inv_orientation_matrix_to_scalar)
    inv_q29_mult                             0x0800c345   Thumb Code    12  ml_math_func.o(i.inv_q29_mult)
    inv_q30_mult                             0x0800c351   Thumb Code    12  ml_math_func.o(i.inv_q30_mult)
    inv_q_add                                0x0800c35d   Thumb Code    36  ml_math_func.o(i.inv_q_add)
    inv_q_addf                               0x0800c381   Thumb Code    66  ml_math_func.o(i.inv_q_addf)
    inv_q_invert                             0x0800c3c3   Thumb Code    24  ml_math_func.o(i.inv_q_invert)
    inv_q_invertf                            0x0800c3db   Thumb Code    46  ml_math_func.o(i.inv_q_invertf)
    inv_q_mult                               0x0800c409   Thumb Code   176  ml_math_func.o(i.inv_q_mult)
    inv_q_multf                              0x0800c4b9   Thumb Code   210  ml_math_func.o(i.inv_q_multf)
    inv_q_norm4                              0x0800c58d   Thumb Code   126  ml_math_func.o(i.inv_q_norm4)
    inv_q_normalizef                         0x0800c611   Thumb Code   174  ml_math_func.o(i.inv_q_normalizef)
    inv_q_rotate                             0x0800c6c5   Thumb Code    62  ml_math_func.o(i.inv_q_rotate)
    inv_quaternion_sensor_was_turned_off     0x0800c705   Thumb Code    10  data_builder.o(i.inv_quaternion_sensor_was_turned_off)
    inv_quaternion_to_rotation               0x0800c715   Thumb Code   218  ml_math_func.o(i.inv_quaternion_to_rotation)
    inv_register_data_cb                     0x0800c7f1   Thumb Code   164  data_builder.o(i.inv_register_data_cb)
    inv_register_load_store                  0x0800c8a1   Thumb Code   104  storage_manager.o(i.inv_register_load_store)
    inv_register_mpl_start_notification      0x0800c90d   Thumb Code    28  start_manager.o(i.inv_register_mpl_start_notification)
    inv_reset_compass_soft_iron_matrix       0x0800c92d   Thumb Code    68  data_builder.o(i.inv_reset_compass_soft_iron_matrix)
    inv_set_accel_orientation_and_scale      0x0800c9c5   Thumb Code    10  data_builder.o(i.inv_set_accel_orientation_and_scale)
    inv_set_accel_sample_rate                0x0800c9d5   Thumb Code    34  data_builder.o(i.inv_set_accel_sample_rate)
    inv_set_compass_bias_found               0x0800ca01   Thumb Code     6  results_holder.o(i.inv_set_compass_bias_found)
    inv_set_compass_correction               0x0800ca0d   Thumb Code    30  results_holder.o(i.inv_set_compass_correction)
    inv_set_compass_disturbance              0x0800ca31   Thumb Code     8  data_builder.o(i.inv_set_compass_disturbance)
    inv_set_gyro_bias                        0x0800cad1   Thumb Code    90  data_builder.o(i.inv_set_gyro_bias)
    inv_set_gyro_orientation_and_scale       0x0800cb31   Thumb Code    10  data_builder.o(i.inv_set_gyro_orientation_and_scale)
    inv_set_gyro_sample_rate                 0x0800cb41   Thumb Code    30  data_builder.o(i.inv_set_gyro_sample_rate)
    inv_set_message                          0x0800cb69   Thumb Code    16  message_layer.o(i.inv_set_message)
    inv_set_motion_state                     0x0800cb7d   Thumb Code    52  results_holder.o(i.inv_set_motion_state)
    inv_start_hal_outputs                    0x0800cbc5   Thumb Code    12  hal_outputs.o(i.inv_start_hal_outputs)
    inv_start_mpl                            0x0800cbd5   Thumb Code    34  mpl.o(i.inv_start_mpl)
    inv_start_results_holder                 0x0800cc19   Thumb Code    18  results_holder.o(i.inv_start_results_holder)
    inv_store_gaming_quaternion              0x0800cc31   Thumb Code    30  results_holder.o(i.inv_store_gaming_quaternion)
    inv_unregister_data_cb                   0x0800cc55   Thumb Code    86  data_builder.o(i.inv_unregister_data_cb)
    inv_unregister_mpl_start_notification    0x0800ccb1   Thumb Code    70  start_manager.o(i.inv_unregister_mpl_start_notification)
    main                                     0x0800ccfd   Thumb Code   414  main.o(i.main)
    mpu_configure_fifo                       0x0800cee5   Thumb Code    90  inv_mpu.o(i.mpu_configure_fifo)
    mpu_get_accel_fsr                        0x0800cf45   Thumb Code    62  inv_mpu.o(i.mpu_get_accel_fsr)
    mpu_get_fifo_config                      0x0800cf89   Thumb Code    10  inv_mpu.o(i.mpu_get_fifo_config)
    mpu_get_gyro_fsr                         0x0800cf99   Thumb Code    58  inv_mpu.o(i.mpu_get_gyro_fsr)
    mpu_get_lpf                              0x0800cfd9   Thumb Code    64  inv_mpu.o(i.mpu_get_lpf)
    mpu_get_sample_rate                      0x0800d01d   Thumb Code    24  inv_mpu.o(i.mpu_get_sample_rate)
    mpu_get_temperature                      0x0800d039   Thumb Code   134  inv_mpu.o(i.mpu_get_temperature)
    mpu_init                                 0x0800d0cd   Thumb Code   206  inv_mpu.o(i.mpu_init)
    mpu_load_firmware                        0x0800d1a1   Thumb Code   174  inv_mpu.o(i.mpu_load_firmware)
    mpu_lp_accel_mode                        0x0800d255   Thumb Code   204  inv_mpu.o(i.mpu_lp_accel_mode)
    mpu_lp_motion_interrupt                  0x0800d325   Thumb Code   182  inv_mpu.o(i.mpu_lp_motion_interrupt)
    mpu_read_fifo_stream                     0x0800d3e1   Thumb Code   166  inv_mpu.o(i.mpu_read_fifo_stream)
    mpu_read_mem                             0x0800d48d   Thumb Code   106  inv_mpu.o(i.mpu_read_mem)
    mpu_reset_fifo                           0x0800d4fd   Thumb Code   360  inv_mpu.o(i.mpu_reset_fifo)
    mpu_set_accel_fsr                        0x0800d669   Thumb Code   110  inv_mpu.o(i.mpu_set_accel_fsr)
    mpu_set_bypass                           0x0800d6dd   Thumb Code   276  inv_mpu.o(i.mpu_set_bypass)
    mpu_set_dmp_state                        0x0800d7f5   Thumb Code   118  inv_mpu.o(i.mpu_set_dmp_state)
    mpu_set_gyro_fsr                         0x0800d871   Thumb Code   116  inv_mpu.o(i.mpu_set_gyro_fsr)
    mpu_set_int_latched                      0x0800d8e9   Thumb Code    92  inv_mpu.o(i.mpu_set_int_latched)
    mpu_set_lpf                              0x0800d949   Thumb Code   118  inv_mpu.o(i.mpu_set_lpf)
    mpu_set_sample_rate                      0x0800d9c5   Thumb Code   126  inv_mpu.o(i.mpu_set_sample_rate)
    mpu_set_sensors                          0x0800da49   Thumb Code   172  inv_mpu.o(i.mpu_set_sensors)
    mpu_write_mem                            0x0800daf9   Thumb Code   106  inv_mpu.o(i.mpu_write_mem)
    output                                   0x0800db69   Thumb Code   800  control.o(i.output)
    ov7670_Init                              0x0800ded1   Thumb Code    90  ov7670_set .o(i.ov7670_Init)
    set_sensor_orientation_and_scale         0x0800dfcd   Thumb Code     6  data_builder.o(i.set_sensor_orientation_and_scale)
    sinf                                     0x0800dfd3   Thumb Code    16  sinf.o(i.sinf)
    sqrt                                     0x0800dfe3   Thumb Code   110  sqrt.o(i.sqrt)
    sqrtf                                    0x0800e051   Thumb Code    62  sqrtf.o(i.sqrtf)
    turn_pid                                 0x0800e091   Thumb Code   258  control.o(i.turn_pid)
    velocity_pid                             0x0800e1b5   Thumb Code   410  control.o(i.velocity_pid)
    word_to_double                           0x0800e38d   Thumb Code   156  main.o(i.word_to_double)
    AHBPrescTable                            0x0800e450   Data          16  system_stm32f4xx.o(.constdata)
    APBPrescTable                            0x0800e460   Data           8  system_stm32f4xx.o(.constdata)
    reg                                      0x0800f05e   Data          30  inv_mpu.o(.constdata)
    hw                                       0x0800f07c   Data          12  inv_mpu.o(.constdata)
    test                                     0x0800f088   Data          40  inv_mpu.o(.constdata)
    ml_ver                                   0x0800f0b0   Data          20  mpl.o(.constdata)
    __mathlib_zero                           0x0800f168   Data           8  qnan.o(.constdata)
    Region$$Table$$Base                      0x0800f2a0   Number         0  anon$$obj.o(Region$$Table)
    Region$$Table$$Limit                     0x0800f2c0   Number         0  anon$$obj.o(Region$$Table)
    mpl_key                                  0x20000000   Data           4  mpu6050.o(.data)
    gyro_pdata                               0x2000000c   Data           9  mpu6050.o(.data)
    flag_left                                0x20000018   Data           1  control.o(.data)
    flag_right                               0x20000019   Data           1  control.o(.data)
    flag_fore                                0x2000001a   Data           1  control.o(.data)
    flag_back                                0x2000001b   Data           1  control.o(.data)
    flag_speed                               0x2000001c   Data           1  control.o(.data)
    TURN_ON                                  0x2000001d   Data           1  control.o(.data)
    Moto1_pwm                                0x20000024   Data           4  control.o(.data)
    Moto2_pwm                                0x20000028   Data           4  control.o(.data)
    balance_kp                               0x2000002c   Data           4  control.o(.data)
    balance_kd                               0x20000030   Data           4  control.o(.data)
    velocity_kp                              0x20000034   Data           4  control.o(.data)
    velocity_ki                              0x20000038   Data           4  control.o(.data)
    turn_kp                                  0x2000003c   Data           4  control.o(.data)
    turn_kd                                  0x20000040   Data           4  control.o(.data)
    target_speed                             0x20000044   Data           4  control.o(.data)
    target_movement                          0x20000048   Data           4  control.o(.data)
    speed_integral                           0x2000004c   Data           4  control.o(.data)
    Mechanical_balance                       0x20000050   Data           4  control.o(.data)
    angle_now                                0x20000054   Data           4  control.o(.data)
    last_target_speed                        0x20000058   Data           4  control.o(.data)
    last_vkp                                 0x2000005c   Data           4  control.o(.data)
    actural_target_speed                     0x20000074   Data           4  control.o(.data)
    actural_vkp                              0x20000078   Data           4  control.o(.data)
    flag_movement                            0x2000007c   Data           1  control.o(.data)
    nexttemp                                 0x20000080   Data           1  main.o(.data)
    FLAG_MAIN_INITIAL                        0x20000081   Data           1  main.o(.data)
    FLAG_IMAGE_TRANSMITING                   0x20000082   Data           1  main.o(.data)
    FLAG_IMAGE_RGB                           0x20000083   Data           1  main.o(.data)
    FLAG_IMAGE_BIN                           0x20000084   Data           1  main.o(.data)
    temp0                                    0x20000085   Data           1  main.o(.data)
    temp1                                    0x20000086   Data           1  main.o(.data)
    UART_OVER_FLAG                           0x20000087   Data           1  main.o(.data)
    DCMI_OVER_FLAG                           0x20000088   Data           1  main.o(.data)
    num                                      0x2000008c   Data           4  main.o(.data)
    dma                                      0x20000094   Data           8  main.o(.data)
    Pic_Time                                 0x2000009c   Data           4  stm32f4xx_it.o(.data)
    Reg_set                                  0x200000a0   Data         224  ov7670_set .o(.data)
    uwTickFreq                               0x20000180   Data           1  stm32f4xx_hal.o(.data)
    uwTickPrio                               0x20000184   Data           4  stm32f4xx_hal.o(.data)
    uwTick                                   0x20000188   Data           4  stm32f4xx_hal.o(.data)
    SystemCoreClock                          0x2000018c   Data           4  system_stm32f4xx.o(.data)
    compass_low_pass_filter_coeff            0x200001bc   Data          20  hal_outputs.o(.data)
    __stdout                                 0x200001d4   Data           4  stdout.o(.data)
    hal                                      0x200001dc   Data          36  mpu6050.o(.bss)
    Encoder_1                                0x20000200   Data          12  encoder.o(.bss)
    Encoder_2                                0x2000020c   Data          12  encoder.o(.bss)
    uart_rx                                  0x20000218   Data          55  main.o(.bss)
    rec                                      0x2000024f   Data       32000  main.o(.bss)
    rec_b_buffer                             0x20007f4f   Data        4000  main.o(.bss)
    hdcmi                                    0x20008ef0   Data          64  dcmi.o(.bss)
    hdma_dcmi                                0x20008f30   Data          96  dcmi.o(.bss)
    hdma_memtomem_dma2_stream0               0x20008f90   Data          96  dma.o(.bss)
    hi2c1                                    0x20008ff0   Data          84  i2c.o(.bss)
    hi2s3                                    0x20009044   Data          72  i2s.o(.bss)
    hdma_spi3_rx                             0x2000908c   Data          96  i2s.o(.bss)
    htim2                                    0x200090ec   Data          72  tim.o(.bss)
    htim3                                    0x20009134   Data          72  tim.o(.bss)
    htim4                                    0x2000917c   Data          72  tim.o(.bss)
    htim5                                    0x200091c4   Data          72  tim.o(.bss)
    huart3                                   0x2000920c   Data          68  usart.o(.bss)
    hdma_usart3_tx                           0x20009250   Data          96  usart.o(.bss)
    sensors                                  0x20009428   Data         408  data_builder.o(.bss)
    fnm                                      0x200098f8   Data         608  fast_no_motion.o(.bss)
    s9axis                                   0x20009b98   Data         312  fusion_9axis.o(.bss)
    mag_disturb                              0x20009f00   Data         184  mag_disturb.o(.bss)
    __initial_sp                             0x2000a3b8   Data           0  startup_stm32f407xx.o(STACK)



==============================================================================

Memory Map of the image

  Image Entry point : 0x08000189

  Load Region LR_IROM1 (Base: 0x08000000, Size: 0x0000f49c, Max: 0x00080000, ABSOLUTE, COMPRESSED[0x0000f3f8])

    Execution Region ER_IROM1 (Exec base: 0x08000000, Load base: 0x08000000, Size: 0x0000f2c0, Max: 0x00080000, ABSOLUTE)

    Exec Addr    Load Addr    Size         Type   Attr      Idx    E Section Name        Object

    0x08000000   0x08000000   0x00000188   Data   RO            3    RESET               startup_stm32f407xx.o
    0x08000188   0x08000188   0x00000000   Code   RO         7180  * .ARM.Collect$$$$00000000  mc_w.l(entry.o)
    0x08000188   0x08000188   0x00000004   Code   RO         7564    .ARM.Collect$$$$00000001  mc_w.l(entry2.o)
    0x0800018c   0x0800018c   0x00000004   Code   RO         7567    .ARM.Collect$$$$00000004  mc_w.l(entry5.o)
    0x08000190   0x08000190   0x00000000   Code   RO         7569    .ARM.Collect$$$$00000008  mc_w.l(entry7b.o)
    0x08000190   0x08000190   0x00000000   Code   RO         7571    .ARM.Collect$$$$0000000A  mc_w.l(entry8b.o)
    0x08000190   0x08000190   0x00000008   Code   RO         7572    .ARM.Collect$$$$0000000B  mc_w.l(entry9a.o)
    0x08000198   0x08000198   0x00000004   Code   RO         7579    .ARM.Collect$$$$0000000E  mc_w.l(entry12b.o)
    0x0800019c   0x0800019c   0x00000000   Code   RO         7574    .ARM.Collect$$$$0000000F  mc_w.l(entry10a.o)
    0x0800019c   0x0800019c   0x00000000   Code   RO         7576    .ARM.Collect$$$$00000011  mc_w.l(entry11a.o)
    0x0800019c   0x0800019c   0x00000004   Code   RO         7565    .ARM.Collect$$$$00002712  mc_w.l(entry2.o)
    0x080001a0   0x080001a0   0x00000024   Code   RO            4    .text               startup_stm32f407xx.o
    0x080001c4   0x080001c4   0x000009f4   Code   RO         6795    .text               libmpllib.lib(fast_no_motion.o)
    0x08000bb8   0x08000bb8   0x0000065c   Code   RO         6886    .text               libmpllib.lib(fusion_9axis.o)
    0x08001214   0x08001214   0x000004bc   Code   RO         6911    .text               libmpllib.lib(gyro_tc.o)
    0x080016d0   0x080016d0   0x00000940   Code   RO         6932    .text               libmpllib.lib(quaternion_supervisor.o)
    0x08002010   0x08002010   0x00000550   Code   RO         6950    .text               libmpllib.lib(mag_disturb.o)
    0x08002560   0x08002560   0x00000062   Code   RO         7183    .text               mc_w.l(uldiv.o)
    0x080025c2   0x080025c2   0x00000062   Code   RO         7185    .text               mc_w.l(ldiv.o)
    0x08002624   0x08002624   0x0000001e   Code   RO         7187    .text               mc_w.l(llshl.o)
    0x08002642   0x08002642   0x00000024   Code   RO         7189    .text               mc_w.l(llsshr.o)
    0x08002666   0x08002666   0x00000040   Code   RO         7193    .text               mc_w.l(memmovea.o)
    0x080026a6   0x080026a6   0x00000024   Code   RO         7195    .text               mc_w.l(memseta.o)
    0x080026ca   0x080026ca   0x0000001a   Code   RO         7197    .text               mc_w.l(memcmp.o)
    0x080026e4   0x080026e4   0x000000b0   Code   RO         7464    .text               mf_w.l(fadd.o)
    0x08002794   0x08002794   0x00000064   Code   RO         7466    .text               mf_w.l(fmul.o)
    0x080027f8   0x080027f8   0x0000007c   Code   RO         7468    .text               mf_w.l(fdiv.o)
    0x08002874   0x08002874   0x00000018   Code   RO         7470    .text               mf_w.l(fscalb.o)
    0x0800288c   0x0800288c   0x0000014e   Code   RO         7472    .text               mf_w.l(dadd.o)
    0x080029da   0x080029da   0x000000e4   Code   RO         7474    .text               mf_w.l(dmul.o)
    0x08002abe   0x08002abe   0x000000de   Code   RO         7476    .text               mf_w.l(ddiv.o)
    0x08002b9c   0x08002b9c   0x0000002e   Code   RO         7480    .text               mf_w.l(dscalb.o)
    0x08002bca   0x08002bca   0x00000012   Code   RO         7482    .text               mf_w.l(fflti.o)
    0x08002bdc   0x08002bdc   0x0000000a   Code   RO         7484    .text               mf_w.l(ffltui.o)
    0x08002be6   0x08002be6   0x0000002c   Code   RO         7486    .text               mf_w.l(ffltl.o)
    0x08002c12   0x08002c12   0x00000022   Code   RO         7488    .text               mf_w.l(dflti.o)
    0x08002c34   0x08002c34   0x00000032   Code   RO         7492    .text               mf_w.l(ffixi.o)
    0x08002c66   0x08002c66   0x00000042   Code   RO         7494    .text               mf_w.l(ffixl.o)
    0x08002ca8   0x08002ca8   0x0000003e   Code   RO         7496    .text               mf_w.l(dfixi.o)
    0x08002ce6   0x08002ce6   0x00000026   Code   RO         7500    .text               mf_w.l(f2d.o)
    0x08002d0c   0x08002d0c   0x00000030   Code   RO         7504    .text               mf_w.l(cdrcmple.o)
    0x08002d3c   0x08002d3c   0x00000038   Code   RO         7506    .text               mf_w.l(d2f.o)
    0x08002d74   0x08002d74   0x00000014   Code   RO         7508    .text               mf_w.l(cfcmple.o)
    0x08002d88   0x08002d88   0x00000014   Code   RO         7510    .text               mf_w.l(cfrcmple.o)
    0x08002d9c   0x08002d9c   0x0000002c   Code   RO         7581    .text               mc_w.l(uidiv.o)
    0x08002dc8   0x08002dc8   0x00000020   Code   RO         7583    .text               mc_w.l(llushr.o)
    0x08002de8   0x08002de8   0x00000000   Code   RO         7592    .text               mc_w.l(iusefp.o)
    0x08002de8   0x08002de8   0x0000006e   Code   RO         7593    .text               mf_w.l(fepilogue.o)
    0x08002e56   0x08002e56   0x000000ba   Code   RO         7595    .text               mf_w.l(depilogue.o)
    0x08002f10   0x08002f10   0x000000a2   Code   RO         7597    .text               mf_w.l(dsqrt.o)
    0x08002fb2   0x08002fb2   0x00000030   Code   RO         7599    .text               mf_w.l(dfixul.o)
    0x08002fe2   0x08002fe2   0x00000002   PAD
    0x08002fe4   0x08002fe4   0x00000024   Code   RO         7601    .text               mc_w.l(init.o)
    0x08003008   0x08003008   0x0000003a   Code   RO         7611    .text               mc_w.l(__dczerorl.o)
    0x08003042   0x08003042   0x00000002   Code   RO          968    i.BusFault_Handler  stm32f4xx_it.o
    0x08003044   0x08003044   0x00000018   Code   RO         1371    i.DCMI_DMAError     stm32f4xx_hal_dcmi.o
    0x0800305c   0x0800305c   0x00000092   Code   RO         1372    i.DCMI_DMAXferCplt  stm32f4xx_hal_dcmi.o
    0x080030ee   0x080030ee   0x00000002   PAD
    0x080030f0   0x080030f0   0x0000000c   Code   RO          969    i.DCMI_IRQHandler   stm32f4xx_it.o
    0x080030fc   0x080030fc   0x0000000c   Code   RO          970    i.DMA1_Stream0_IRQHandler  stm32f4xx_it.o
    0x08003108   0x08003108   0x0000000c   Code   RO          971    i.DMA1_Stream3_IRQHandler  stm32f4xx_it.o
    0x08003114   0x08003114   0x0000000c   Code   RO          972    i.DMA2_Stream0_IRQHandler  stm32f4xx_it.o
    0x08003120   0x08003120   0x00000030   Code   RO          973    i.DMA2_Stream1_IRQHandler  stm32f4xx_it.o
    0x08003150   0x08003150   0x0000002c   Code   RO         2041    i.DMA_CalcBaseAndBitshift  stm32f4xx_hal_dma.o
    0x0800317c   0x0800317c   0x00000078   Code   RO         2042    i.DMA_CheckFifoParam  stm32f4xx_hal_dma.o
    0x080031f4   0x080031f4   0x00000020   Code   RO         2000    i.DMA_MultiBufferSetConfig  stm32f4xx_hal_dma_ex.o
    0x08003214   0x08003214   0x0000002a   Code   RO         2043    i.DMA_SetConfig     stm32f4xx_hal_dma.o
    0x0800323e   0x0800323e   0x00000002   PAD
    0x08003240   0x08003240   0x00000028   Code   RO         1200    i.DWT_Delay_us      sccb.o
    0x08003268   0x08003268   0x00000002   Code   RO          974    i.DebugMon_Handler  stm32f4xx_it.o
    0x0800326a   0x0800326a   0x00000010   Code   RO          975    i.EXTI9_5_IRQHandler  stm32f4xx_it.o
    0x0800327a   0x0800327a   0x00000002   PAD
    0x0800327c   0x0800327c   0x00000058   Code   RO          459    i.Encoder_1msPolling  encoder.o
    0x080032d4   0x080032d4   0x00000006   Code   RO          461    i.Encoder_GetSpeed  encoder.o
    0x080032da   0x080032da   0x0000000a   Code   RO          462    i.Encoder_Init      encoder.o
    0x080032e4   0x080032e4   0x00000004   Code   RO          568    i.Error_Handler     main.o
    0x080032e8   0x080032e8   0x00000002   Code   RO         1378    i.HAL_DCMI_ErrorCallback  stm32f4xx_hal_dcmi.o
    0x080032ea   0x080032ea   0x00000002   Code   RO         1379    i.HAL_DCMI_FrameEventCallback  stm32f4xx_hal_dcmi.o
    0x080032ec   0x080032ec   0x00000098   Code   RO         1382    i.HAL_DCMI_IRQHandler  stm32f4xx_hal_dcmi.o
    0x08003384   0x08003384   0x0000008e   Code   RO         1513    i.HAL_DCMI_Init     stm32f4xx_hal_dcmi_ex.o
    0x08003412   0x08003412   0x00000002   Code   RO         1384    i.HAL_DCMI_LineEventCallback  stm32f4xx_hal_dcmi.o
    0x08003414   0x08003414   0x00000174   Code   RO          696    i.HAL_DCMI_MspInit  dcmi.o
    0x08003588   0x08003588   0x000000b8   Code   RO         1388    i.HAL_DCMI_Start_DMA  stm32f4xx_hal_dcmi.o
    0x08003640   0x08003640   0x00000074   Code   RO         1389    i.HAL_DCMI_Stop     stm32f4xx_hal_dcmi.o
    0x080036b4   0x080036b4   0x00000002   Code   RO         1391    i.HAL_DCMI_VsyncEventCallback  stm32f4xx_hal_dcmi.o
    0x080036b6   0x080036b6   0x00000010   Code   RO         2001    i.HAL_DMAEx_ChangeMemory  stm32f4xx_hal_dma_ex.o
    0x080036c6   0x080036c6   0x00000002   PAD
    0x080036c8   0x080036c8   0x00000b08   Code   RO         2003    i.HAL_DMAEx_MultiBufferStart_IT  stm32f4xx_hal_dma_ex.o
    0x080041d0   0x080041d0   0x0000008e   Code   RO         2044    i.HAL_DMA_Abort     stm32f4xx_hal_dma.o
    0x0800425e   0x0800425e   0x00000024   Code   RO         2045    i.HAL_DMA_Abort_IT  stm32f4xx_hal_dma.o
    0x08004282   0x08004282   0x00000006   Code   RO         2048    i.HAL_DMA_GetState  stm32f4xx_hal_dma.o
    0x08004288   0x08004288   0x000001d0   Code   RO         2049    i.HAL_DMA_IRQHandler  stm32f4xx_hal_dma.o
    0x08004458   0x08004458   0x000000d4   Code   RO         2050    i.HAL_DMA_Init      stm32f4xx_hal_dma.o
    0x0800452c   0x0800452c   0x0000006e   Code   RO         2054    i.HAL_DMA_Start_IT  stm32f4xx_hal_dma.o
    0x0800459a   0x0800459a   0x00000002   PAD
    0x0800459c   0x0800459c   0x00000024   Code   RO         2463    i.HAL_Delay         stm32f4xx_hal.o
    0x080045c0   0x080045c0   0x00000002   Code   RO         1935    i.HAL_GPIO_EXTI_Callback  stm32f4xx_hal_gpio.o
    0x080045c2   0x080045c2   0x00000002   PAD
    0x080045c4   0x080045c4   0x00000018   Code   RO         1936    i.HAL_GPIO_EXTI_IRQHandler  stm32f4xx_hal_gpio.o
    0x080045dc   0x080045dc   0x000001d0   Code   RO         1937    i.HAL_GPIO_Init     stm32f4xx_hal_gpio.o
    0x080047ac   0x080047ac   0x0000000e   Code   RO         1939    i.HAL_GPIO_ReadPin  stm32f4xx_hal_gpio.o
    0x080047ba   0x080047ba   0x0000000e   Code   RO         1941    i.HAL_GPIO_WritePin  stm32f4xx_hal_gpio.o
    0x080047c8   0x080047c8   0x0000000c   Code   RO         2469    i.HAL_GetTick       stm32f4xx_hal.o
    0x080047d4   0x080047d4   0x00000002   Code   RO         2714    i.HAL_I2C_AbortCpltCallback  stm32f4xx_hal_i2c.o
    0x080047d6   0x080047d6   0x00000002   Code   RO         2715    i.HAL_I2C_AddrCallback  stm32f4xx_hal_i2c.o
    0x080047d8   0x080047d8   0x000000ba   Code   RO         2718    i.HAL_I2C_ER_IRQHandler  stm32f4xx_hal_i2c.o
    0x08004892   0x08004892   0x0000019c   Code   RO         2719    i.HAL_I2C_EV_IRQHandler  stm32f4xx_hal_i2c.o
    0x08004a2e   0x08004a2e   0x00000002   Code   RO         2721    i.HAL_I2C_ErrorCallback  stm32f4xx_hal_i2c.o
    0x08004a30   0x08004a30   0x00000002   Code   RO         2727    i.HAL_I2C_ListenCpltCallback  stm32f4xx_hal_i2c.o
    0x08004a32   0x08004a32   0x00000002   Code   RO         2728    i.HAL_I2C_MasterRxCpltCallback  stm32f4xx_hal_i2c.o
    0x08004a34   0x08004a34   0x00000002   Code   RO         2729    i.HAL_I2C_MasterTxCpltCallback  stm32f4xx_hal_i2c.o
    0x08004a36   0x08004a36   0x00000002   Code   RO         2741    i.HAL_I2C_MemRxCpltCallback  stm32f4xx_hal_i2c.o
    0x08004a38   0x08004a38   0x00000002   Code   RO         2742    i.HAL_I2C_MemTxCpltCallback  stm32f4xx_hal_i2c.o
    0x08004a3a   0x08004a3a   0x00000002   Code   RO         2751    i.HAL_I2C_SlaveRxCpltCallback  stm32f4xx_hal_i2c.o
    0x08004a3c   0x08004a3c   0x00000002   Code   RO         2752    i.HAL_I2C_SlaveTxCpltCallback  stm32f4xx_hal_i2c.o
    0x08004a3e   0x08004a3e   0x00000002   PAD
    0x08004a40   0x08004a40   0x000001bc   Code   RO         3393    i.HAL_I2SEx_FullDuplex_IRQHandler  stm32f4xx_hal_i2s_ex.o
    0x08004bfc   0x08004bfc   0x00000002   Code   RO         3397    i.HAL_I2SEx_TxRxCpltCallback  stm32f4xx_hal_i2s_ex.o
    0x08004bfe   0x08004bfe   0x00000002   Code   RO         3208    i.HAL_I2S_ErrorCallback  stm32f4xx_hal_i2s.o
    0x08004c00   0x08004c00   0x00000194   Code   RO         3212    i.HAL_I2S_Init      stm32f4xx_hal_i2s.o
    0x08004d94   0x08004d94   0x00000114   Code   RO          807    i.HAL_I2S_MspInit   i2s.o
    0x08004ea8   0x08004ea8   0x00000080   Code   RO          569    i.HAL_I2S_RxCpltCallback  main.o
    0x08004f28   0x08004f28   0x00000002   Code   RO         3223    i.HAL_I2S_TxCpltCallback  stm32f4xx_hal_i2s.o
    0x08004f2a   0x08004f2a   0x00000002   PAD
    0x08004f2c   0x08004f2c   0x00000010   Code   RO         2475    i.HAL_IncTick       stm32f4xx_hal.o
    0x08004f3c   0x08004f3c   0x00000034   Code   RO         2476    i.HAL_Init          stm32f4xx_hal.o
    0x08004f70   0x08004f70   0x00000044   Code   RO         2477    i.HAL_InitTick      stm32f4xx_hal.o
    0x08004fb4   0x08004fb4   0x00000030   Code   RO         1103    i.HAL_MspInit       stm32f4xx_hal_msp.o
    0x08004fe4   0x08004fe4   0x0000001a   Code   RO         2326    i.HAL_NVIC_EnableIRQ  stm32f4xx_hal_cortex.o
    0x08004ffe   0x08004ffe   0x00000002   PAD
    0x08005000   0x08005000   0x00000040   Code   RO         2332    i.HAL_NVIC_SetPriority  stm32f4xx_hal_cortex.o
    0x08005040   0x08005040   0x00000024   Code   RO         2333    i.HAL_NVIC_SetPriorityGrouping  stm32f4xx_hal_cortex.o
    0x08005064   0x08005064   0x00000068   Code   RO         1642    i.HAL_RCCEx_GetPeriphCLKFreq  stm32f4xx_hal_rcc_ex.o
    0x080050cc   0x080050cc   0x00000148   Code   RO         1643    i.HAL_RCCEx_PeriphCLKConfig  stm32f4xx_hal_rcc_ex.o
    0x08005214   0x08005214   0x0000014c   Code   RO         1538    i.HAL_RCC_ClockConfig  stm32f4xx_hal_rcc.o
    0x08005360   0x08005360   0x0000000c   Code   RO         1543    i.HAL_RCC_GetHCLKFreq  stm32f4xx_hal_rcc.o
    0x0800536c   0x0800536c   0x00000020   Code   RO         1545    i.HAL_RCC_GetPCLK1Freq  stm32f4xx_hal_rcc.o
    0x0800538c   0x0800538c   0x00000020   Code   RO         1546    i.HAL_RCC_GetPCLK2Freq  stm32f4xx_hal_rcc.o
    0x080053ac   0x080053ac   0x0000006c   Code   RO         1547    i.HAL_RCC_GetSysClockFreq  stm32f4xx_hal_rcc.o
    0x08005418   0x08005418   0x00000090   Code   RO         1548    i.HAL_RCC_MCOConfig  stm32f4xx_hal_rcc.o
    0x080054a8   0x080054a8   0x000003c0   Code   RO         1550    i.HAL_RCC_OscConfig  stm32f4xx_hal_rcc.o
    0x08005868   0x08005868   0x00000028   Code   RO         2337    i.HAL_SYSTICK_Config  stm32f4xx_hal_cortex.o
    0x08005890   0x08005890   0x00000090   Code   RO         4223    i.HAL_TIMEx_MasterConfigSynchronization  stm32f4xx_hal_tim_ex.o
    0x08005920   0x08005920   0x000000b4   Code   RO         3510    i.HAL_TIM_Encoder_Init  stm32f4xx_hal_tim.o
    0x080059d4   0x080059d4   0x000000ac   Code   RO          849    i.HAL_TIM_Encoder_MspInit  tim.o
    0x08005a80   0x08005a80   0x000000a8   Code   RO         3513    i.HAL_TIM_Encoder_Start  stm32f4xx_hal_tim.o
    0x08005b28   0x08005b28   0x0000007c   Code   RO          850    i.HAL_TIM_MspPostInit  tim.o
    0x08005ba4   0x08005ba4   0x000000d8   Code   RO         3561    i.HAL_TIM_PWM_ConfigChannel  stm32f4xx_hal_tim.o
    0x08005c7c   0x08005c7c   0x0000004a   Code   RO         3564    i.HAL_TIM_PWM_Init  stm32f4xx_hal_tim.o
    0x08005cc6   0x08005cc6   0x00000002   PAD
    0x08005cc8   0x08005cc8   0x00000040   Code   RO          852    i.HAL_TIM_PWM_MspInit  tim.o
    0x08005d08   0x08005d08   0x000000dc   Code   RO         3569    i.HAL_TIM_PWM_Start  stm32f4xx_hal_tim.o
    0x08005de4   0x08005de4   0x00000002   Code   RO         4482    i.HAL_UARTEx_RxEventCallback  stm32f4xx_hal_uart.o
    0x08005de6   0x08005de6   0x00000002   Code   RO         4496    i.HAL_UART_ErrorCallback  stm32f4xx_hal_uart.o
    0x08005de8   0x08005de8   0x00000228   Code   RO         4499    i.HAL_UART_IRQHandler  stm32f4xx_hal_uart.o
    0x08006010   0x08006010   0x00000064   Code   RO         4500    i.HAL_UART_Init     stm32f4xx_hal_uart.o
    0x08006074   0x08006074   0x000000d8   Code   RO          927    i.HAL_UART_MspInit  usart.o
    0x0800614c   0x0800614c   0x0000002e   Code   RO         4505    i.HAL_UART_Receive_IT  stm32f4xx_hal_uart.o
    0x0800617a   0x0800617a   0x00000002   PAD
    0x0800617c   0x0800617c   0x00000360   Code   RO          570    i.HAL_UART_RxCpltCallback  main.o
    0x080064dc   0x080064dc   0x000000be   Code   RO         4508    i.HAL_UART_Transmit  stm32f4xx_hal_uart.o
    0x0800659a   0x0800659a   0x00000002   PAD
    0x0800659c   0x0800659c   0x00000094   Code   RO         4509    i.HAL_UART_Transmit_DMA  stm32f4xx_hal_uart.o
    0x08006630   0x08006630   0x00000002   Code   RO         4511    i.HAL_UART_TxCpltCallback  stm32f4xx_hal_uart.o
    0x08006632   0x08006632   0x00000002   Code   RO         4512    i.HAL_UART_TxHalfCpltCallback  stm32f4xx_hal_uart.o
    0x08006634   0x08006634   0x00000002   Code   RO          976    i.HardFault_Handler  stm32f4xx_it.o
    0x08006636   0x08006636   0x00000002   PAD
    0x08006638   0x08006638   0x0000000c   Code   RO          977    i.I2C1_ER_IRQHandler  stm32f4xx_it.o
    0x08006644   0x08006644   0x0000000c   Code   RO          978    i.I2C1_EV_IRQHandler  stm32f4xx_it.o
    0x08006650   0x08006650   0x0000001c   Code   RO         2763    i.I2C_ConvertOtherXferOptions  stm32f4xx_hal_i2c.o
    0x0800666c   0x0800666c   0x000000bc   Code   RO         2764    i.I2C_DMAAbort      stm32f4xx_hal_i2c.o
    0x08006728   0x08006728   0x0000000a   Code   RO           13    i.I2C_Delay         mpu6050_i2c.o
    0x08006732   0x08006732   0x00000002   PAD
    0x08006734   0x08006734   0x00000038   Code   RO           14    i.I2C_End           mpu6050_i2c.o
    0x0800676c   0x0800676c   0x0000015c   Code   RO         2767    i.I2C_ITError       stm32f4xx_hal_i2c.o
    0x080068c8   0x080068c8   0x00000100   Code   RO         2769    i.I2C_MasterReceive_BTF  stm32f4xx_hal_i2c.o
    0x080069c8   0x080069c8   0x000000d2   Code   RO         2770    i.I2C_MasterReceive_RXNE  stm32f4xx_hal_i2c.o
    0x08006a9a   0x08006a9a   0x0000008a   Code   RO         2773    i.I2C_MasterTransmit_BTF  stm32f4xx_hal_i2c.o
    0x08006b24   0x08006b24   0x000000be   Code   RO         2774    i.I2C_MasterTransmit_TXE  stm32f4xx_hal_i2c.o
    0x08006be2   0x08006be2   0x0000002a   Code   RO         2775    i.I2C_Master_ADD10  stm32f4xx_hal_i2c.o
    0x08006c0c   0x08006c0c   0x00000194   Code   RO         2776    i.I2C_Master_ADDR   stm32f4xx_hal_i2c.o
    0x08006da0   0x08006da0   0x000000a0   Code   RO         2777    i.I2C_Master_SB     stm32f4xx_hal_i2c.o
    0x08006e40   0x08006e40   0x000000b6   Code   RO         2778    i.I2C_MemoryTransmit_TXE_BTF  stm32f4xx_hal_i2c.o
    0x08006ef6   0x08006ef6   0x00000002   PAD
    0x08006ef8   0x08006ef8   0x00000060   Code   RO           15    i.I2C_ReadByte      mpu6050_i2c.o
    0x08006f58   0x08006f58   0x0000005c   Code   RO           16    i.I2C_SendByte      mpu6050_i2c.o
    0x08006fb4   0x08006fb4   0x0000001c   Code   RO         2781    i.I2C_SlaveReceive_BTF  stm32f4xx_hal_i2c.o
    0x08006fd0   0x08006fd0   0x00000044   Code   RO         2782    i.I2C_SlaveReceive_RXNE  stm32f4xx_hal_i2c.o
    0x08007014   0x08007014   0x0000001c   Code   RO         2783    i.I2C_SlaveTransmit_BTF  stm32f4xx_hal_i2c.o
    0x08007030   0x08007030   0x00000044   Code   RO         2784    i.I2C_SlaveTransmit_TXE  stm32f4xx_hal_i2c.o
    0x08007074   0x08007074   0x00000048   Code   RO         2785    i.I2C_Slave_ADDR    stm32f4xx_hal_i2c.o
    0x080070bc   0x080070bc   0x00000084   Code   RO         2786    i.I2C_Slave_AF      stm32f4xx_hal_i2c.o
    0x08007140   0x08007140   0x00000160   Code   RO         2787    i.I2C_Slave_STOPF   stm32f4xx_hal_i2c.o
    0x080072a0   0x080072a0   0x00000040   Code   RO           17    i.I2C_Start         mpu6050_i2c.o
    0x080072e0   0x080072e0   0x0000003c   Code   RO         2793    i.I2C_WaitOnSTOPRequestThroughIT  stm32f4xx_hal_i2c.o
    0x0800731c   0x0800731c   0x00000036   Code   RO         3400    i.I2SEx_RxISR_I2S   stm32f4xx_hal_i2s_ex.o
    0x08007352   0x08007352   0x00000002   PAD
    0x08007354   0x08007354   0x00000060   Code   RO         3401    i.I2SEx_RxISR_I2SExt  stm32f4xx_hal_i2s_ex.o
    0x080073b4   0x080073b4   0x00000036   Code   RO         3402    i.I2SEx_TxISR_I2S   stm32f4xx_hal_i2s_ex.o
    0x080073ea   0x080073ea   0x00000002   PAD
    0x080073ec   0x080073ec   0x00000060   Code   RO         3403    i.I2SEx_TxISR_I2SExt  stm32f4xx_hal_i2s_ex.o
    0x0800744c   0x0800744c   0x000000aa   Code   RO         3230    i.I2S_IRQHandler    stm32f4xx_hal_i2s.o
    0x080074f6   0x080074f6   0x00000032   Code   RO         3231    i.I2S_Receive_IT    stm32f4xx_hal_i2s.o
    0x08007528   0x08007528   0x00000032   Code   RO         3232    i.I2S_Transmit_IT   stm32f4xx_hal_i2s.o
    0x0800755a   0x0800755a   0x00000002   PAD
    0x0800755c   0x0800755c   0x00000040   Code   RO           18    i.IIC_Get_ACK       mpu6050_i2c.o
    0x0800759c   0x0800759c   0x00000044   Code   RO           19    i.IIC_Send_ACK      mpu6050_i2c.o
    0x080075e0   0x080075e0   0x000000d2   Code   RO         1289    i.Img_Binarize_bit  mydip.o
    0x080076b2   0x080076b2   0x00000002   PAD
    0x080076b4   0x080076b4   0x00000144   Code   RO          372    i.MPU6050_config    mpu6050.o
    0x080077f8   0x080077f8   0x00000124   Code   RO          373    i.MPU6050_data_ready_cb  mpu6050.o
    0x0800791c   0x0800791c   0x00000054   Code   RO          375    i.MPU6050_mpl_init  mpu6050.o
    0x08007970   0x08007970   0x00000074   Code   RO          376    i.MPU6050_mpu_init  mpu6050.o
    0x080079e4   0x080079e4   0x00000054   Code   RO           21    i.MPU_Read_Len      mpu6050_i2c.o
    0x08007a38   0x08007a38   0x0000003a   Code   RO           23    i.MPU_Write_Len     mpu6050_i2c.o
    0x08007a72   0x08007a72   0x00000002   PAD
    0x08007a74   0x08007a74   0x00000038   Code   RO          697    i.MX_DCMI_Init      dcmi.o
    0x08007aac   0x08007aac   0x000000a8   Code   RO          737    i.MX_DMA_Init       dma.o
    0x08007b54   0x08007b54   0x00000150   Code   RO          671    i.MX_GPIO_Init      gpio.o
    0x08007ca4   0x08007ca4   0x00000040   Code   RO          808    i.MX_I2S3_Init      i2s.o
    0x08007ce4   0x08007ce4   0x00000080   Code   RO          853    i.MX_TIM2_Init      tim.o
    0x08007d64   0x08007d64   0x0000006c   Code   RO          854    i.MX_TIM3_Init      tim.o
    0x08007dd0   0x08007dd0   0x0000006c   Code   RO          855    i.MX_TIM4_Init      tim.o
    0x08007e3c   0x08007e3c   0x00000080   Code   RO          856    i.MX_TIM5_Init      tim.o
    0x08007ebc   0x08007ebc   0x00000038   Code   RO          928    i.MX_USART3_UART_Init  usart.o
    0x08007ef4   0x08007ef4   0x00000002   Code   RO          979    i.MemManage_Handler  stm32f4xx_it.o
    0x08007ef6   0x08007ef6   0x00000002   Code   RO          980    i.NMI_Handler       stm32f4xx_it.o
    0x08007ef8   0x08007ef8   0x00000080   Code   RO         1127    i.OV7670_Window_Set  ov7670_set .o
    0x08007f78   0x08007f78   0x00000002   Code   RO          981    i.PendSV_Handler    stm32f4xx_it.o
    0x08007f7a   0x08007f7a   0x00000002   PAD
    0x08007f7c   0x08007f7c   0x00000060   Code   RO         1201    i.RD_Byte           sccb.o
    0x08007fdc   0x08007fdc   0x00000052   Code   RO         1202    i.RD_Reg            sccb.o
    0x0800802e   0x0800802e   0x00000002   PAD
    0x08008030   0x08008030   0x0000004c   Code   RO         1203    i.SCCB_NA           sccb.o
    0x0800807c   0x0800807c   0x0000004c   Code   RO         1204    i.SCCB_Start        sccb.o
    0x080080c8   0x080080c8   0x0000003c   Code   RO         1205    i.SCCB_Stop         sccb.o
    0x08008104   0x08008104   0x00000028   Code   RO         1206    i.SDA_IN            sccb.o
    0x0800812c   0x0800812c   0x0000002c   Code   RO         1207    i.SDA_OUT           sccb.o
    0x08008158   0x08008158   0x00000002   Code   RO          982    i.SVC_Handler       stm32f4xx_it.o
    0x0800815a   0x0800815a   0x00000002   PAD
    0x0800815c   0x0800815c   0x00000020   Code   RO          983    i.SysTick_Handler   stm32f4xx_it.o
    0x0800817c   0x0800817c   0x000000a8   Code   RO          571    i.SystemClock_Config  main.o
    0x08008224   0x08008224   0x00000010   Code   RO         4839    i.SystemInit        system_stm32f4xx.o
    0x08008234   0x08008234   0x000000cc   Code   RO         3582    i.TIM_Base_SetConfig  stm32f4xx_hal_tim.o
    0x08008300   0x08008300   0x0000001a   Code   RO         3583    i.TIM_CCxChannelCmd  stm32f4xx_hal_tim.o
    0x0800831a   0x0800831a   0x00000002   PAD
    0x0800831c   0x0800831c   0x00000068   Code   RO         3595    i.TIM_OC1_SetConfig  stm32f4xx_hal_tim.o
    0x08008384   0x08008384   0x00000074   Code   RO         3596    i.TIM_OC2_SetConfig  stm32f4xx_hal_tim.o
    0x080083f8   0x080083f8   0x00000070   Code   RO         3597    i.TIM_OC3_SetConfig  stm32f4xx_hal_tim.o
    0x08008468   0x08008468   0x00000054   Code   RO         3598    i.TIM_OC4_SetConfig  stm32f4xx_hal_tim.o
    0x080084bc   0x080084bc   0x00000010   Code   RO         4513    i.UART_DMAAbortOnError  stm32f4xx_hal_uart.o
    0x080084cc   0x080084cc   0x0000004a   Code   RO         4514    i.UART_DMAError     stm32f4xx_hal_uart.o
    0x08008516   0x08008516   0x00000042   Code   RO         4519    i.UART_DMATransmitCplt  stm32f4xx_hal_uart.o
    0x08008558   0x08008558   0x0000000a   Code   RO         4521    i.UART_DMATxHalfCplt  stm32f4xx_hal_uart.o
    0x08008562   0x08008562   0x0000004e   Code   RO         4523    i.UART_EndRxTransfer  stm32f4xx_hal_uart.o
    0x080085b0   0x080085b0   0x0000001a   Code   RO         4524    i.UART_EndTransmit_IT  stm32f4xx_hal_uart.o
    0x080085ca   0x080085ca   0x0000001c   Code   RO         4525    i.UART_EndTxTransfer  stm32f4xx_hal_uart.o
    0x080085e6   0x080085e6   0x000000c6   Code   RO         4526    i.UART_Receive_IT   stm32f4xx_hal_uart.o
    0x080086ac   0x080086ac   0x00000114   Code   RO         4527    i.UART_SetConfig    stm32f4xx_hal_uart.o
    0x080087c0   0x080087c0   0x00000036   Code   RO         4529    i.UART_Start_Receive_IT  stm32f4xx_hal_uart.o
    0x080087f6   0x080087f6   0x0000005e   Code   RO         4530    i.UART_Transmit_IT  stm32f4xx_hal_uart.o
    0x08008854   0x08008854   0x00000074   Code   RO         4531    i.UART_WaitOnFlagUntilTimeout  stm32f4xx_hal_uart.o
    0x080088c8   0x080088c8   0x0000000c   Code   RO          984    i.USART3_IRQHandler  stm32f4xx_it.o
    0x080088d4   0x080088d4   0x00000002   Code   RO          985    i.UsageFault_Handler  stm32f4xx_it.o
    0x080088d6   0x080088d6   0x00000002   PAD
    0x080088d8   0x080088d8   0x0000009c   Code   RO         1208    i.WR_Byte           sccb.o
    0x08008974   0x08008974   0x000000bc   Code   RO         1209    i.WR_Reg            sccb.o
    0x08008a30   0x08008a30   0x0000009c   Code   RO         5402    i._MLPrintLog       log_stm32.o
    0x08008acc   0x08008acc   0x00000020   Code   RO         7436    i.__0printf         mc_w.l(printfa.o)
    0x08008aec   0x08008aec   0x00000024   Code   RO         7442    i.__0vsprintf       mc_w.l(printfa.o)
    0x08008b10   0x08008b10   0x00000030   Code   RO         7529    i.__ARM_fpclassify  m_wm.l(fpclassify.o)
    0x08008b40   0x08008b40   0x00000026   Code   RO         7531    i.__ARM_fpclassifyf  m_wm.l(fpclassifyf.o)
    0x08008b66   0x08008b66   0x00000020   Code   RO         2339    i.__NVIC_SetPriority  stm32f4xx_hal_cortex.o
    0x08008b86   0x08008b86   0x00000002   PAD
    0x08008b88   0x08008b88   0x00000118   Code   RO         6986    i.__hardfp_acosf    m_wm.l(acosf.o)
    0x08008ca0   0x08008ca0   0x000002ac   Code   RO         7050    i.__hardfp_atan2f   m_wm.l(atan2f.o)
    0x08008f4c   0x08008f4c   0x00000150   Code   RO         7080    i.__hardfp_cosf     m_wm.l(cosf.o)
    0x0800909c   0x0800909c   0x00000004   PAD
    0x080090a0   0x080090a0   0x00000c50   Code   RO         7118    i.__hardfp_pow      m_wm.l(pow.o)
    0x08009cf0   0x08009cf0   0x00000190   Code   RO         7144    i.__hardfp_sinf     m_wm.l(sinf.o)
    0x08009e80   0x08009e80   0x0000003a   Code   RO         7168    i.__hardfp_sqrtf    m_wm.l(sqrtf.o)
    0x08009eba   0x08009eba   0x000000f8   Code   RO         7547    i.__kernel_poly     m_wm.l(poly.o)
    0x08009fb2   0x08009fb2   0x00000006   PAD
    0x08009fb8   0x08009fb8   0x00000030   Code   RO         7515    i.__mathlib_dbl_divzero  m_wm.l(dunder.o)
    0x08009fe8   0x08009fe8   0x00000014   Code   RO         7517    i.__mathlib_dbl_infnan2  m_wm.l(dunder.o)
    0x08009ffc   0x08009ffc   0x00000004   PAD
    0x0800a000   0x0800a000   0x00000020   Code   RO         7518    i.__mathlib_dbl_invalid  m_wm.l(dunder.o)
    0x0800a020   0x0800a020   0x00000020   Code   RO         7519    i.__mathlib_dbl_overflow  m_wm.l(dunder.o)
    0x0800a040   0x0800a040   0x00000020   Code   RO         7521    i.__mathlib_dbl_underflow  m_wm.l(dunder.o)
    0x0800a060   0x0800a060   0x00000006   Code   RO         7534    i.__mathlib_flt_infnan  m_wm.l(funder.o)
    0x0800a066   0x0800a066   0x00000006   Code   RO         7535    i.__mathlib_flt_infnan2  m_wm.l(funder.o)
    0x0800a06c   0x0800a06c   0x00000010   Code   RO         7536    i.__mathlib_flt_invalid  m_wm.l(funder.o)
    0x0800a07c   0x0800a07c   0x00000010   Code   RO         7539    i.__mathlib_flt_underflow  m_wm.l(funder.o)
    0x0800a08c   0x0800a08c   0x00000154   Code   RO         7555    i.__mathlib_rredf2  m_wm.l(rredf.o)
    0x0800a1e0   0x0800a1e0   0x00000030   Code   RO         6450    i.__print_result_location  mpl.o
    0x0800a210   0x0800a210   0x0000000e   Code   RO         7605    i.__scatterload_copy  mc_w.l(handlers.o)
    0x0800a21e   0x0800a21e   0x00000002   Code   RO         7606    i.__scatterload_null  mc_w.l(handlers.o)
    0x0800a220   0x0800a220   0x0000000e   Code   RO         7607    i.__scatterload_zeroinit  mc_w.l(handlers.o)
    0x0800a22e   0x0800a22e   0x00000002   PAD
    0x0800a230   0x0800a230   0x0000000c   Code   RO         7587    i.__set_errno       mc_w.l(errno.o)
    0x0800a23c   0x0800a23c   0x00000184   Code   RO         7443    i._fp_digits        mc_w.l(printfa.o)
    0x0800a3c0   0x0800a3c0   0x000006b4   Code   RO         7444    i._printf_core      mc_w.l(printfa.o)
    0x0800aa74   0x0800aa74   0x00000024   Code   RO         7445    i._printf_post_padding  mc_w.l(printfa.o)
    0x0800aa98   0x0800aa98   0x0000002e   Code   RO         7446    i._printf_pre_padding  mc_w.l(printfa.o)
    0x0800aac6   0x0800aac6   0x0000000a   Code   RO         7448    i._sputc            mc_w.l(printfa.o)
    0x0800aad0   0x0800aad0   0x00000010   Code   RO         6988    i.acosf             m_wm.l(acosf.o)
    0x0800aae0   0x0800aae0   0x00000038   Code   RO          509    i.balance_pid       control.o
    0x0800ab18   0x0800ab18   0x00000120   Code   RO          510    i.control_motor     control.o
    0x0800ac38   0x0800ac38   0x00000010   Code   RO         7082    i.cosf              m_wm.l(cosf.o)
    0x0800ac48   0x0800ac48   0x0000003c   Code   RO         4876    i.decode_gesture    inv_mpu_dmp_motion_driver.o
    0x0800ac84   0x0800ac84   0x0000003c   Code   RO         4877    i.dmp_enable_6x_lp_quat  inv_mpu_dmp_motion_driver.o
    0x0800acc0   0x0800acc0   0x000001ec   Code   RO         4878    i.dmp_enable_feature  inv_mpu_dmp_motion_driver.o
    0x0800aeac   0x0800aeac   0x00000058   Code   RO         4879    i.dmp_enable_gyro_cal  inv_mpu_dmp_motion_driver.o
    0x0800af04   0x0800af04   0x0000003c   Code   RO         4880    i.dmp_enable_lp_quat  inv_mpu_dmp_motion_driver.o
    0x0800af40   0x0800af40   0x00000014   Code   RO         4885    i.dmp_load_motion_driver_firmware  inv_mpu_dmp_motion_driver.o
    0x0800af54   0x0800af54   0x00000184   Code   RO         4886    i.dmp_read_fifo     inv_mpu_dmp_motion_driver.o
    0x0800b0d8   0x0800b0d8   0x00000070   Code   RO         4890    i.dmp_set_fifo_rate  inv_mpu_dmp_motion_driver.o
    0x0800b148   0x0800b148   0x00000118   Code   RO         4893    i.dmp_set_orientation  inv_mpu_dmp_motion_driver.o
    0x0800b260   0x0800b260   0x00000030   Code   RO         4896    i.dmp_set_shake_reject_thresh  inv_mpu_dmp_motion_driver.o
    0x0800b290   0x0800b290   0x00000020   Code   RO         4897    i.dmp_set_shake_reject_time  inv_mpu_dmp_motion_driver.o
    0x0800b2b0   0x0800b2b0   0x00000020   Code   RO         4898    i.dmp_set_shake_reject_timeout  inv_mpu_dmp_motion_driver.o
    0x0800b2d0   0x0800b2d0   0x00000038   Code   RO         4899    i.dmp_set_tap_axes  inv_mpu_dmp_motion_driver.o
    0x0800b308   0x0800b308   0x00000022   Code   RO         4900    i.dmp_set_tap_count  inv_mpu_dmp_motion_driver.o
    0x0800b32a   0x0800b32a   0x00000002   PAD
    0x0800b32c   0x0800b32c   0x0000019c   Code   RO         4901    i.dmp_set_tap_thresh  inv_mpu_dmp_motion_driver.o
    0x0800b4c8   0x0800b4c8   0x00000020   Code   RO         4902    i.dmp_set_tap_time  inv_mpu_dmp_motion_driver.o
    0x0800b4e8   0x0800b4e8   0x00000020   Code   RO         4903    i.dmp_set_tap_time_multi  inv_mpu_dmp_motion_driver.o
    0x0800b508   0x0800b508   0x00000018   Code   RO         7094    i.fabs              m_wm.l(fabs.o)
    0x0800b520   0x0800b520   0x00000018   Code   RO          573    i.fputc             main.o
    0x0800b538   0x0800b538   0x0000000c   Code   RO          574    i.get_tick_count    main.o
    0x0800b544   0x0800b544   0x000000a0   Code   RO         1128    i.init_ov7670reg    ov7670_set .o
    0x0800b5e4   0x0800b5e4   0x0000000c   Code   RO         5520    i.inv_accel_was_turned_off  data_builder.o
    0x0800b5f0   0x0800b5f0   0x0000006a   Code   RO         5521    i.inv_apply_calibration  data_builder.o
    0x0800b65a   0x0800b65a   0x0000004a   Code   RO         6095    i.inv_biquad_filter_process  ml_math_func.o
    0x0800b6a4   0x0800b6a4   0x00000068   Code   RO         5522    i.inv_build_accel   data_builder.o
    0x0800b70c   0x0800b70c   0x00000030   Code   RO         5524    i.inv_build_gyro    data_builder.o
    0x0800b73c   0x0800b73c   0x00000030   Code   RO         5525    i.inv_build_quat    data_builder.o
    0x0800b76c   0x0800b76c   0x0000001c   Code   RO         5526    i.inv_build_temp    data_builder.o
    0x0800b788   0x0800b788   0x0000002a   Code   RO         6096    i.inv_calc_state_to_match_output  ml_math_func.o
    0x0800b7b2   0x0800b7b2   0x00000002   PAD
    0x0800b7b4   0x0800b7b4   0x000000ac   Code   RO         6098    i.inv_compass_angle  ml_math_func.o
    0x0800b860   0x0800b860   0x00000010   Code   RO         5527    i.inv_compass_was_turned_off  data_builder.o
    0x0800b870   0x0800b870   0x0000005c   Code   RO         6100    i.inv_convert_to_body_with_scale  ml_math_func.o
    0x0800b8cc   0x0800b8cc   0x00000034   Code   RO         5528    i.inv_db_load_func  data_builder.o
    0x0800b900   0x0800b900   0x00000014   Code   RO         5529    i.inv_db_save_func  data_builder.o
    0x0800b914   0x0800b914   0x00000010   Code   RO         5530    i.inv_disable_compass_soft_iron_matrix  data_builder.o
    0x0800b924   0x0800b924   0x0000001c   Code   RO         5436    i.inv_enable_eMPL_outputs  empl_outputs.o
    0x0800b940   0x0800b940   0x00000014   Code   RO         5970    i.inv_enable_hal_outputs  hal_outputs.o
    0x0800b954   0x0800b954   0x0000001c   Code   RO         6485    i.inv_enable_results_holder  results_holder.o
    0x0800b970   0x0800b970   0x00000028   Code   RO         6720    i.inv_execute_mpl_start_notification  start_manager.o
    0x0800b998   0x0800b998   0x00000080   Code   RO         5532    i.inv_execute_on_data  data_builder.o
    0x0800ba18   0x0800ba18   0x000000ac   Code   RO         5437    i.inv_generate_eMPL_outputs  empl_outputs.o
    0x0800bac4   0x0800bac4   0x00000188   Code   RO         5971    i.inv_generate_hal_outputs  hal_outputs.o
    0x0800bc4c   0x0800bc4c   0x00000010   Code   RO         6486    i.inv_generate_results  results_holder.o
    0x0800bc5c   0x0800bc5c   0x0000001c   Code   RO         6487    i.inv_get_6axis_quaternion  results_holder.o
    0x0800bc78   0x0800bc78   0x0000000c   Code   RO         6488    i.inv_get_acc_state  results_holder.o
    0x0800bc84   0x0800bc84   0x0000000c   Code   RO         5533    i.inv_get_accel_accuracy  data_builder.o
    0x0800bc90   0x0800bc90   0x00000010   Code   RO         5535    i.inv_get_accel_on  data_builder.o
    0x0800bca0   0x0800bca0   0x00000030   Code   RO         5539    i.inv_get_accel_set  data_builder.o
    0x0800bcd0   0x0800bcd0   0x00000018   Code   RO         6492    i.inv_get_compass_correction  results_holder.o
    0x0800bce8   0x0800bce8   0x00000010   Code   RO         5542    i.inv_get_compass_on  data_builder.o
    0x0800bcf8   0x0800bcf8   0x00000040   Code   RO         5545    i.inv_get_compass_set  data_builder.o
    0x0800bd38   0x0800bd38   0x00000054   Code   RO         6494    i.inv_get_gravity   results_holder.o
    0x0800bd8c   0x0800bd8c   0x00000014   Code   RO         5550    i.inv_get_gyro      data_builder.o
    0x0800bda0   0x0800bda0   0x0000000c   Code   RO         5551    i.inv_get_gyro_accuracy  data_builder.o
    0x0800bdac   0x0800bdac   0x0000002c   Code   RO         5552    i.inv_get_gyro_bias  data_builder.o
    0x0800bdd8   0x0800bdd8   0x0000001c   Code   RO         5553    i.inv_get_gyro_bias_tc_set  data_builder.o
    0x0800bdf4   0x0800bdf4   0x00000010   Code   RO         5554    i.inv_get_gyro_on   data_builder.o
    0x0800be04   0x0800be04   0x0000002c   Code   RO         5558    i.inv_get_gyro_set  data_builder.o
    0x0800be30   0x0800be30   0x00000018   Code   RO         6104    i.inv_get_gyro_sum_of_sqr  ml_math_func.o
    0x0800be48   0x0800be48   0x00000048   Code   RO         5560    i.inv_get_last_timestamp  data_builder.o
    0x0800be90   0x0800be90   0x0000003e   Code   RO         6498    i.inv_get_linear_accel  results_holder.o
    0x0800bece   0x0800bece   0x00000002   PAD
    0x0800bed0   0x0800bed0   0x00000014   Code   RO         6500    i.inv_get_local_field  results_holder.o
    0x0800bee4   0x0800bee4   0x00000020   Code   RO         5561    i.inv_get_mag_accuracy  data_builder.o
    0x0800bf04   0x0800bf04   0x00000010   Code   RO         6502    i.inv_get_motion_state  results_holder.o
    0x0800bf14   0x0800bf14   0x00000030   Code   RO         6503    i.inv_get_quaternion  results_holder.o
    0x0800bf44   0x0800bf44   0x00000040   Code   RO         6505    i.inv_get_quaternion_set  results_holder.o
    0x0800bf84   0x0800bf84   0x000001dc   Code   RO         5440    i.inv_get_sensor_type_euler  empl_outputs.o
    0x0800c160   0x0800c160   0x0000001c   Code   RO         5441    i.inv_get_sensor_type_gyro  empl_outputs.o
    0x0800c17c   0x0800c17c   0x0000000c   Code   RO         6507    i.inv_got_compass_bias  results_holder.o
    0x0800c188   0x0800c188   0x0000000c   Code   RO         5563    i.inv_gyro_was_turned_off  data_builder.o
    0x0800c194   0x0800c194   0x0000002c   Code   RO         6105    i.inv_init_biquad_filter  ml_math_func.o
    0x0800c1c0   0x0800c1c0   0x0000003c   Code   RO         5564    i.inv_init_data_builder  data_builder.o
    0x0800c1fc   0x0800c1fc   0x00000014   Code   RO         5445    i.inv_init_eMPL_outputs  empl_outputs.o
    0x0800c210   0x0800c210   0x00000034   Code   RO         5981    i.inv_init_hal_outputs  hal_outputs.o
    0x0800c244   0x0800c244   0x00000080   Code   RO         6452    i.inv_init_mpl      mpl.o
    0x0800c2c4   0x0800c2c4   0x00000030   Code   RO         6508    i.inv_init_results_holder  results_holder.o
    0x0800c2f4   0x0800c2f4   0x00000014   Code   RO         6721    i.inv_init_start_manager  start_manager.o
    0x0800c308   0x0800c308   0x00000018   Code   RO         6754    i.inv_init_storage_manager  storage_manager.o
    0x0800c320   0x0800c320   0x00000024   Code   RO         6113    i.inv_orientation_matrix_to_scalar  ml_math_func.o
    0x0800c344   0x0800c344   0x0000000c   Code   RO         6114    i.inv_q29_mult      ml_math_func.o
    0x0800c350   0x0800c350   0x0000000c   Code   RO         6116    i.inv_q30_mult      ml_math_func.o
    0x0800c35c   0x0800c35c   0x00000024   Code   RO         6118    i.inv_q_add         ml_math_func.o
    0x0800c380   0x0800c380   0x00000042   Code   RO         6119    i.inv_q_addf        ml_math_func.o
    0x0800c3c2   0x0800c3c2   0x00000018   Code   RO         6120    i.inv_q_invert      ml_math_func.o
    0x0800c3da   0x0800c3da   0x0000002e   Code   RO         6121    i.inv_q_invertf     ml_math_func.o
    0x0800c408   0x0800c408   0x000000b0   Code   RO         6122    i.inv_q_mult        ml_math_func.o
    0x0800c4b8   0x0800c4b8   0x000000d2   Code   RO         6123    i.inv_q_multf       ml_math_func.o
    0x0800c58a   0x0800c58a   0x00000002   PAD
    0x0800c58c   0x0800c58c   0x00000084   Code   RO         6124    i.inv_q_norm4       ml_math_func.o
    0x0800c610   0x0800c610   0x000000b4   Code   RO         6126    i.inv_q_normalizef  ml_math_func.o
    0x0800c6c4   0x0800c6c4   0x0000003e   Code   RO         6127    i.inv_q_rotate      ml_math_func.o
    0x0800c702   0x0800c702   0x00000002   PAD
    0x0800c704   0x0800c704   0x00000010   Code   RO         5566    i.inv_quaternion_sensor_was_turned_off  data_builder.o
    0x0800c714   0x0800c714   0x000000da   Code   RO         6129    i.inv_quaternion_to_rotation  ml_math_func.o
    0x0800c7ee   0x0800c7ee   0x00000002   PAD
    0x0800c7f0   0x0800c7f0   0x000000b0   Code   RO         5567    i.inv_register_data_cb  data_builder.o
    0x0800c8a0   0x0800c8a0   0x0000006c   Code   RO         6756    i.inv_register_load_store  storage_manager.o
    0x0800c90c   0x0800c90c   0x00000020   Code   RO         6722    i.inv_register_mpl_start_notification  start_manager.o
    0x0800c92c   0x0800c92c   0x00000050   Code   RO         5568    i.inv_reset_compass_soft_iron_matrix  data_builder.o
    0x0800c97c   0x0800c97c   0x00000048   Code   RO         6131    i.inv_row_2_scale   ml_math_func.o
    0x0800c9c4   0x0800c9c4   0x00000010   Code   RO         5573    i.inv_set_accel_orientation_and_scale  data_builder.o
    0x0800c9d4   0x0800c9d4   0x0000002c   Code   RO         5574    i.inv_set_accel_sample_rate  data_builder.o
    0x0800ca00   0x0800ca00   0x0000000c   Code   RO         6513    i.inv_set_compass_bias_found  results_holder.o
    0x0800ca0c   0x0800ca0c   0x00000024   Code   RO         6514    i.inv_set_compass_correction  results_holder.o
    0x0800ca30   0x0800ca30   0x0000000c   Code   RO         5577    i.inv_set_compass_disturbance  data_builder.o
    0x0800ca3c   0x0800ca3c   0x00000094   Code   RO         5583    i.inv_set_contiguous  data_builder.o
    0x0800cad0   0x0800cad0   0x00000060   Code   RO         5585    i.inv_set_gyro_bias  data_builder.o
    0x0800cb30   0x0800cb30   0x00000010   Code   RO         5586    i.inv_set_gyro_orientation_and_scale  data_builder.o
    0x0800cb40   0x0800cb40   0x00000028   Code   RO         5587    i.inv_set_gyro_sample_rate  data_builder.o
    0x0800cb68   0x0800cb68   0x00000014   Code   RO         6073    i.inv_set_message   message_layer.o
    0x0800cb7c   0x0800cb7c   0x00000038   Code   RO         6520    i.inv_set_motion_state  results_holder.o
    0x0800cbb4   0x0800cbb4   0x00000010   Code   RO         5446    i.inv_start_eMPL_outputs  empl_outputs.o
    0x0800cbc4   0x0800cbc4   0x00000010   Code   RO         5982    i.inv_start_hal_outputs  hal_outputs.o
    0x0800cbd4   0x0800cbd4   0x00000044   Code   RO         6453    i.inv_start_mpl     mpl.o
    0x0800cc18   0x0800cc18   0x00000018   Code   RO         6521    i.inv_start_results_holder  results_holder.o
    0x0800cc30   0x0800cc30   0x00000024   Code   RO         6522    i.inv_store_gaming_quaternion  results_holder.o
    0x0800cc54   0x0800cc54   0x0000005c   Code   RO         5590    i.inv_unregister_data_cb  data_builder.o
    0x0800ccb0   0x0800ccb0   0x0000004c   Code   RO         6723    i.inv_unregister_mpl_start_notification  start_manager.o
    0x0800ccfc   0x0800ccfc   0x000001e8   Code   RO          575    i.main              main.o
    0x0800cee4   0x0800cee4   0x00000060   Code   RO         5087    i.mpu_configure_fifo  inv_mpu.o
    0x0800cf44   0x0800cf44   0x00000044   Code   RO         5088    i.mpu_get_accel_fsr  inv_mpu.o
    0x0800cf88   0x0800cf88   0x00000010   Code   RO         5095    i.mpu_get_fifo_config  inv_mpu.o
    0x0800cf98   0x0800cf98   0x00000040   Code   RO         5096    i.mpu_get_gyro_fsr  inv_mpu.o
    0x0800cfd8   0x0800cfd8   0x00000044   Code   RO         5100    i.mpu_get_lpf       inv_mpu.o
    0x0800d01c   0x0800d01c   0x0000001c   Code   RO         5102    i.mpu_get_sample_rate  inv_mpu.o
    0x0800d038   0x0800d038   0x00000094   Code   RO         5103    i.mpu_get_temperature  inv_mpu.o
    0x0800d0cc   0x0800d0cc   0x000000d4   Code   RO         5104    i.mpu_init          inv_mpu.o
    0x0800d1a0   0x0800d1a0   0x000000b4   Code   RO         5105    i.mpu_load_firmware  inv_mpu.o
    0x0800d254   0x0800d254   0x000000d0   Code   RO         5106    i.mpu_lp_accel_mode  inv_mpu.o
    0x0800d324   0x0800d324   0x000000bc   Code   RO         5107    i.mpu_lp_motion_interrupt  inv_mpu.o
    0x0800d3e0   0x0800d3e0   0x000000ac   Code   RO         5112    i.mpu_read_fifo_stream  inv_mpu.o
    0x0800d48c   0x0800d48c   0x00000070   Code   RO         5113    i.mpu_read_mem      inv_mpu.o
    0x0800d4fc   0x0800d4fc   0x0000016c   Code   RO         5116    i.mpu_reset_fifo    inv_mpu.o
    0x0800d668   0x0800d668   0x00000074   Code   RO         5120    i.mpu_set_accel_fsr  inv_mpu.o
    0x0800d6dc   0x0800d6dc   0x00000118   Code   RO         5121    i.mpu_set_bypass    inv_mpu.o
    0x0800d7f4   0x0800d7f4   0x0000007c   Code   RO         5123    i.mpu_set_dmp_state  inv_mpu.o
    0x0800d870   0x0800d870   0x00000078   Code   RO         5125    i.mpu_set_gyro_fsr  inv_mpu.o
    0x0800d8e8   0x0800d8e8   0x00000060   Code   RO         5126    i.mpu_set_int_latched  inv_mpu.o
    0x0800d948   0x0800d948   0x0000007c   Code   RO         5128    i.mpu_set_lpf       inv_mpu.o
    0x0800d9c4   0x0800d9c4   0x00000084   Code   RO         5129    i.mpu_set_sample_rate  inv_mpu.o
    0x0800da48   0x0800da48   0x000000b0   Code   RO         5130    i.mpu_set_sensors   inv_mpu.o
    0x0800daf8   0x0800daf8   0x00000070   Code   RO         5131    i.mpu_write_mem     inv_mpu.o
    0x0800db68   0x0800db68   0x00000368   Code   RO          511    i.output            control.o
    0x0800ded0   0x0800ded0   0x00000088   Code   RO         1129    i.ov7670_Init       ov7670_set .o
    0x0800df58   0x0800df58   0x00000074   Code   RO         5132    i.set_int_enable    inv_mpu.o
    0x0800dfcc   0x0800dfcc   0x00000006   Code   RO         5591    i.set_sensor_orientation_and_scale  data_builder.o
    0x0800dfd2   0x0800dfd2   0x00000010   Code   RO         7146    i.sinf              m_wm.l(sinf.o)
    0x0800dfe2   0x0800dfe2   0x0000006e   Code   RO         7158    i.sqrt              m_wm.l(sqrt.o)
    0x0800e050   0x0800e050   0x0000003e   Code   RO         7170    i.sqrtf             m_wm.l(sqrtf.o)
    0x0800e08e   0x0800e08e   0x00000002   PAD
    0x0800e090   0x0800e090   0x00000124   Code   RO          512    i.turn_pid          control.o
    0x0800e1b4   0x0800e1b4   0x000001d8   Code   RO          513    i.velocity_pid      control.o
    0x0800e38c   0x0800e38c   0x000000b4   Code   RO          577    i.word_to_double    main.o
    0x0800e440   0x0800e440   0x00000008   Data   RO          579    .constdata          main.o
    0x0800e448   0x0800e448   0x00000008   Data   RO         2056    .constdata          stm32f4xx_hal_dma.o
    0x0800e450   0x0800e450   0x00000010   Data   RO         4840    .constdata          system_stm32f4xx.o
    0x0800e460   0x0800e460   0x00000008   Data   RO         4841    .constdata          system_stm32f4xx.o
    0x0800e468   0x0800e468   0x00000bf6   Data   RO         4905    .constdata          inv_mpu_dmp_motion_driver.o
    0x0800f05e   0x0800f05e   0x0000001e   Data   RO         5133    .constdata          inv_mpu.o
    0x0800f07c   0x0800f07c   0x0000000c   Data   RO         5134    .constdata          inv_mpu.o
    0x0800f088   0x0800f088   0x00000028   Data   RO         5135    .constdata          inv_mpu.o
    0x0800f0b0   0x0800f0b0   0x0000002f   Data   RO         6454    .constdata          mpl.o
    0x0800f0df   0x0800f0df   0x00000001   PAD
    0x0800f0e0   0x0800f0e0   0x00000088   Data   RO         7121    .constdata          m_wm.l(pow.o)
    0x0800f168   0x0800f168   0x00000008   Data   RO         7549    .constdata          m_wm.l(qnan.o)
    0x0800f170   0x0800f170   0x00000020   Data   RO         7556    .constdata          m_wm.l(rredf.o)
    0x0800f190   0x0800f190   0x00000009   Data   RO          379    .conststring        mpu6050.o
    0x0800f199   0x0800f199   0x00000003   PAD
    0x0800f19c   0x0800f19c   0x000000be   Data   RO          514    .conststring        control.o
    0x0800f25a   0x0800f25a   0x00000002   PAD
    0x0800f25c   0x0800f25c   0x00000044   Data   RO         5593    .conststring        data_builder.o
    0x0800f2a0   0x0800f2a0   0x00000020   Data   RO         7603    Region$$Table       anon$$obj.o


    Execution Region RW_IRAM1 (Exec base: 0x20000000, Load base: 0x0800f2c0, Size: 0x0000a3b8, Max: 0x0001c000, ABSOLUTE, COMPRESSED[0x00000138])

    Exec Addr    Load Addr    Size         Type   Attr      Idx    E Section Name        Object

    0x20000000   COMPRESSED   0x00000004   Data   RW          380    .data               mpu6050.o
    0x20000004   COMPRESSED   0x00000011   Data   RW          381    .data               mpu6050.o
    0x20000015   COMPRESSED   0x00000001   Data   RW          465    .data               encoder.o
    0x20000016   COMPRESSED   0x00000002   PAD
    0x20000018   COMPRESSED   0x00000064   Data   RW          515    .data               control.o
    0x2000007c   COMPRESSED   0x00000001   Data   RW          516    .data               control.o
    0x2000007d   COMPRESSED   0x00000003   PAD
    0x20000080   COMPRESSED   0x0000001c   Data   RW          580    .data               main.o
    0x2000009c   COMPRESSED   0x00000004   Data   RW          988    .data               stm32f4xx_it.o
    0x200000a0   COMPRESSED   0x000000e0   Data   RW         1130    .data               ov7670_set .o
    0x20000180   COMPRESSED   0x0000000c   Data   RW         2483    .data               stm32f4xx_hal.o
    0x2000018c   COMPRESSED   0x00000004   Data   RW         4842    .data               system_stm32f4xx.o
    0x20000190   COMPRESSED   0x0000002c   Data   RW         5136    .data               inv_mpu.o
    0x200001bc   COMPRESSED   0x00000014   Data   RW         5985    .data               hal_outputs.o
    0x200001d0   COMPRESSED   0x00000004   Data   RW         6074    .data               message_layer.o
    0x200001d4   COMPRESSED   0x00000004   Data   RW         7580    .data               mc_w.l(stdout.o)
    0x200001d8   COMPRESSED   0x00000004   Data   RW         7588    .data               mc_w.l(errno.o)
    0x200001dc        -       0x00000024   Zero   RW          378    .bss                mpu6050.o
    0x20000200        -       0x0000000c   Zero   RW          463    .bss                encoder.o
    0x2000020c        -       0x0000000c   Zero   RW          464    .bss                encoder.o
    0x20000218        -       0x00008cd7   Zero   RW          578    .bss                main.o
    0x20008eef   COMPRESSED   0x00000001   PAD
    0x20008ef0        -       0x000000a0   Zero   RW          698    .bss                dcmi.o
    0x20008f90        -       0x00000060   Zero   RW          738    .bss                dma.o
    0x20008ff0        -       0x00000054   Zero   RW          767    .bss                i2c.o
    0x20009044        -       0x000000a8   Zero   RW          809    .bss                i2s.o
    0x200090ec        -       0x00000120   Zero   RW          857    .bss                tim.o
    0x2000920c        -       0x000000a4   Zero   RW          929    .bss                usart.o
    0x200092b0        -       0x00000010   Zero   RW         4904    .bss                inv_mpu_dmp_motion_driver.o
    0x200092c0        -       0x00000028   Zero   RW         5448    .bss                empl_outputs.o
    0x200092e8        -       0x000002d8   Zero   RW         5592    .bss                data_builder.o
    0x200095c0        -       0x000000c4   Zero   RW         5984    .bss                hal_outputs.o
    0x20009684        -       0x00000088   Zero   RW         6523    .bss                results_holder.o
    0x2000970c        -       0x00000054   Zero   RW         6724    .bss                start_manager.o
    0x20009760        -       0x00000198   Zero   RW         6758    .bss                storage_manager.o
    0x200098f8        -       0x000002a0   Zero   RW         6796    .bss                libmpllib.lib(fast_no_motion.o)
    0x20009b98        -       0x00000138   Zero   RW         6887    .bss                libmpllib.lib(fusion_9axis.o)
    0x20009cd0        -       0x000001c4   Zero   RW         6912    .bss                libmpllib.lib(gyro_tc.o)
    0x20009e94        -       0x0000006c   Zero   RW         6933    .bss                libmpllib.lib(quaternion_supervisor.o)
    0x20009f00        -       0x000000b8   Zero   RW         6951    .bss                libmpllib.lib(mag_disturb.o)
    0x20009fb8        -       0x00000400   Zero   RW            1    STACK               startup_stm32f407xx.o


    Execution Region RW_IRAM2 (Exec base: 0x2001c000, Load base: 0x0800f3f8, Size: 0x00000000, Max: 0x00004000, ABSOLUTE)

    **** No section assigned to this execution region ****


==============================================================================

Image component sizes


      Code (inc. data)   RO Data    RW Data    ZI Data      Debug   Object Name

      1980        182        190        101          0       6937   control.o
      1816        244         68          0        728      26147   data_builder.o
       428         44          0          0        160       2124   dcmi.o
       168         12          0          0         96       1227   dma.o
       740         64          0          0         40       6045   empl_outputs.o
       104         12          0          1         24       2845   encoder.o
       336         22          0          0          0       1203   gpio.o
       480         26          0         20        196       4299   hal_outputs.o
         0          0          0          0         84        236   i2c.o
       340         36          0          0        168       2050   i2s.o
      3320        142         82         44          0      25122   inv_mpu.o
      2238        118       3062          0         16      20385   inv_mpu_dmp_motion_driver.o
       156         10          0          0          0       1162   log_stm32.o
      1868        270          8         28      36055       9217   main.o
        20          4          0          4          0       1298   message_layer.o
      1730         28          0          0          0      16414   ml_math_func.o
       244         94         47          0          0       5472   mpl.o
       816        236          9         21         36       4896   mpu6050.o
       592         26          0          0          0     727866   mpu6050_i2c.o
       210          0          0          0          0       1339   mydip.o
       424        104          0        224          0       2841   ov7670_set .o
       626         88          0          0        136      12922   results_holder.o
       858        116          0          0          0       6616   sccb.o
       168         20          0          0         84       3592   start_manager.o
        36          8        392          0       1024        860   startup_stm32f407xx.o
       184         28          0         12          0       9917   stm32f4xx_hal.o
       198         14          0          0          0      34651   stm32f4xx_hal_cortex.o
       630         20          0          0          0       7369   stm32f4xx_hal_dcmi.o
       142          0          0          0          0       1304   stm32f4xx_hal_dcmi_ex.o
      1176         14          8          0          0       8805   stm32f4xx_hal_dma.o
      2872         26          0          0          0       5057   stm32f4xx_hal_dma_ex.o
       518         50          0          0          0       4643   stm32f4xx_hal_gpio.o
      3572         42          0          0          0      27282   stm32f4xx_hal_i2c.o
       678         16          0          0          0       5272   stm32f4xx_hal_i2s.o
       746         24          0          0          0       5219   stm32f4xx_hal_i2s_ex.o
        48          6          0          0          0        922   stm32f4xx_hal_msp.o
      1620         94          0          0          0       7832   stm32f4xx_hal_rcc.o
       432         40          0          0          0       2633   stm32f4xx_hal_rcc_ex.o
      1504        110          0          0          0      10823   stm32f4xx_hal_tim.o
       144         30          0          0          0       1548   stm32f4xx_hal_tim_ex.o
      2080         30          0          0          0      18270   stm32f4xx_hal_uart.o
       196         70          0          4          0      10180   stm32f4xx_it.o
       132          8          0          0        408       2625   storage_manager.o
        16          4         24          4          0       1291   system_stm32f4xx.o
       832         78          0          0        288       5600   tim.o
       272         30          0          0        164       1985   usart.o

    ----------------------------------------------------------------------
     37754       2640       3928        468      39708    1066343   Object Totals
         0          0         32          0          0          0   (incl. Generated)
        64          0          6          5          1          0   (incl. Padding)

    ----------------------------------------------------------------------

      Code (inc. data)   RO Data    RW Data    ZI Data      Debug   Library Member Name

      2548         42          0          0        672      19752   fast_no_motion.o
      1628         54          0          0        312       5308   fusion_9axis.o
      1212         30          0          0        452       5515   gyro_tc.o
      1360         46          0          0        184       7270   mag_disturb.o
      2368        102          0          0        108       5409   quaternion_supervisor.o
       296         46          0          0          0        300   acosf.o
       684         90          0          0          0        208   atan2f.o
       352         56          0          0          0        260   cosf.o
       164         44          0          0          0        620   dunder.o
        24          0          0          0          0        124   fabs.o
        48          0          0          0          0        124   fpclassify.o
        38          0          0          0          0        116   fpclassifyf.o
        44         12          0          0          0        464   funder.o
       248          0          0          0          0        152   poly.o
      3152        296        136          0          0        352   pow.o
         0          0          8          0          0          0   qnan.o
       340         24         32          0          0        160   rredf.o
       416         56          0          0          0        336   sinf.o
       110          0          0          0          0        148   sqrt.o
       120          0          0          0          0        272   sqrtf.o
        58          0          0          0          0          0   __dczerorl.o
         0          0          0          0          0          0   entry.o
         0          0          0          0          0          0   entry10a.o
         0          0          0          0          0          0   entry11a.o
         4          0          0          0          0          0   entry12b.o
         8          4          0          0          0          0   entry2.o
         4          0          0          0          0          0   entry5.o
         0          0          0          0          0          0   entry7b.o
         0          0          0          0          0          0   entry8b.o
         8          4          0          0          0          0   entry9a.o
        12          6          0          4          0         68   errno.o
        30          0          0          0          0          0   handlers.o
        36          8          0          0          0         68   init.o
         0          0          0          0          0          0   iusefp.o
        98          0          0          0          0         84   ldiv.o
        30          0          0          0          0         68   llshl.o
        36          0          0          0          0         68   llsshr.o
        32          0          0          0          0         68   llushr.o
        26          0          0          0          0         80   memcmp.o
        64          0          0          0          0         76   memmovea.o
        36          0          0          0          0        108   memseta.o
      2264         96          0          0          0        612   printfa.o
         0          0          0          4          0          0   stdout.o
        44          0          0          0          0         80   uidiv.o
        98          0          0          0          0         92   uldiv.o
        48          0          0          0          0         68   cdrcmple.o
        20          0          0          0          0         68   cfcmple.o
        20          0          0          0          0         68   cfrcmple.o
        56          0          0          0          0         88   d2f.o
       334          0          0          0          0        148   dadd.o
       222          0          0          0          0        100   ddiv.o
       186          0          0          0          0        176   depilogue.o
        62          0          0          0          0         80   dfixi.o
        48          0          0          0          0         68   dfixul.o
        34          0          0          0          0         76   dflti.o
       228          0          0          0          0         96   dmul.o
        46          0          0          0          0         80   dscalb.o
       162          0          0          0          0        100   dsqrt.o
        38          0          0          0          0         68   f2d.o
       176          0          0          0          0        140   fadd.o
       124          0          0          0          0         88   fdiv.o
       110          0          0          0          0        168   fepilogue.o
        50          0          0          0          0         68   ffixi.o
        66          0          0          0          0         76   ffixl.o
        18          0          0          0          0         68   fflti.o
        44          0          0          0          0         92   ffltl.o
        10          0          0          0          0         68   ffltui.o
       100          0          0          0          0         76   fmul.o
        24          0          0          0          0         68   fscalb.o

    ----------------------------------------------------------------------
     20286       1020        176          8       1728      50558   Library Totals
        20          4          0          0          0          0   (incl. Padding)

    ----------------------------------------------------------------------

      Code (inc. data)   RO Data    RW Data    ZI Data      Debug   Library Name

      9116        274          0          0       1728      43254   libmpllib.lib
      6036        624        176          0          0       3636   m_wm.l
      2888        118          0          8          0       1472   mc_w.l
      2226          0          0          0          0       2196   mf_w.l

    ----------------------------------------------------------------------
     20286       1020        176          8       1728      50558   Library Totals

    ----------------------------------------------------------------------

==============================================================================


      Code (inc. data)   RO Data    RW Data    ZI Data      Debug   

     58040       3660       4104        476      41436    1079777   Grand Totals
     58040       3660       4104        312      41436    1079777   ELF Image Totals (compressed)
     58040       3660       4104        312          0          0   ROM Totals

==============================================================================

    Total RO  Size (Code + RO Data)                62144 (  60.69kB)
    Total RW  Size (RW Data + ZI Data)             41912 (  40.93kB)
    Total ROM Size (Code + RO Data + RW Data)      62456 (  60.99kB)

==============================================================================

