Component: ARM Compiler 5.06 update 7 (build 960) Tool: armlink [4d3601]

==============================================================================

Section Cross References

    startup_stm32f407xx.o(RESET) refers to startup_stm32f407xx.o(STACK) for __initial_sp
    startup_stm32f407xx.o(RESET) refers to startup_stm32f407xx.o(.text) for Reset_Handler
    startup_stm32f407xx.o(RESET) refers to stm32f4xx_it.o(i.NMI_Handler) for NMI_Handler
    startup_stm32f407xx.o(RESET) refers to stm32f4xx_it.o(i.HardFault_Handler) for HardFault_Handler
    startup_stm32f407xx.o(RESET) refers to stm32f4xx_it.o(i.MemManage_Handler) for MemManage_Handler
    startup_stm32f407xx.o(RESET) refers to stm32f4xx_it.o(i.BusFault_Handler) for BusFault_Handler
    startup_stm32f407xx.o(RESET) refers to stm32f4xx_it.o(i.UsageFault_Handler) for UsageFault_Handler
    startup_stm32f407xx.o(RESET) refers to stm32f4xx_it.o(i.SVC_Handler) for SVC_Handler
    startup_stm32f407xx.o(RESET) refers to stm32f4xx_it.o(i.DebugMon_Handler) for DebugMon_Handler
    startup_stm32f407xx.o(RESET) refers to stm32f4xx_it.o(i.PendSV_Handler) for PendSV_Handler
    startup_stm32f407xx.o(RESET) refers to stm32f4xx_it.o(i.SysTick_Handler) for SysTick_Handler
    startup_stm32f407xx.o(RESET) refers to stm32f4xx_it.o(i.DMA1_Stream0_IRQHandler) for DMA1_Stream0_IRQHandler
    startup_stm32f407xx.o(RESET) refers to stm32f4xx_it.o(i.DMA1_Stream3_IRQHandler) for DMA1_Stream3_IRQHandler
    startup_stm32f407xx.o(RESET) refers to stm32f4xx_it.o(i.EXTI9_5_IRQHandler) for EXTI9_5_IRQHandler
    startup_stm32f407xx.o(RESET) refers to stm32f4xx_it.o(i.I2C1_EV_IRQHandler) for I2C1_EV_IRQHandler
    startup_stm32f407xx.o(RESET) refers to stm32f4xx_it.o(i.I2C1_ER_IRQHandler) for I2C1_ER_IRQHandler
    startup_stm32f407xx.o(RESET) refers to stm32f4xx_it.o(i.USART3_IRQHandler) for USART3_IRQHandler
    startup_stm32f407xx.o(RESET) refers to stm32f4xx_it.o(i.DMA2_Stream0_IRQHandler) for DMA2_Stream0_IRQHandler
    startup_stm32f407xx.o(RESET) refers to stm32f4xx_it.o(i.DMA2_Stream1_IRQHandler) for DMA2_Stream1_IRQHandler
    startup_stm32f407xx.o(.text) refers to system_stm32f4xx.o(i.SystemInit) for SystemInit
    startup_stm32f407xx.o(.text) refers to entry.o(.ARM.Collect$$$$00000000) for __main
    mpu6050_i2c.o(i.I2C_End) refers to stm32f4xx_hal_gpio.o(i.HAL_GPIO_WritePin) for HAL_GPIO_WritePin
    mpu6050_i2c.o(i.I2C_End) refers to mpu6050_i2c.o(i.I2C_Delay) for I2C_Delay
    mpu6050_i2c.o(i.I2C_ReadByte) refers to stm32f4xx_hal_gpio.o(i.HAL_GPIO_WritePin) for HAL_GPIO_WritePin
    mpu6050_i2c.o(i.I2C_ReadByte) refers to mpu6050_i2c.o(i.I2C_Delay) for I2C_Delay
    mpu6050_i2c.o(i.I2C_ReadByte) refers to stm32f4xx_hal_gpio.o(i.HAL_GPIO_ReadPin) for HAL_GPIO_ReadPin
    mpu6050_i2c.o(i.I2C_ReadByte) refers to mpu6050_i2c.o(i.IIC_Send_ACK) for IIC_Send_ACK
    mpu6050_i2c.o(i.I2C_SendByte) refers to stm32f4xx_hal_gpio.o(i.HAL_GPIO_WritePin) for HAL_GPIO_WritePin
    mpu6050_i2c.o(i.I2C_SendByte) refers to mpu6050_i2c.o(i.I2C_Delay) for I2C_Delay
    mpu6050_i2c.o(i.I2C_SendByte) refers to mpu6050_i2c.o(i.IIC_Get_ACK) for IIC_Get_ACK
    mpu6050_i2c.o(i.I2C_Start) refers to stm32f4xx_hal_gpio.o(i.HAL_GPIO_WritePin) for HAL_GPIO_WritePin
    mpu6050_i2c.o(i.I2C_Start) refers to mpu6050_i2c.o(i.I2C_Delay) for I2C_Delay
    mpu6050_i2c.o(i.IIC_Get_ACK) refers to stm32f4xx_hal_gpio.o(i.HAL_GPIO_WritePin) for HAL_GPIO_WritePin
    mpu6050_i2c.o(i.IIC_Get_ACK) refers to mpu6050_i2c.o(i.I2C_Delay) for I2C_Delay
    mpu6050_i2c.o(i.IIC_Get_ACK) refers to stm32f4xx_hal_gpio.o(i.HAL_GPIO_ReadPin) for HAL_GPIO_ReadPin
    mpu6050_i2c.o(i.IIC_Send_ACK) refers to stm32f4xx_hal_gpio.o(i.HAL_GPIO_WritePin) for HAL_GPIO_WritePin
    mpu6050_i2c.o(i.IIC_Send_ACK) refers to mpu6050_i2c.o(i.I2C_Delay) for I2C_Delay
    mpu6050_i2c.o(i.MPU_Read_Byte) refers to mpu6050_i2c.o(i.I2C_Start) for I2C_Start
    mpu6050_i2c.o(i.MPU_Read_Byte) refers to mpu6050_i2c.o(i.I2C_SendByte) for I2C_SendByte
    mpu6050_i2c.o(i.MPU_Read_Byte) refers to mpu6050_i2c.o(i.I2C_ReadByte) for I2C_ReadByte
    mpu6050_i2c.o(i.MPU_Read_Byte) refers to mpu6050_i2c.o(i.I2C_End) for I2C_End
    mpu6050_i2c.o(i.MPU_Read_Len) refers to mpu6050_i2c.o(i.I2C_Start) for I2C_Start
    mpu6050_i2c.o(i.MPU_Read_Len) refers to mpu6050_i2c.o(i.I2C_SendByte) for I2C_SendByte
    mpu6050_i2c.o(i.MPU_Read_Len) refers to mpu6050_i2c.o(i.I2C_ReadByte) for I2C_ReadByte
    mpu6050_i2c.o(i.MPU_Read_Len) refers to mpu6050_i2c.o(i.I2C_End) for I2C_End
    mpu6050_i2c.o(i.MPU_Write_Byte) refers to mpu6050_i2c.o(i.I2C_Start) for I2C_Start
    mpu6050_i2c.o(i.MPU_Write_Byte) refers to mpu6050_i2c.o(i.I2C_SendByte) for I2C_SendByte
    mpu6050_i2c.o(i.MPU_Write_Byte) refers to mpu6050_i2c.o(i.I2C_End) for I2C_End
    mpu6050_i2c.o(i.MPU_Write_Len) refers to mpu6050_i2c.o(i.I2C_Start) for I2C_Start
    mpu6050_i2c.o(i.MPU_Write_Len) refers to mpu6050_i2c.o(i.I2C_SendByte) for I2C_SendByte
[...]
    HAL_TIM_PWM_MspInit                      0x08004f1d   Thumb Code    54  tim.o(i.HAL_TIM_PWM_MspInit)
    HAL_TIM_PWM_Start                        0x08004f5d   Thumb Code   190  stm32f4xx_hal_tim.o(i.HAL_TIM_PWM_Start)
    HAL_UARTEx_RxEventCallback               0x08005039   Thumb Code     2  stm32f4xx_hal_uart.o(i.HAL_UARTEx_RxEventCallback)
    HAL_UART_ErrorCallback                   0x0800503b   Thumb Code     2  stm32f4xx_hal_uart.o(i.HAL_UART_ErrorCallback)
    HAL_UART_IRQHandler                      0x0800503d   Thumb Code   546  stm32f4xx_hal_uart.o(i.HAL_UART_IRQHandler)
    HAL_UART_Init                            0x08005265   Thumb Code   100  stm32f4xx_hal_uart.o(i.HAL_UART_Init)
    HAL_UART_MspInit                         0x080052c9   Thumb Code   194  usart.o(i.HAL_UART_MspInit)
    HAL_UART_Receive_IT                      0x080053a1   Thumb Code    46  stm32f4xx_hal_uart.o(i.HAL_UART_Receive_IT)
    HAL_UART_RxCpltCallback                  0x080053d1   Thumb Code   662  main.o(i.HAL_UART_RxCpltCallback)
    HAL_UART_Transmit                        0x080056e9   Thumb Code   190  stm32f4xx_hal_uart.o(i.HAL_UART_Transmit)
    HAL_UART_Transmit_DMA                    0x080057a9   Thumb Code   134  stm32f4xx_hal_uart.o(i.HAL_UART_Transmit_DMA)
    HAL_UART_TxCpltCallback                  0x0800583d   Thumb Code     2  stm32f4xx_hal_uart.o(i.HAL_UART_TxCpltCallback)
    HAL_UART_TxHalfCpltCallback              0x0800583f   Thumb Code     2  stm32f4xx_hal_uart.o(i.HAL_UART_TxHalfCpltCallback)
    HardFault_Handler                        0x08005841   Thumb Code     2  stm32f4xx_it.o(i.HardFault_Handler)
    I2C1_ER_IRQHandler                       0x08005845   Thumb Code     6  stm32f4xx_it.o(i.I2C1_ER_IRQHandler)
    I2C1_EV_IRQHandler                       0x08005851   Thumb Code     6  stm32f4xx_it.o(i.I2C1_EV_IRQHandler)
    I2C_Delay                                0x08005935   Thumb Code    10  mpu6050_i2c.o(i.I2C_Delay)
    I2C_End                                  0x08005941   Thumb Code    50  mpu6050_i2c.o(i.I2C_End)
    I2C_ReadByte                             0x08006105   Thumb Code    92  mpu6050_i2c.o(i.I2C_ReadByte)
    I2C_SendByte                             0x08006165   Thumb Code    88  mpu6050_i2c.o(i.I2C_SendByte)
    I2C_Start                                0x080064ad   Thumb Code    60  mpu6050_i2c.o(i.I2C_Start)
    IIC_Get_ACK                              0x08006769   Thumb Code    60  mpu6050_i2c.o(i.IIC_Get_ACK)
    IIC_Send_ACK                             0x080067a9   Thumb Code    64  mpu6050_i2c.o(i.IIC_Send_ACK)
    MPU6050_config                           0x080067ed   Thumb Code   240  mpu6050.o(i.MPU6050_config)
    MPU6050_data_ready_cb                    0x08006931   Thumb Code   280  mpu6050.o(i.MPU6050_data_ready_cb)
    MPU6050_mpl_init                         0x08006a55   Thumb Code    28  mpu6050.o(i.MPU6050_mpl_init)
    MPU6050_mpu_init                         0x08006aa9   Thumb Code    32  mpu6050.o(i.MPU6050_mpu_init)
    MPU_Read_Len                             0x08006b1d   Thumb Code    84  mpu6050_i2c.o(i.MPU_Read_Len)
    MPU_Write_Len                            0x08006b71   Thumb Code    58  mpu6050_i2c.o(i.MPU_Write_Len)
    MX_DCMI_Init                             0x08006bad   Thumb Code    46  dcmi.o(i.MX_DCMI_Init)
    MX_DMA_Init                              0x08006be5   Thumb Code   156  dma.o(i.MX_DMA_Init)
    MX_GPIO_Init                             0x08006c8d   Thumb Code   294  gpio.o(i.MX_GPIO_Init)
    MX_I2S3_Init                             0x08006dc9   Thumb Code    54  i2s.o(i.MX_I2S3_Init)
    MX_TIM2_Init                             0x08006e09   Thumb Code   122  tim.o(i.MX_TIM2_Init)
    MX_TIM3_Init                             0x08006e89   Thumb Code    98  tim.o(i.MX_TIM3_Init)
    MX_TIM4_Init                             0x08006ef5   Thumb Code    98  tim.o(i.MX_TIM4_Init)
    MX_TIM5_Init                             0x08006f61   Thumb Code   120  tim.o(i.MX_TIM5_Init)
    MX_USART3_UART_Init                      0x08006fe1   Thumb Code    48  usart.o(i.MX_USART3_UART_Init)
    MemManage_Handler                        0x08007019   Thumb Code     2  stm32f4xx_it.o(i.MemManage_Handler)
    NMI_Handler                              0x0800701b   Thumb Code     2  stm32f4xx_it.o(i.NMI_Handler)
    PendSV_Handler                           0x0800701d   Thumb Code     2  stm32f4xx_it.o(i.PendSV_Handler)
    SVC_Handler                              0x0800701f   Thumb Code     2  stm32f4xx_it.o(i.SVC_Handler)
    SysTick_Handler                          0x08007021   Thumb Code    22  stm32f4xx_it.o(i.SysTick_Handler)
    SystemClock_Config                       0x08007041   Thumb Code   158  main.o(i.SystemClock_Config)
    SystemInit                               0x080070e9   Thumb Code    12  system_stm32f4xx.o(i.SystemInit)
    TIM_Base_SetConfig                       0x080070f9   Thumb Code   160  stm32f4xx_hal_tim.o(i.TIM_Base_SetConfig)
    TIM_CCxChannelCmd                        0x080071c5   Thumb Code    26  stm32f4xx_hal_tim.o(i.TIM_CCxChannelCmd)
    TIM_OC2_SetConfig                        0x08007249   Thumb Code   106  stm32f4xx_hal_tim.o(i.TIM_OC2_SetConfig)
    UART_Start_Receive_IT                    0x08007685   Thumb Code    54  stm32f4xx_hal_uart.o(i.UART_Start_Receive_IT)
    USART3_IRQHandler                        0x0800778d   Thumb Code     6  stm32f4xx_it.o(i.USART3_IRQHandler)
    UsageFault_Handler                       0x08007799   Thumb Code     2  stm32f4xx_it.o(i.UsageFault_Handler)
    _MLPrintLog                              0x0800779b   Thumb Code   156  log_stm32.o(i._MLPrintLog)
    __0printf                                0x08007839   Thumb Code    22  printfa.o(i.__0printf)
    __1printf                                0x08007839   Thumb Code     0  printfa.o(i.__0printf)
    __2printf                                0x08007839   Thumb Code     0  printfa.o(i.__0printf)
    __c89printf                              0x08007839   Thumb Code     0  printfa.o(i.__0printf)
    printf                                   0x08007839   Thumb Code     0  printfa.o(i.__0printf)
    __0vsprintf                              0x08007859   Thumb Code    30  printfa.o(i.__0vsprintf)
    __1vsprintf                              0x08007859   Thumb Code     0  printfa.o(i.__0vsprintf)
    __2vsprintf                              0x08007859   Thumb Code     0  printfa.o(i.__0vsprintf)
    __c89vsprintf                            0x08007859   Thumb Code     0  printfa.o(i.__0vsprintf)
    vsprintf                                 0x08007859   Thumb Code     0  printfa.o(i.__0vsprintf)
    __ARM_fpclassify                         0x0800787d   Thumb Code    48  fpclassify.o(i.__ARM_fpclassify)
    __ARM_fpclassifyf                        0x080078ad   Thumb Code    38  fpclassifyf.o(i.__ARM_fpclassifyf)
    __hardfp_acosf                           0x080078f5   Thumb Code   234  acosf.o(i.__hardfp_acosf)
    __hardfp_atan2f                          0x08007a0d   Thumb Code   594  atan2f.o(i.__hardfp_atan2f)
    __hardfp_cosf                            0x08007cb9   Thumb Code   280  cosf.o(i.__hardfp_cosf)
    __hardfp_pow                             0x08007e09   Thumb Code  3072  pow.o(i.__hardfp_pow)
    __hardfp_sinf                            0x08008a59   Thumb Code   344  sinf.o(i.__hardfp_sinf)
    __hardfp_sqrtf                           0x08008be9   Thumb Code    58  sqrtf.o(i.__hardfp_sqrtf)
    __kernel_poly                            0x08008c23   Thumb Code   248  poly.o(i.__kernel_poly)
    __mathlib_dbl_divzero                    0x08008d21   Thumb Code    28  dunder.o(i.__mathlib_dbl_divzero)
    __mathlib_dbl_infnan2                    0x08008d51   Thumb Code    20  dunder.o(i.__mathlib_dbl_infnan2)
    __mathlib_dbl_invalid                    0x08008d69   Thumb Code    24  dunder.o(i.__mathlib_dbl_invalid)
    __mathlib_dbl_overflow                   0x08008d89   Thumb Code    24  dunder.o(i.__mathlib_dbl_overflow)
    __mathlib_dbl_underflow                  0x08008da9   Thumb Code    24  dunder.o(i.__mathlib_dbl_underflow)
    __mathlib_flt_infnan                     0x08008dc9   Thumb Code     6  funder.o(i.__mathlib_flt_infnan)
    __mathlib_flt_infnan2                    0x08008dcf   Thumb Code     6  funder.o(i.__mathlib_flt_infnan2)
    __mathlib_flt_invalid                    0x08008dd5   Thumb Code    10  funder.o(i.__mathlib_flt_invalid)
    __mathlib_flt_underflow                  0x08008de5   Thumb Code    10  funder.o(i.__mathlib_flt_underflow)
    __mathlib_rredf2                         0x08008df5   Thumb Code   316  rredf.o(i.__mathlib_rredf2)
    __scatterload_copy                       0x08008f79   Thumb Code    14  handlers.o(i.__scatterload_copy)
    __scatterload_null                       0x08008f87   Thumb Code     2  handlers.o(i.__scatterload_null)
    __scatterload_zeroinit                   0x08008f89   Thumb Code    14  handlers.o(i.__scatterload_zeroinit)
    __set_errno                              0x08008f99   Thumb Code     6  errno.o(i.__set_errno)
    acosf                                    0x08009839   Thumb Code    16  acosf.o(i.acosf)
    balance_pid                              0x08009849   Thumb Code    46  control.o(i.balance_pid)
    control_motor                            0x08009881   Thumb Code   284  control.o(i.control_motor)
    cosf                                     0x080099a1   Thumb Code    16  cosf.o(i.cosf)
    dmp_enable_6x_lp_quat                    0x080099ed   Thumb Code    60  inv_mpu_dmp_motion_driver.o(i.dmp_enable_6x_lp_quat)
    dmp_enable_feature                       0x08009a29   Thumb Code   484  inv_mpu_dmp_motion_driver.o(i.dmp_enable_feature)
    dmp_enable_gyro_cal                      0x08009c15   Thumb Code    62  inv_mpu_dmp_motion_driver.o(i.dmp_enable_gyro_cal)
    dmp_enable_lp_quat                       0x08009c6d   Thumb Code    60  inv_mpu_dmp_motion_driver.o(i.dmp_enable_lp_quat)
    dmp_load_motion_driver_firmware          0x08009ca9   Thumb Code    16  inv_mpu_dmp_motion_driver.o(i.dmp_load_motion_driver_firmware)
    dmp_read_fifo                            0x08009cbd   Thumb Code   384  inv_mpu_dmp_motion_driver.o(i.dmp_read_fifo)
    dmp_set_fifo_rate                        0x08009e41   Thumb Code    96  inv_mpu_dmp_motion_driver.o(i.dmp_set_fifo_rate)
    dmp_set_orientation                      0x08009eb1   Thumb Code   260  inv_mpu_dmp_motion_driver.o(i.dmp_set_orientation)
    dmp_set_shake_reject_thresh              0x08009fc9   Thumb Code    48  inv_mpu_dmp_motion_driver.o(i.dmp_set_shake_reject_thresh)
    dmp_set_shake_reject_time                0x08009ff9   Thumb Code    32  inv_mpu_dmp_motion_driver.o(i.dmp_set_shake_reject_time)
    dmp_set_shake_reject_timeout             0x0800a019   Thumb Code    32  inv_mpu_dmp_motion_driver.o(i.dmp_set_shake_reject_timeout)
    dmp_set_tap_axes                         0x0800a039   Thumb Code    56  inv_mpu_dmp_motion_driver.o(i.dmp_set_tap_axes)
    dmp_set_tap_count                        0x0800a071   Thumb Code    34  inv_mpu_dmp_motion_driver.o(i.dmp_set_tap_count)
    dmp_set_tap_thresh                       0x0800a095   Thumb Code   376  inv_mpu_dmp_motion_driver.o(i.dmp_set_tap_thresh)
    dmp_set_tap_time                         0x0800a231   Thumb Code    32  inv_mpu_dmp_motion_driver.o(i.dmp_set_tap_time)
    dmp_set_tap_time_multi                   0x0800a251   Thumb Code    32  inv_mpu_dmp_motion_driver.o(i.dmp_set_tap_time_multi)
    fabs                                     0x0800a271   Thumb Code    24  fabs.o(i.fabs)
    fputc                                    0x0800a289   Thumb Code    20  main.o(i.fputc)
    get_tick_count                           0x0800a2a1   Thumb Code    12  main.o(i.get_tick_count)
    inv_accel_was_turned_off                 0x0800a2ad   Thumb Code     8  data_builder.o(i.inv_accel_was_turned_off)
    inv_apply_calibration                    0x0800a2b9   Thumb Code   106  data_builder.o(i.inv_apply_calibration)
    inv_biquad_filter_process                0x0800a323   Thumb Code    74  ml_math_func.o(i.inv_biquad_filter_process)
    inv_build_accel                          0x0800a36d   Thumb Code    96  data_builder.o(i.inv_build_accel)
    inv_build_gyro                           0x0800a3d5   Thumb Code    42  data_builder.o(i.inv_build_gyro)
    inv_build_quat                           0x0800a405   Thumb Code    42  data_builder.o(i.inv_build_quat)
    inv_build_temp                           0x0800a435   Thumb Code    22  data_builder.o(i.inv_build_temp)
    inv_calc_state_to_match_output           0x0800a451   Thumb Code    42  ml_math_func.o(i.inv_calc_state_to_match_output)
    inv_compass_angle                        0x0800a47d   Thumb Code   162  ml_math_func.o(i.inv_compass_angle)
    inv_compass_was_turned_off               0x0800a529   Thumb Code    10  data_builder.o(i.inv_compass_was_turned_off)
    inv_convert_to_body_with_scale           0x0800a539   Thumb Code    92  ml_math_func.o(i.inv_convert_to_body_with_scale)
    inv_disable_compass_soft_iron_matrix     0x0800a5dd   Thumb Code    10  data_builder.o(i.inv_disable_compass_soft_iron_matrix)
    inv_enable_eMPL_outputs                  0x0800a5ed   Thumb Code    22  empl_outputs.o(i.inv_enable_eMPL_outputs)
    inv_enable_hal_outputs                   0x0800a609   Thumb Code    16  hal_outputs.o(i.inv_enable_hal_outputs)
    inv_enable_results_holder                0x0800a61d   Thumb Code    22  results_holder.o(i.inv_enable_results_holder)
    inv_execute_mpl_start_notification       0x0800a639   Thumb Code    36  start_manager.o(i.inv_execute_mpl_start_notification)
    inv_execute_on_data                      0x0800a661   Thumb Code   118  data_builder.o(i.inv_execute_on_data)
    inv_generate_hal_outputs                 0x0800a78d   Thumb Code   382  hal_outputs.o(i.inv_generate_hal_outputs)
    inv_generate_results                     0x0800a915   Thumb Code    10  results_holder.o(i.inv_generate_results)
    inv_get_6axis_quaternion                 0x0800a925   Thumb Code    22  results_holder.o(i.inv_get_6axis_quaternion)
    inv_get_acc_state                        0x0800a941   Thumb Code     6  results_holder.o(i.inv_get_acc_state)
    inv_get_accel_accuracy                   0x0800a94d   Thumb Code     6  data_builder.o(i.inv_get_accel_accuracy)
    inv_get_accel_on                         0x0800a959   Thumb Code    12  data_builder.o(i.inv_get_accel_on)
    inv_get_accel_set                        0x0800a969   Thumb Code    42  data_builder.o(i.inv_get_accel_set)
    inv_get_compass_correction               0x0800a999   Thumb Code    18  results_holder.o(i.inv_get_compass_correction)
    inv_get_compass_on                       0x0800a9b1   Thumb Code    12  data_builder.o(i.inv_get_compass_on)
    inv_get_compass_set                      0x0800a9c1   Thumb Code    56  data_builder.o(i.inv_get_compass_set)
    inv_get_gravity                          0x0800aa01   Thumb Code    80  results_holder.o(i.inv_get_gravity)
    inv_get_gyro                             0x0800aa55   Thumb Code    16  data_builder.o(i.inv_get_gyro)
    inv_get_gyro_accuracy                    0x0800aa69   Thumb Code     6  data_builder.o(i.inv_get_gyro_accuracy)
    inv_get_gyro_bias                        0x0800aa75   Thumb Code    34  data_builder.o(i.inv_get_gyro_bias)
    inv_get_gyro_bias_tc_set                 0x0800aaa1   Thumb Code    24  data_builder.o(i.inv_get_gyro_bias_tc_set)
    inv_get_gyro_on                          0x0800aabd   Thumb Code    10  data_builder.o(i.inv_get_gyro_on)
    inv_get_gyro_set                         0x0800aacd   Thumb Code    40  data_builder.o(i.inv_get_gyro_set)
    inv_get_gyro_sum_of_sqr                  0x0800aaf9   Thumb Code    24  ml_math_func.o(i.inv_get_gyro_sum_of_sqr)
    inv_get_last_timestamp                   0x0800ab11   Thumb Code    66  data_builder.o(i.inv_get_last_timestamp)
    inv_get_linear_accel                     0x0800ab59   Thumb Code    62  results_holder.o(i.inv_get_linear_accel)
    inv_get_local_field                      0x0800ab99   Thumb Code    16  results_holder.o(i.inv_get_local_field)
    inv_get_mag_accuracy                     0x0800abad   Thumb Code    22  data_builder.o(i.inv_get_mag_accuracy)
    inv_get_motion_state                     0x0800abcd   Thumb Code    12  results_holder.o(i.inv_get_motion_state)
    inv_get_quaternion                       0x0800abdd   Thumb Code    44  results_holder.o(i.inv_get_quaternion)
    inv_get_quaternion_set                   0x0800ac0d   Thumb Code    64  results_holder.o(i.inv_get_quaternion_set)
    inv_get_sensor_type_euler                0x0800ac4d   Thumb Code   438  empl_outputs.o(i.inv_get_sensor_type_euler)
    inv_get_sensor_type_gyro                 0x0800ae29   Thumb Code    22  empl_outputs.o(i.inv_get_sensor_type_gyro)
    inv_got_compass_bias                     0x0800ae45   Thumb Code     6  results_holder.o(i.inv_got_compass_bias)
    inv_gyro_was_turned_off                  0x0800ae51   Thumb Code     8  data_builder.o(i.inv_gyro_was_turned_off)
    inv_init_biquad_filter                   0x0800ae5d   Thumb Code    38  ml_math_func.o(i.inv_init_biquad_filter)
    inv_init_data_builder                    0x0800ae89   Thumb Code    44  data_builder.o(i.inv_init_data_builder)
    inv_init_hal_outputs                     0x0800aed9   Thumb Code    44  hal_outputs.o(i.inv_init_hal_outputs)
    inv_init_mpl                             0x0800af0d   Thumb Code    94  mpl.o(i.inv_init_mpl)
    inv_init_results_holder                  0x0800af8d   Thumb Code    40  results_holder.o(i.inv_init_results_holder)
    inv_init_start_manager                   0x0800afbd   Thumb Code    14  start_manager.o(i.inv_init_start_manager)
    inv_init_storage_manager                 0x0800afd1   Thumb Code    20  storage_manager.o(i.inv_init_storage_manager)
    inv_orientation_matrix_to_scalar         0x0800afe9   Thumb Code    36  ml_math_func.o(i.inv_orientation_matrix_to_scalar)
    inv_q29_mult                             0x0800b00d   Thumb Code    12  ml_math_func.o(i.inv_q29_mult)
    inv_q30_mult                             0x0800b019   Thumb Code    12  ml_math_func.o(i.inv_q30_mult)
    inv_q_add                                0x0800b025   Thumb Code    36  ml_math_func.o(i.inv_q_add)
    inv_q_addf                               0x0800b049   Thumb Code    66  ml_math_func.o(i.inv_q_addf)
    inv_q_invert                             0x0800b08b   Thumb Code    24  ml_math_func.o(i.inv_q_invert)
    inv_q_invertf                            0x0800b0a3   Thumb Code    46  ml_math_func.o(i.inv_q_invertf)
    inv_q_mult                               0x0800b0d1   Thumb Code   176  ml_math_func.o(i.inv_q_mult)
    inv_q_multf                              0x0800b181   Thumb Code   210  ml_math_func.o(i.inv_q_multf)
    inv_q_norm4                              0x0800b255   Thumb Code   126  ml_math_func.o(i.inv_q_norm4)
    inv_q_normalizef                         0x0800b2d9   Thumb Code   174  ml_math_func.o(i.inv_q_normalizef)
    inv_q_rotate                             0x0800b38d   Thumb Code    62  ml_math_func.o(i.inv_q_rotate)
    inv_quaternion_sensor_was_turned_off     0x0800b3cd   Thumb Code    10  data_builder.o(i.inv_quaternion_sensor_was_turned_off)
    inv_quaternion_to_rotation               0x0800b3dd   Thumb Code   218  ml_math_func.o(i.inv_quaternion_to_rotation)
    inv_register_data_cb                     0x0800b4b9   Thumb Code   164  data_builder.o(i.inv_register_data_cb)
    inv_register_load_store                  0x0800b569   Thumb Code   104  storage_manager.o(i.inv_register_load_store)
    inv_register_mpl_start_notification      0x0800b5d5   Thumb Code    28  start_manager.o(i.inv_register_mpl_start_notification)
    inv_reset_compass_soft_iron_matrix       0x0800b5f5   Thumb Code    68  data_builder.o(i.inv_reset_compass_soft_iron_matrix)
    inv_set_accel_orientation_and_scale      0x0800b68d   Thumb Code    10  data_builder.o(i.inv_set_accel_orientation_and_scale)
    inv_set_accel_sample_rate                0x0800b69d   Thumb Code    34  data_builder.o(i.inv_set_accel_sample_rate)
    inv_set_compass_bias_found               0x0800b6c9   Thumb Code     6  results_holder.o(i.inv_set_compass_bias_found)
    inv_set_compass_correction               0x0800b6d5   Thumb Code    30  results_holder.o(i.inv_set_compass_correction)
    inv_set_compass_disturbance              0x0800b6f9   Thumb Code     8  data_builder.o(i.inv_set_compass_disturbance)
    inv_set_gyro_bias                        0x0800b799   Thumb Code    90  data_builder.o(i.inv_set_gyro_bias)
    inv_set_gyro_orientation_and_scale       0x0800b7f9   Thumb Code    10  data_builder.o(i.inv_set_gyro_orientation_and_scale)
    inv_set_gyro_sample_rate                 0x0800b809   Thumb Code    30  data_builder.o(i.inv_set_gyro_sample_rate)
    inv_set_message                          0x0800b831   Thumb Code    16  message_layer.o(i.inv_set_message)
    inv_set_motion_state                     0x0800b845   Thumb Code    52  results_holder.o(i.inv_set_motion_state)
    inv_start_hal_outputs                    0x0800b88d   Thumb Code    12  hal_outputs.o(i.inv_start_hal_outputs)
    inv_start_mpl                            0x0800b89d   Thumb Code    34  mpl.o(i.inv_start_mpl)
    inv_start_results_holder                 0x0800b8e1   Thumb Code    18  results_holder.o(i.inv_start_results_holder)
    inv_store_gaming_quaternion              0x0800b8f9   Thumb Code    30  results_holder.o(i.inv_store_gaming_quaternion)
    inv_unregister_data_cb                   0x0800b91d   Thumb Code    86  data_builder.o(i.inv_unregister_data_cb)
    inv_unregister_mpl_start_notification    0x0800b979   Thumb Code    70  start_manager.o(i.inv_unregister_mpl_start_notification)
    main                                     0x0800b9c5   Thumb Code   128  main.o(i.main)
    mpu_configure_fifo                       0x0800ba6d   Thumb Code    90  inv_mpu.o(i.mpu_configure_fifo)
    mpu_get_accel_fsr                        0x0800bacd   Thumb Code    62  inv_mpu.o(i.mpu_get_accel_fsr)
    mpu_get_fifo_config                      0x0800bb11   Thumb Code    10  inv_mpu.o(i.mpu_get_fifo_config)
    mpu_get_gyro_fsr                         0x0800bb21   Thumb Code    58  inv_mpu.o(i.mpu_get_gyro_fsr)
    mpu_get_lpf                              0x0800bb61   Thumb Code    64  inv_mpu.o(i.mpu_get_lpf)
    mpu_get_sample_rate                      0x0800bba5   Thumb Code    24  inv_mpu.o(i.mpu_get_sample_rate)
    mpu_get_temperature                      0x0800bbc1   Thumb Code   134  inv_mpu.o(i.mpu_get_temperature)
    mpu_init                                 0x0800bc55   Thumb Code   206  inv_mpu.o(i.mpu_init)
    mpu_load_firmware                        0x0800bd29   Thumb Code   174  inv_mpu.o(i.mpu_load_firmware)
    mpu_lp_accel_mode                        0x0800bddd   Thumb Code   204  inv_mpu.o(i.mpu_lp_accel_mode)
    mpu_lp_motion_interrupt                  0x0800bead   Thumb Code   182  inv_mpu.o(i.mpu_lp_motion_interrupt)
    mpu_read_fifo_stream                     0x0800bf69   Thumb Code   166  inv_mpu.o(i.mpu_read_fifo_stream)
    mpu_read_mem                             0x0800c015   Thumb Code   106  inv_mpu.o(i.mpu_read_mem)
    mpu_reset_fifo                           0x0800c085   Thumb Code   360  inv_mpu.o(i.mpu_reset_fifo)
    mpu_set_accel_fsr                        0x0800c1f1   Thumb Code   110  inv_mpu.o(i.mpu_set_accel_fsr)
    mpu_set_bypass                           0x0800c265   Thumb Code   276  inv_mpu.o(i.mpu_set_bypass)
    mpu_set_dmp_state                        0x0800c37d   Thumb Code   118  inv_mpu.o(i.mpu_set_dmp_state)
    mpu_set_gyro_fsr                         0x0800c3f9   Thumb Code   116  inv_mpu.o(i.mpu_set_gyro_fsr)
    mpu_set_int_latched                      0x0800c471   Thumb Code    92  inv_mpu.o(i.mpu_set_int_latched)
    mpu_set_lpf                              0x0800c4d1   Thumb Code   118  inv_mpu.o(i.mpu_set_lpf)
    mpu_set_sample_rate                      0x0800c54d   Thumb Code   126  inv_mpu.o(i.mpu_set_sample_rate)
    mpu_set_sensors                          0x0800c5d1   Thumb Code   172  inv_mpu.o(i.mpu_set_sensors)
    mpu_write_mem                            0x0800c681   Thumb Code   106  inv_mpu.o(i.mpu_write_mem)
    output                                   0x0800c6f1   Thumb Code   816  control.o(i.output)
    set_sensor_orientation_and_scale         0x0800cae5   Thumb Code     6  data_builder.o(i.set_sensor_orientation_and_scale)
    sinf                                     0x0800caeb   Thumb Code    16  sinf.o(i.sinf)
    sqrt                                     0x0800cafb   Thumb Code   110  sqrt.o(i.sqrt)
    sqrtf                                    0x0800cb69   Thumb Code    62  sqrtf.o(i.sqrtf)
    turn_pid                                 0x0800cba9   Thumb Code   258  control.o(i.turn_pid)
    velocity_pid                             0x0800cccd   Thumb Code   410  control.o(i.velocity_pid)
    word_to_double                           0x0800cea5   Thumb Code   156  main.o(i.word_to_double)
    AHBPrescTable                            0x0800cf60   Data          16  system_stm32f4xx.o(.constdata)
    APBPrescTable                            0x0800cf70   Data           8  system_stm32f4xx.o(.constdata)
    reg                                      0x0800db6e   Data          30  inv_mpu.o(.constdata)
    hw                                       0x0800db8c   Data          12  inv_mpu.o(.constdata)
    test                                     0x0800db98   Data          40  inv_mpu.o(.constdata)
    ml_ver                                   0x0800dbc0   Data          20  mpl.o(.constdata)
    __mathlib_zero                           0x0800dc78   Data           8  qnan.o(.constdata)
    Region$$Table$$Base                      0x0800ddb0   Number         0  anon$$obj.o(Region$$Table)
    Region$$Table$$Limit                     0x0800ddd0   Number         0  anon$$obj.o(Region$$Table)
    mpl_key                                  0x20000000   Data           4  mpu6050.o(.data)
    gyro_pdata                               0x2000000c   Data           9  mpu6050.o(.data)
    flag_left                                0x20000018   Data           1  control.o(.data)
    flag_right                               0x20000019   Data           1  control.o(.data)
    flag_fore                                0x2000001a   Data           1  control.o(.data)
    flag_back                                0x2000001b   Data           1  control.o(.data)
    flag_speed                               0x2000001c   Data           1  control.o(.data)
    TURN_ON                                  0x2000001d   Data           1  control.o(.data)
    PRINT_ON                                 0x2000001e   Data           1  control.o(.data)
    Moto1_pwm                                0x20000028   Data           4  control.o(.data)
    Moto2_pwm                                0x2000002c   Data           4  control.o(.data)
    balance_kp                               0x20000030   Data           4  control.o(.data)
    balance_kd                               0x20000034   Data           4  control.o(.data)
    velocity_kp                              0x20000038   Data           4  control.o(.data)
    velocity_ki                              0x2000003c   Data           4  control.o(.data)
    turn_kp                                  0x20000040   Data           4  control.o(.data)
    turn_kd                                  0x20000044   Data           4  control.o(.data)
    target_speed                             0x20000048   Data           4  control.o(.data)
    target_movement                          0x2000004c   Data           4  control.o(.data)
    speed_integral                           0x20000050   Data           4  control.o(.data)
    Mechanical_balance                       0x20000054   Data           4  control.o(.data)
    angle_now                                0x20000058   Data           4  control.o(.data)
    last_target_speed                        0x2000005c   Data           4  control.o(.data)
    last_vkp                                 0x20000060   Data           4  control.o(.data)
    actural_target_speed                     0x20000078   Data           4  control.o(.data)
    actural_vkp                              0x2000007c   Data           4  control.o(.data)
    flag_movement                            0x20000080   Data           1  control.o(.data)
    nexttemp                                 0x20000084   Data           1  main.o(.data)
    FLAG_MAIN_INITIAL                        0x20000085   Data           1  main.o(.data)
    temp0                                    0x20000086   Data           1  main.o(.data)
    temp1                                    0x20000087   Data           1  main.o(.data)
    num                                      0x20000088   Data           4  main.o(.data)
    dma                                      0x20000090   Data           8  main.o(.data)
    DCMI_OVER_FLAG                           0x20000098   Data           1  main.o(.data)
    Pic_Time                                 0x2000009c   Data           4  stm32f4xx_it.o(.data)
    uwTickFreq                               0x200000a0   Data           1  stm32f4xx_hal.o(.data)
    uwTickPrio                               0x200000a4   Data           4  stm32f4xx_hal.o(.data)
    uwTick                                   0x200000a8   Data           4  stm32f4xx_hal.o(.data)
    SystemCoreClock                          0x200000ac   Data           4  system_stm32f4xx.o(.data)
    compass_low_pass_filter_coeff            0x200000dc   Data          20  hal_outputs.o(.data)
    __stdout                                 0x200000f4   Data           4  stdout.o(.data)
    hal                                      0x200000fc   Data          36  mpu6050.o(.bss)
    Encoder_1                                0x20000120   Data          12  encoder.o(.bss)
    Encoder_2                                0x2000012c   Data          12  encoder.o(.bss)
    uart_rx                                  0x20000138   Data          55  main.o(.bss)
    hdcmi                                    0x20000170   Data          64  dcmi.o(.bss)
    hdma_dcmi                                0x200001b0   Data          96  dcmi.o(.bss)
    hdma_memtomem_dma2_stream0               0x20000210   Data          96  dma.o(.bss)
    hi2c1                                    0x20000270   Data          84  i2c.o(.bss)
    hi2s3                                    0x200002c4   Data          72  i2s.o(.bss)
    hdma_spi3_rx                             0x2000030c   Data          96  i2s.o(.bss)
    htim2                                    0x2000036c   Data          72  tim.o(.bss)
    htim3                                    0x200003b4   Data          72  tim.o(.bss)
    htim4                                    0x200003fc   Data          72  tim.o(.bss)
    htim5                                    0x20000444   Data          72  tim.o(.bss)
    huart3                                   0x2000048c   Data          68  usart.o(.bss)
    hdma_usart3_tx                           0x200004d0   Data          96  usart.o(.bss)
    sensors                                  0x200006a8   Data         408  data_builder.o(.bss)
    fnm                                      0x20000b78   Data         608  fast_no_motion.o(.bss)
    s9axis                                   0x20000e18   Data         312  fusion_9axis.o(.bss)
    mag_disturb                              0x20001180   Data         184  mag_disturb.o(.bss)
    __initial_sp                             0x20001638   Data           0  startup_stm32f407xx.o(STACK)



==============================================================================

Memory Map of the image

  Image Entry point : 0x08000189

  Load Region LR_IROM1 (Base: 0x08000000, Size: 0x0000decc, Max: 0x00080000, ABSOLUTE)

    Execution Region ER_IROM1 (Exec base: 0x08000000, Load base: 0x08000000, Size: 0x0000ddd0, Max: 0x00080000, ABSOLUTE)

    Exec Addr    Load Addr    Size         Type   Attr      Idx    E Section Name        Object

    0x08000000   0x08000000   0x00000188   Data   RO            3    RESET               startup_stm32f407xx.o
    0x08000188   0x08000188   0x00000000   Code   RO         7136  * .ARM.Collect$$$$00000000  mc_w.l(entry.o)
    0x08000188   0x08000188   0x00000004   Code   RO         7516    .ARM.Collect$$$$00000001  mc_w.l(entry2.o)
    0x0800018c   0x0800018c   0x00000004   Code   RO         7519    .ARM.Collect$$$$00000004  mc_w.l(entry5.o)
    0x08000190   0x08000190   0x00000000   Code   RO         7521    .ARM.Collect$$$$00000008  mc_w.l(entry7b.o)
    0x08000190   0x08000190   0x00000000   Code   RO         7523    .ARM.Collect$$$$0000000A  mc_w.l(entry8b.o)
    0x08000190   0x08000190   0x00000008   Code   RO         7524    .ARM.Collect$$$$0000000B  mc_w.l(entry9a.o)
    0x08000198   0x08000198   0x00000004   Code   RO         7531    .ARM.Collect$$$$0000000E  mc_w.l(entry12b.o)
    0x0800019c   0x0800019c   0x00000000   Code   RO         7526    .ARM.Collect$$$$0000000F  mc_w.l(entry10a.o)
    0x0800019c   0x0800019c   0x00000000   Code   RO         7528    .ARM.Collect$$$$00000011  mc_w.l(entry11a.o)
    0x0800019c   0x0800019c   0x00000004   Code   RO         7517    .ARM.Collect$$$$00002712  mc_w.l(entry2.o)
    0x080001a0   0x080001a0   0x00000024   Code   RO            4    .text               startup_stm32f407xx.o
    0x080001c4   0x080001c4   0x000009f4   Code   RO         6751    .text               libmpllib.lib(fast_no_motion.o)
    0x08000bb8   0x08000bb8   0x0000065c   Code   RO         6842    .text               libmpllib.lib(fusion_9axis.o)
    0x08001214   0x08001214   0x000004bc   Code   RO         6867    .text               libmpllib.lib(gyro_tc.o)
    0x080016d0   0x080016d0   0x00000940   Code   RO         6888    .text               libmpllib.lib(quaternion_supervisor.o)
    0x08002010   0x08002010   0x00000550   Code   RO         6906    .text               libmpllib.lib(mag_disturb.o)
    0x08002560   0x08002560   0x00000062   Code   RO         7139    .text               mc_w.l(uldiv.o)
    0x080025c2   0x080025c2   0x00000062   Code   RO         7141    .text               mc_w.l(ldiv.o)
    0x08002624   0x08002624   0x0000001e   Code   RO         7143    .text               mc_w.l(llshl.o)
    0x08002642   0x08002642   0x00000024   Code   RO         7145    .text               mc_w.l(llsshr.o)
    0x08002666   0x08002666   0x00000040   Code   RO         7149    .text               mc_w.l(memmovea.o)
    0x080026a6   0x080026a6   0x00000024   Code   RO         7151    .text               mc_w.l(memseta.o)
    0x080026ca   0x080026ca   0x0000001a   Code   RO         7153    .text               mc_w.l(memcmp.o)
    0x080026e4   0x080026e4   0x000000b0   Code   RO         7420    .text               mf_w.l(fadd.o)
    0x08002794   0x08002794   0x00000064   Code   RO         7422    .text               mf_w.l(fmul.o)
    0x080027f8   0x080027f8   0x0000007c   Code   RO         7424    .text               mf_w.l(fdiv.o)
    0x08002874   0x08002874   0x00000018   Code   RO         7426    .text               mf_w.l(fscalb.o)
    0x0800288c   0x0800288c   0x0000014e   Code   RO         7428    .text               mf_w.l(dadd.o)
    0x080029da   0x080029da   0x000000e4   Code   RO         7430    .text               mf_w.l(dmul.o)
    0x08002abe   0x08002abe   0x000000de   Code   RO         7432    .text               mf_w.l(ddiv.o)
    0x08002b9c   0x08002b9c   0x0000002e   Code   RO         7436    .text               mf_w.l(dscalb.o)
    0x08002bca   0x08002bca   0x00000012   Code   RO         7438    .text               mf_w.l(fflti.o)
    0x08002bdc   0x08002bdc   0x0000000a   Code   RO         7440    .text               mf_w.l(ffltui.o)
    0x08002be6   0x08002be6   0x0000002c   Code   RO         7442    .text               mf_w.l(ffltl.o)
    0x08002c12   0x08002c12   0x00000022   Code   RO         7444    .text               mf_w.l(dflti.o)
    0x08002c34   0x08002c34   0x00000032   Code   RO         7446    .text               mf_w.l(ffixi.o)
    0x08002c66   0x08002c66   0x00000042   Code   RO         7448    .text               mf_w.l(ffixl.o)
    0x08002ca8   0x08002ca8   0x0000003e   Code   RO         7450    .text               mf_w.l(dfixi.o)
    0x08002ce6   0x08002ce6   0x00000026   Code   RO         7452    .text               mf_w.l(f2d.o)
    0x08002d0c   0x08002d0c   0x00000030   Code   RO         7456    .text               mf_w.l(cdrcmple.o)
    0x08002d3c   0x08002d3c   0x00000038   Code   RO         7458    .text               mf_w.l(d2f.o)
    0x08002d74   0x08002d74   0x00000014   Code   RO         7460    .text               mf_w.l(cfcmple.o)
    0x08002d88   0x08002d88   0x00000014   Code   RO         7462    .text               mf_w.l(cfrcmple.o)
    0x08002d9c   0x08002d9c   0x0000002c   Code   RO         7533    .text               mc_w.l(uidiv.o)
    0x08002dc8   0x08002dc8   0x00000020   Code   RO         7535    .text               mc_w.l(llushr.o)
    0x08002de8   0x08002de8   0x00000000   Code   RO         7544    .text               mc_w.l(iusefp.o)
    0x08002de8   0x08002de8   0x0000006e   Code   RO         7545    .text               mf_w.l(fepilogue.o)
    0x08002e56   0x08002e56   0x000000ba   Code   RO         7547    .text               mf_w.l(depilogue.o)
    0x08002f10   0x08002f10   0x000000a2   Code   RO         7549    .text               mf_w.l(dsqrt.o)
    0x08002fb2   0x08002fb2   0x00000030   Code   RO         7551    .text               mf_w.l(dfixul.o)
    0x08002fe2   0x08002fe2   0x00000002   PAD
    0x08002fe4   0x08002fe4   0x00000024   Code   RO         7553    .text               mc_w.l(init.o)
    0x08003008   0x08003008   0x00000002   Code   RO          968    i.BusFault_Handler  stm32f4xx_it.o
    0x0800300a   0x0800300a   0x00000002   PAD
    0x0800300c   0x0800300c   0x0000000c   Code   RO          969    i.DMA1_Stream0_IRQHandler  stm32f4xx_it.o
    0x08003018   0x08003018   0x0000000c   Code   RO          970    i.DMA1_Stream3_IRQHandler  stm32f4xx_it.o
    0x08003024   0x08003024   0x0000000c   Code   RO          971    i.DMA2_Stream0_IRQHandler  stm32f4xx_it.o
    0x08003030   0x08003030   0x00000030   Code   RO          972    i.DMA2_Stream1_IRQHandler  stm32f4xx_it.o
    0x08003060   0x08003060   0x0000002c   Code   RO         1955    i.DMA_CalcBaseAndBitshift  stm32f4xx_hal_dma.o
    0x0800308c   0x0800308c   0x00000078   Code   RO         1956    i.DMA_CheckFifoParam  stm32f4xx_hal_dma.o
    0x08003104   0x08003104   0x0000002a   Code   RO         1957    i.DMA_SetConfig     stm32f4xx_hal_dma.o
    0x0800312e   0x0800312e   0x00000002   Code   RO          973    i.DebugMon_Handler  stm32f4xx_it.o
    0x08003130   0x08003130   0x00000010   Code   RO          974    i.EXTI9_5_IRQHandler  stm32f4xx_it.o
    0x08003140   0x08003140   0x00000058   Code   RO          456    i.Encoder_1msPolling  encoder.o
    0x08003198   0x08003198   0x00000006   Code   RO          458    i.Encoder_GetSpeed  encoder.o
    0x0800319e   0x0800319e   0x0000000a   Code   RO          459    i.Encoder_Init      encoder.o
    0x080031a8   0x080031a8   0x00000004   Code   RO          565    i.Error_Handler     main.o
    0x080031ac   0x080031ac   0x0000008e   Code   RO         1427    i.HAL_DCMI_Init     stm32f4xx_hal_dcmi_ex.o
    0x0800323a   0x0800323a   0x00000002   PAD
    0x0800323c   0x0800323c   0x00000174   Code   RO          696    i.HAL_DCMI_MspInit  dcmi.o
    0x080033b0   0x080033b0   0x00000074   Code   RO         1300    i.HAL_DCMI_Stop     stm32f4xx_hal_dcmi.o
    0x08003424   0x08003424   0x0000008e   Code   RO         1958    i.HAL_DMA_Abort     stm32f4xx_hal_dma.o
    0x080034b2   0x080034b2   0x00000024   Code   RO         1959    i.HAL_DMA_Abort_IT  stm32f4xx_hal_dma.o
    0x080034d6   0x080034d6   0x00000006   Code   RO         1962    i.HAL_DMA_GetState  stm32f4xx_hal_dma.o
    0x080034dc   0x080034dc   0x000001d0   Code   RO         1963    i.HAL_DMA_IRQHandler  stm32f4xx_hal_dma.o
    0x080036ac   0x080036ac   0x000000d4   Code   RO         1964    i.HAL_DMA_Init      stm32f4xx_hal_dma.o
    0x08003780   0x08003780   0x0000006e   Code   RO         1968    i.HAL_DMA_Start_IT  stm32f4xx_hal_dma.o
    0x080037ee   0x080037ee   0x00000002   PAD
    0x080037f0   0x080037f0   0x00000024   Code   RO         2377    i.HAL_Delay         stm32f4xx_hal.o
    0x08003814   0x08003814   0x00000002   Code   RO         1849    i.HAL_GPIO_EXTI_Callback  stm32f4xx_hal_gpio.o
    0x08003816   0x08003816   0x00000002   PAD
    0x08003818   0x08003818   0x00000018   Code   RO         1850    i.HAL_GPIO_EXTI_IRQHandler  stm32f4xx_hal_gpio.o
    0x08003830   0x08003830   0x000001d0   Code   RO         1851    i.HAL_GPIO_Init     stm32f4xx_hal_gpio.o
    0x08003a00   0x08003a00   0x0000000e   Code   RO         1853    i.HAL_GPIO_ReadPin  stm32f4xx_hal_gpio.o
    0x08003a0e   0x08003a0e   0x0000000e   Code   RO         1855    i.HAL_GPIO_WritePin  stm32f4xx_hal_gpio.o
    0x08003a1c   0x08003a1c   0x0000000c   Code   RO         2383    i.HAL_GetTick       stm32f4xx_hal.o
    0x08003a28   0x08003a28   0x00000002   Code   RO         2628    i.HAL_I2C_AbortCpltCallback  stm32f4xx_hal_i2c.o
    0x08003a2a   0x08003a2a   0x00000002   Code   RO         2629    i.HAL_I2C_AddrCallback  stm32f4xx_hal_i2c.o
    0x08003a2c   0x08003a2c   0x000000ba   Code   RO         2632    i.HAL_I2C_ER_IRQHandler  stm32f4xx_hal_i2c.o
    0x08003ae6   0x08003ae6   0x0000019c   Code   RO         2633    i.HAL_I2C_EV_IRQHandler  stm32f4xx_hal_i2c.o
    0x08003c82   0x08003c82   0x00000002   Code   RO         2635    i.HAL_I2C_ErrorCallback  stm32f4xx_hal_i2c.o
    0x08003c84   0x08003c84   0x00000002   Code   RO         2641    i.HAL_I2C_ListenCpltCallback  stm32f4xx_hal_i2c.o
    0x08003c86   0x08003c86   0x00000002   Code   RO         2642    i.HAL_I2C_MasterRxCpltCallback  stm32f4xx_hal_i2c.o
    0x08003c88   0x08003c88   0x00000002   Code   RO         2643    i.HAL_I2C_MasterTxCpltCallback  stm32f4xx_hal_i2c.o
    0x08003c8a   0x08003c8a   0x00000002   Code   RO         2655    i.HAL_I2C_MemRxCpltCallback  stm32f4xx_hal_i2c.o
    0x08003c8c   0x08003c8c   0x00000002   Code   RO         2656    i.HAL_I2C_MemTxCpltCallback  stm32f4xx_hal_i2c.o
    0x08003c8e   0x08003c8e   0x00000002   Code   RO         2665    i.HAL_I2C_SlaveRxCpltCallback  stm32f4xx_hal_i2c.o
    0x08003c90   0x08003c90   0x00000002   Code   RO         2666    i.HAL_I2C_SlaveTxCpltCallback  stm32f4xx_hal_i2c.o
    0x08003c92   0x08003c92   0x00000002   PAD
    0x08003c94   0x08003c94   0x000001bc   Code   RO         3307    i.HAL_I2SEx_FullDuplex_IRQHandler  stm32f4xx_hal_i2s_ex.o
    0x08003e50   0x08003e50   0x00000002   Code   RO         3311    i.HAL_I2SEx_TxRxCpltCallback  stm32f4xx_hal_i2s_ex.o
    0x08003e52   0x08003e52   0x00000002   Code   RO         3122    i.HAL_I2S_ErrorCallback  stm32f4xx_hal_i2s.o
    0x08003e54   0x08003e54   0x00000194   Code   RO         3126    i.HAL_I2S_Init      stm32f4xx_hal_i2s.o
    0x08003fe8   0x08003fe8   0x00000114   Code   RO          807    i.HAL_I2S_MspInit   i2s.o
    0x080040fc   0x080040fc   0x00000080   Code   RO          566    i.HAL_I2S_RxCpltCallback  main.o
    0x0800417c   0x0800417c   0x00000002   Code   RO         3137    i.HAL_I2S_TxCpltCallback  stm32f4xx_hal_i2s.o
    0x0800417e   0x0800417e   0x00000002   PAD
    0x08004180   0x08004180   0x00000010   Code   RO         2389    i.HAL_IncTick       stm32f4xx_hal.o
    0x08004190   0x08004190   0x00000034   Code   RO         2390    i.HAL_Init          stm32f4xx_hal.o
    0x080041c4   0x080041c4   0x00000044   Code   RO         2391    i.HAL_InitTick      stm32f4xx_hal.o
    0x08004208   0x08004208   0x00000030   Code   RO         1097    i.HAL_MspInit       stm32f4xx_hal_msp.o
    0x08004238   0x08004238   0x0000001a   Code   RO         2240    i.HAL_NVIC_EnableIRQ  stm32f4xx_hal_cortex.o
    0x08004252   0x08004252   0x00000002   PAD
    0x08004254   0x08004254   0x00000040   Code   RO         2246    i.HAL_NVIC_SetPriority  stm32f4xx_hal_cortex.o
    0x08004294   0x08004294   0x00000024   Code   RO         2247    i.HAL_NVIC_SetPriorityGrouping  stm32f4xx_hal_cortex.o
    0x080042b8   0x080042b8   0x00000068   Code   RO         1556    i.HAL_RCCEx_GetPeriphCLKFreq  stm32f4xx_hal_rcc_ex.o
    0x08004320   0x08004320   0x00000148   Code   RO         1557    i.HAL_RCCEx_PeriphCLKConfig  stm32f4xx_hal_rcc_ex.o
    0x08004468   0x08004468   0x0000014c   Code   RO         1452    i.HAL_RCC_ClockConfig  stm32f4xx_hal_rcc.o
    0x080045b4   0x080045b4   0x0000000c   Code   RO         1457    i.HAL_RCC_GetHCLKFreq  stm32f4xx_hal_rcc.o
    0x080045c0   0x080045c0   0x00000020   Code   RO         1459    i.HAL_RCC_GetPCLK1Freq  stm32f4xx_hal_rcc.o
    0x080045e0   0x080045e0   0x00000020   Code   RO         1460    i.HAL_RCC_GetPCLK2Freq  stm32f4xx_hal_rcc.o
    0x08004600   0x08004600   0x0000006c   Code   RO         1461    i.HAL_RCC_GetSysClockFreq  stm32f4xx_hal_rcc.o
    0x0800466c   0x0800466c   0x00000090   Code   RO         1462    i.HAL_RCC_MCOConfig  stm32f4xx_hal_rcc.o
    0x080046fc   0x080046fc   0x000003c0   Code   RO         1464    i.HAL_RCC_OscConfig  stm32f4xx_hal_rcc.o
    0x08004abc   0x08004abc   0x00000028   Code   RO         2251    i.HAL_SYSTICK_Config  stm32f4xx_hal_cortex.o
    0x08004ae4   0x08004ae4   0x00000090   Code   RO         4137    i.HAL_TIMEx_MasterConfigSynchronization  stm32f4xx_hal_tim_ex.o
    0x08004b74   0x08004b74   0x000000b4   Code   RO         3424    i.HAL_TIM_Encoder_Init  stm32f4xx_hal_tim.o
    0x08004c28   0x08004c28   0x000000ac   Code   RO          849    i.HAL_TIM_Encoder_MspInit  tim.o
    0x08004cd4   0x08004cd4   0x000000a8   Code   RO         3427    i.HAL_TIM_Encoder_Start  stm32f4xx_hal_tim.o
    0x08004d7c   0x08004d7c   0x0000007c   Code   RO          850    i.HAL_TIM_MspPostInit  tim.o
    0x08004df8   0x08004df8   0x000000d8   Code   RO         3475    i.HAL_TIM_PWM_ConfigChannel  stm32f4xx_hal_tim.o
    0x08004ed0   0x08004ed0   0x0000004a   Code   RO         3478    i.HAL_TIM_PWM_Init  stm32f4xx_hal_tim.o
    0x08004f1a   0x08004f1a   0x00000002   PAD
    0x08004f1c   0x08004f1c   0x00000040   Code   RO          852    i.HAL_TIM_PWM_MspInit  tim.o
    0x08004f5c   0x08004f5c   0x000000dc   Code   RO         3483    i.HAL_TIM_PWM_Start  stm32f4xx_hal_tim.o
    0x08005038   0x08005038   0x00000002   Code   RO         4396    i.HAL_UARTEx_RxEventCallback  stm32f4xx_hal_uart.o
    0x0800503a   0x0800503a   0x00000002   Code   RO         4410    i.HAL_UART_ErrorCallback  stm32f4xx_hal_uart.o
    0x0800503c   0x0800503c   0x00000228   Code   RO         4413    i.HAL_UART_IRQHandler  stm32f4xx_hal_uart.o
    0x08005264   0x08005264   0x00000064   Code   RO         4414    i.HAL_UART_Init     stm32f4xx_hal_uart.o
    0x080052c8   0x080052c8   0x000000d8   Code   RO          927    i.HAL_UART_MspInit  usart.o
    0x080053a0   0x080053a0   0x0000002e   Code   RO         4419    i.HAL_UART_Receive_IT  stm32f4xx_hal_uart.o
    0x080053ce   0x080053ce   0x00000002   PAD
    0x080053d0   0x080053d0   0x00000318   Code   RO          567    i.HAL_UART_RxCpltCallback  main.o
    0x080056e8   0x080056e8   0x000000be   Code   RO         4422    i.HAL_UART_Transmit  stm32f4xx_hal_uart.o
    0x080057a6   0x080057a6   0x00000002   PAD
    0x080057a8   0x080057a8   0x00000094   Code   RO         4423    i.HAL_UART_Transmit_DMA  stm32f4xx_hal_uart.o
    0x0800583c   0x0800583c   0x00000002   Code   RO         4425    i.HAL_UART_TxCpltCallback  stm32f4xx_hal_uart.o
    0x0800583e   0x0800583e   0x00000002   Code   RO         4426    i.HAL_UART_TxHalfCpltCallback  stm32f4xx_hal_uart.o
    0x08005840   0x08005840   0x00000002   Code   RO          975    i.HardFault_Handler  stm32f4xx_it.o
    0x08005842   0x08005842   0x00000002   PAD
    0x08005844   0x08005844   0x0000000c   Code   RO          976    i.I2C1_ER_IRQHandler  stm32f4xx_it.o
    0x08005850   0x08005850   0x0000000c   Code   RO          977    i.I2C1_EV_IRQHandler  stm32f4xx_it.o
    0x0800585c   0x0800585c   0x0000001c   Code   RO         2677    i.I2C_ConvertOtherXferOptions  stm32f4xx_hal_i2c.o
    0x08005878   0x08005878   0x000000bc   Code   RO         2678    i.I2C_DMAAbort      stm32f4xx_hal_i2c.o
    0x08005934   0x08005934   0x0000000a   Code   RO           13    i.I2C_Delay         mpu6050_i2c.o
    0x0800593e   0x0800593e   0x00000002   PAD
    0x08005940   0x08005940   0x00000038   Code   RO           14    i.I2C_End           mpu6050_i2c.o
    0x08005978   0x08005978   0x0000015c   Code   RO         2681    i.I2C_ITError       stm32f4xx_hal_i2c.o
    0x08005ad4   0x08005ad4   0x00000100   Code   RO         2683    i.I2C_MasterReceive_BTF  stm32f4xx_hal_i2c.o
    0x08005bd4   0x08005bd4   0x000000d2   Code   RO         2684    i.I2C_MasterReceive_RXNE  stm32f4xx_hal_i2c.o
    0x08005ca6   0x08005ca6   0x0000008a   Code   RO         2687    i.I2C_MasterTransmit_BTF  stm32f4xx_hal_i2c.o
    0x08005d30   0x08005d30   0x000000be   Code   RO         2688    i.I2C_MasterTransmit_TXE  stm32f4xx_hal_i2c.o
    0x08005dee   0x08005dee   0x0000002a   Code   RO         2689    i.I2C_Master_ADD10  stm32f4xx_hal_i2c.o
    0x08005e18   0x08005e18   0x00000194   Code   RO         2690    i.I2C_Master_ADDR   stm32f4xx_hal_i2c.o
    0x08005fac   0x08005fac   0x000000a0   Code   RO         2691    i.I2C_Master_SB     stm32f4xx_hal_i2c.o
    0x0800604c   0x0800604c   0x000000b6   Code   RO         2692    i.I2C_MemoryTransmit_TXE_BTF  stm32f4xx_hal_i2c.o
    0x08006102   0x08006102   0x00000002   PAD
    0x08006104   0x08006104   0x00000060   Code   RO           15    i.I2C_ReadByte      mpu6050_i2c.o
    0x08006164   0x08006164   0x0000005c   Code   RO           16    i.I2C_SendByte      mpu6050_i2c.o
    0x080061c0   0x080061c0   0x0000001c   Code   RO         2695    i.I2C_SlaveReceive_BTF  stm32f4xx_hal_i2c.o
    0x080061dc   0x080061dc   0x00000044   Code   RO         2696    i.I2C_SlaveReceive_RXNE  stm32f4xx_hal_i2c.o
    0x08006220   0x08006220   0x0000001c   Code   RO         2697    i.I2C_SlaveTransmit_BTF  stm32f4xx_hal_i2c.o
    0x0800623c   0x0800623c   0x00000044   Code   RO         2698    i.I2C_SlaveTransmit_TXE  stm32f4xx_hal_i2c.o
    0x08006280   0x08006280   0x00000048   Code   RO         2699    i.I2C_Slave_ADDR    stm32f4xx_hal_i2c.o
    0x080062c8   0x080062c8   0x00000084   Code   RO         2700    i.I2C_Slave_AF      stm32f4xx_hal_i2c.o
    0x0800634c   0x0800634c   0x00000160   Code   RO         2701    i.I2C_Slave_STOPF   stm32f4xx_hal_i2c.o
    0x080064ac   0x080064ac   0x00000040   Code   RO           17    i.I2C_Start         mpu6050_i2c.o
    0x080064ec   0x080064ec   0x0000003c   Code   RO         2707    i.I2C_WaitOnSTOPRequestThroughIT  stm32f4xx_hal_i2c.o
    0x08006528   0x08006528   0x00000036   Code   RO         3314    i.I2SEx_RxISR_I2S   stm32f4xx_hal_i2s_ex.o
    0x0800655e   0x0800655e   0x00000002   PAD
    0x08006560   0x08006560   0x00000060   Code   RO         3315    i.I2SEx_RxISR_I2SExt  stm32f4xx_hal_i2s_ex.o
    0x080065c0   0x080065c0   0x00000036   Code   RO         3316    i.I2SEx_TxISR_I2S   stm32f4xx_hal_i2s_ex.o
    0x080065f6   0x080065f6   0x00000002   PAD
    0x080065f8   0x080065f8   0x00000060   Code   RO         3317    i.I2SEx_TxISR_I2SExt  stm32f4xx_hal_i2s_ex.o
    0x08006658   0x08006658   0x000000aa   Code   RO         3144    i.I2S_IRQHandler    stm32f4xx_hal_i2s.o
    0x08006702   0x08006702   0x00000032   Code   RO         3145    i.I2S_Receive_IT    stm32f4xx_hal_i2s.o
    0x08006734   0x08006734   0x00000032   Code   RO         3146    i.I2S_Transmit_IT   stm32f4xx_hal_i2s.o
    0x08006766   0x08006766   0x00000002   PAD
    0x08006768   0x08006768   0x00000040   Code   RO           18    i.IIC_Get_ACK       mpu6050_i2c.o
    0x080067a8   0x080067a8   0x00000044   Code   RO           19    i.IIC_Send_ACK      mpu6050_i2c.o
    0x080067ec   0x080067ec   0x00000144   Code   RO          369    i.MPU6050_config    mpu6050.o
    0x08006930   0x08006930   0x00000124   Code   RO          370    i.MPU6050_data_ready_cb  mpu6050.o
    0x08006a54   0x08006a54   0x00000054   Code   RO          372    i.MPU6050_mpl_init  mpu6050.o
    0x08006aa8   0x08006aa8   0x00000074   Code   RO          373    i.MPU6050_mpu_init  mpu6050.o
    0x08006b1c   0x08006b1c   0x00000054   Code   RO           21    i.MPU_Read_Len      mpu6050_i2c.o
    0x08006b70   0x08006b70   0x0000003a   Code   RO           23    i.MPU_Write_Len     mpu6050_i2c.o
    0x08006baa   0x08006baa   0x00000002   PAD
    0x08006bac   0x08006bac   0x00000038   Code   RO          697    i.MX_DCMI_Init      dcmi.o
    0x08006be4   0x08006be4   0x000000a8   Code   RO          737    i.MX_DMA_Init       dma.o
    0x08006c8c   0x08006c8c   0x0000013c   Code   RO          671    i.MX_GPIO_Init      gpio.o
    0x08006dc8   0x08006dc8   0x00000040   Code   RO          808    i.MX_I2S3_Init      i2s.o
    0x08006e08   0x08006e08   0x00000080   Code   RO          853    i.MX_TIM2_Init      tim.o
    0x08006e88   0x08006e88   0x0000006c   Code   RO          854    i.MX_TIM3_Init      tim.o
    0x08006ef4   0x08006ef4   0x0000006c   Code   RO          855    i.MX_TIM4_Init      tim.o
    0x08006f60   0x08006f60   0x00000080   Code   RO          856    i.MX_TIM5_Init      tim.o
    0x08006fe0   0x08006fe0   0x00000038   Code   RO          928    i.MX_USART3_UART_Init  usart.o
    0x08007018   0x08007018   0x00000002   Code   RO          978    i.MemManage_Handler  stm32f4xx_it.o
    0x0800701a   0x0800701a   0x00000002   Code   RO          979    i.NMI_Handler       stm32f4xx_it.o
    0x0800701c   0x0800701c   0x00000002   Code   RO          980    i.PendSV_Handler    stm32f4xx_it.o
    0x0800701e   0x0800701e   0x00000002   Code   RO          981    i.SVC_Handler       stm32f4xx_it.o
    0x08007020   0x08007020   0x00000020   Code   RO          982    i.SysTick_Handler   stm32f4xx_it.o
    0x08007040   0x08007040   0x000000a8   Code   RO          568    i.SystemClock_Config  main.o
    0x080070e8   0x080070e8   0x00000010   Code   RO         4753    i.SystemInit        system_stm32f4xx.o
    0x080070f8   0x080070f8   0x000000cc   Code   RO         3496    i.TIM_Base_SetConfig  stm32f4xx_hal_tim.o
    0x080071c4   0x080071c4   0x0000001a   Code   RO         3497    i.TIM_CCxChannelCmd  stm32f4xx_hal_tim.o
    0x080071de   0x080071de   0x00000002   PAD
    0x080071e0   0x080071e0   0x00000068   Code   RO         3509    i.TIM_OC1_SetConfig  stm32f4xx_hal_tim.o
    0x08007248   0x08007248   0x00000074   Code   RO         3510    i.TIM_OC2_SetConfig  stm32f4xx_hal_tim.o
    0x080072bc   0x080072bc   0x00000070   Code   RO         3511    i.TIM_OC3_SetConfig  stm32f4xx_hal_tim.o
    0x0800732c   0x0800732c   0x00000054   Code   RO         3512    i.TIM_OC4_SetConfig  stm32f4xx_hal_tim.o
    0x08007380   0x08007380   0x00000010   Code   RO         4427    i.UART_DMAAbortOnError  stm32f4xx_hal_uart.o
    0x08007390   0x08007390   0x0000004a   Code   RO         4428    i.UART_DMAError     stm32f4xx_hal_uart.o
    0x080073da   0x080073da   0x00000042   Code   RO         4433    i.UART_DMATransmitCplt  stm32f4xx_hal_uart.o
    0x0800741c   0x0800741c   0x0000000a   Code   RO         4435    i.UART_DMATxHalfCplt  stm32f4xx_hal_uart.o
    0x08007426   0x08007426   0x0000004e   Code   RO         4437    i.UART_EndRxTransfer  stm32f4xx_hal_uart.o
    0x08007474   0x08007474   0x0000001a   Code   RO         4438    i.UART_EndTransmit_IT  stm32f4xx_hal_uart.o
    0x0800748e   0x0800748e   0x0000001c   Code   RO         4439    i.UART_EndTxTransfer  stm32f4xx_hal_uart.o
    0x080074aa   0x080074aa   0x000000c6   Code   RO         4440    i.UART_Receive_IT   stm32f4xx_hal_uart.o
    0x08007570   0x08007570   0x00000114   Code   RO         4441    i.UART_SetConfig    stm32f4xx_hal_uart.o
    0x08007684   0x08007684   0x00000036   Code   RO         4443    i.UART_Start_Receive_IT  stm32f4xx_hal_uart.o
    0x080076ba   0x080076ba   0x0000005e   Code   RO         4444    i.UART_Transmit_IT  stm32f4xx_hal_uart.o
    0x08007718   0x08007718   0x00000074   Code   RO         4445    i.UART_WaitOnFlagUntilTimeout  stm32f4xx_hal_uart.o
    0x0800778c   0x0800778c   0x0000000c   Code   RO          983    i.USART3_IRQHandler  stm32f4xx_it.o
    0x08007798   0x08007798   0x00000002   Code   RO          984    i.UsageFault_Handler  stm32f4xx_it.o
    0x0800779a   0x0800779a   0x0000009c   Code   RO         5316    i._MLPrintLog       log_stm32.o
    0x08007836   0x08007836   0x00000002   PAD
    0x08007838   0x08007838   0x00000020   Code   RO         7392    i.__0printf         mc_w.l(printfa.o)
    0x08007858   0x08007858   0x00000024   Code   RO         7398    i.__0vsprintf       mc_w.l(printfa.o)
    0x0800787c   0x0800787c   0x00000030   Code   RO         7481    i.__ARM_fpclassify  m_wm.l(fpclassify.o)
    0x080078ac   0x080078ac   0x00000026   Code   RO         7483    i.__ARM_fpclassifyf  m_wm.l(fpclassifyf.o)
    0x080078d2   0x080078d2   0x00000020   Code   RO         2253    i.__NVIC_SetPriority  stm32f4xx_hal_cortex.o
    0x080078f2   0x080078f2   0x00000002   PAD
    0x080078f4   0x080078f4   0x00000118   Code   RO         6942    i.__hardfp_acosf    m_wm.l(acosf.o)
    0x08007a0c   0x08007a0c   0x000002ac   Code   RO         7006    i.__hardfp_atan2f   m_wm.l(atan2f.o)
    0x08007cb8   0x08007cb8   0x00000150   Code   RO         7036    i.__hardfp_cosf     m_wm.l(cosf.o)
    0x08007e08   0x08007e08   0x00000c50   Code   RO         7074    i.__hardfp_pow      m_wm.l(pow.o)
    0x08008a58   0x08008a58   0x00000190   Code   RO         7100    i.__hardfp_sinf     m_wm.l(sinf.o)
    0x08008be8   0x08008be8   0x0000003a   Code   RO         7124    i.__hardfp_sqrtf    m_wm.l(sqrtf.o)
    0x08008c22   0x08008c22   0x000000f8   Code   RO         7499    i.__kernel_poly     m_wm.l(poly.o)
    0x08008d1a   0x08008d1a   0x00000006   PAD
    0x08008d20   0x08008d20   0x00000030   Code   RO         7467    i.__mathlib_dbl_divzero  m_wm.l(dunder.o)
    0x08008d50   0x08008d50   0x00000014   Code   RO         7469    i.__mathlib_dbl_infnan2  m_wm.l(dunder.o)
    0x08008d64   0x08008d64   0x00000004   PAD
    0x08008d68   0x08008d68   0x00000020   Code   RO         7470    i.__mathlib_dbl_invalid  m_wm.l(dunder.o)
    0x08008d88   0x08008d88   0x00000020   Code   RO         7471    i.__mathlib_dbl_overflow  m_wm.l(dunder.o)
    0x08008da8   0x08008da8   0x00000020   Code   RO         7473    i.__mathlib_dbl_underflow  m_wm.l(dunder.o)
    0x08008dc8   0x08008dc8   0x00000006   Code   RO         7486    i.__mathlib_flt_infnan  m_wm.l(funder.o)
    0x08008dce   0x08008dce   0x00000006   Code   RO         7487    i.__mathlib_flt_infnan2  m_wm.l(funder.o)
    0x08008dd4   0x08008dd4   0x00000010   Code   RO         7488    i.__mathlib_flt_invalid  m_wm.l(funder.o)
    0x08008de4   0x08008de4   0x00000010   Code   RO         7491    i.__mathlib_flt_underflow  m_wm.l(funder.o)
    0x08008df4   0x08008df4   0x00000154   Code   RO         7507    i.__mathlib_rredf2  m_wm.l(rredf.o)
    0x08008f48   0x08008f48   0x00000030   Code   RO         6403    i.__print_result_location  mpl.o
    0x08008f78   0x08008f78   0x0000000e   Code   RO         7559    i.__scatterload_copy  mc_w.l(handlers.o)
    0x08008f86   0x08008f86   0x00000002   Code   RO         7560    i.__scatterload_null  mc_w.l(handlers.o)
    0x08008f88   0x08008f88   0x0000000e   Code   RO         7561    i.__scatterload_zeroinit  mc_w.l(handlers.o)
    0x08008f96   0x08008f96   0x00000002   PAD
    0x08008f98   0x08008f98   0x0000000c   Code   RO         7539    i.__set_errno       mc_w.l(errno.o)
    0x08008fa4   0x08008fa4   0x00000184   Code   RO         7399    i._fp_digits        mc_w.l(printfa.o)
    0x08009128   0x08009128   0x000006b4   Code   RO         7400    i._printf_core      mc_w.l(printfa.o)
    0x080097dc   0x080097dc   0x00000024   Code   RO         7401    i._printf_post_padding  mc_w.l(printfa.o)
    0x08009800   0x08009800   0x0000002e   Code   RO         7402    i._printf_pre_padding  mc_w.l(printfa.o)
    0x0800982e   0x0800982e   0x0000000a   Code   RO         7404    i._sputc            mc_w.l(printfa.o)
    0x08009838   0x08009838   0x00000010   Code   RO         6944    i.acosf             m_wm.l(acosf.o)
    0x08009848   0x08009848   0x00000038   Code   RO          506    i.balance_pid       control.o
    0x08009880   0x08009880   0x00000120   Code   RO          507    i.control_motor     control.o
    0x080099a0   0x080099a0   0x00000010   Code   RO         7038    i.cosf              m_wm.l(cosf.o)
    0x080099b0   0x080099b0   0x0000003c   Code   RO         4790    i.decode_gesture    inv_mpu_dmp_motion_driver.o
    0x080099ec   0x080099ec   0x0000003c   Code   RO         4791    i.dmp_enable_6x_lp_quat  inv_mpu_dmp_motion_driver.o
    0x08009a28   0x08009a28   0x000001ec   Code   RO         4792    i.dmp_enable_feature  inv_mpu_dmp_motion_driver.o
    0x08009c14   0x08009c14   0x00000058   Code   RO         4793    i.dmp_enable_gyro_cal  inv_mpu_dmp_motion_driver.o
    0x08009c6c   0x08009c6c   0x0000003c   Code   RO         4794    i.dmp_enable_lp_quat  inv_mpu_dmp_motion_driver.o
    0x08009ca8   0x08009ca8   0x00000014   Code   RO         4799    i.dmp_load_motion_driver_firmware  inv_mpu_dmp_motion_driver.o
    0x08009cbc   0x08009cbc   0x00000184   Code   RO         4800    i.dmp_read_fifo     inv_mpu_dmp_motion_driver.o
    0x08009e40   0x08009e40   0x00000070   Code   RO         4804    i.dmp_set_fifo_rate  inv_mpu_dmp_motion_driver.o
    0x08009eb0   0x08009eb0   0x00000118   Code   RO         4807    i.dmp_set_orientation  inv_mpu_dmp_motion_driver.o
    0x08009fc8   0x08009fc8   0x00000030   Code   RO         4810    i.dmp_set_shake_reject_thresh  inv_mpu_dmp_motion_driver.o
    0x08009ff8   0x08009ff8   0x00000020   Code   RO         4811    i.dmp_set_shake_reject_time  inv_mpu_dmp_motion_driver.o
    0x0800a018   0x0800a018   0x00000020   Code   RO         4812    i.dmp_set_shake_reject_timeout  inv_mpu_dmp_motion_driver.o
    0x0800a038   0x0800a038   0x00000038   Code   RO         4813    i.dmp_set_tap_axes  inv_mpu_dmp_motion_driver.o
    0x0800a070   0x0800a070   0x00000022   Code   RO         4814    i.dmp_set_tap_count  inv_mpu_dmp_motion_driver.o
    0x0800a092   0x0800a092   0x00000002   PAD
    0x0800a094   0x0800a094   0x0000019c   Code   RO         4815    i.dmp_set_tap_thresh  inv_mpu_dmp_motion_driver.o
    0x0800a230   0x0800a230   0x00000020   Code   RO         4816    i.dmp_set_tap_time  inv_mpu_dmp_motion_driver.o
    0x0800a250   0x0800a250   0x00000020   Code   RO         4817    i.dmp_set_tap_time_multi  inv_mpu_dmp_motion_driver.o
    0x0800a270   0x0800a270   0x00000018   Code   RO         7050    i.fabs              m_wm.l(fabs.o)
    0x0800a288   0x0800a288   0x00000018   Code   RO          570    i.fputc             main.o
    0x0800a2a0   0x0800a2a0   0x0000000c   Code   RO          571    i.get_tick_count    main.o
    0x0800a2ac   0x0800a2ac   0x0000000c   Code   RO         5458    i.inv_accel_was_turned_off  data_builder.o
    0x0800a2b8   0x0800a2b8   0x0000006a   Code   RO         5459    i.inv_apply_calibration  data_builder.o
    0x0800a322   0x0800a322   0x0000004a   Code   RO         6045    i.inv_biquad_filter_process  ml_math_func.o
    0x0800a36c   0x0800a36c   0x00000068   Code   RO         5460    i.inv_build_accel   data_builder.o
    0x0800a3d4   0x0800a3d4   0x00000030   Code   RO         5462    i.inv_build_gyro    data_builder.o
    0x0800a404   0x0800a404   0x00000030   Code   RO         5463    i.inv_build_quat    data_builder.o
    0x0800a434   0x0800a434   0x0000001c   Code   RO         5464    i.inv_build_temp    data_builder.o
    0x0800a450   0x0800a450   0x0000002a   Code   RO         6046    i.inv_calc_state_to_match_output  ml_math_func.o
    0x0800a47a   0x0800a47a   0x00000002   PAD
    0x0800a47c   0x0800a47c   0x000000ac   Code   RO         6048    i.inv_compass_angle  ml_math_func.o
    0x0800a528   0x0800a528   0x00000010   Code   RO         5465    i.inv_compass_was_turned_off  data_builder.o
    0x0800a538   0x0800a538   0x0000005c   Code   RO         6050    i.inv_convert_to_body_with_scale  ml_math_func.o
    0x0800a594   0x0800a594   0x00000034   Code   RO         5466    i.inv_db_load_func  data_builder.o
    0x0800a5c8   0x0800a5c8   0x00000014   Code   RO         5467    i.inv_db_save_func  data_builder.o
    0x0800a5dc   0x0800a5dc   0x00000010   Code   RO         5468    i.inv_disable_compass_soft_iron_matrix  data_builder.o
    0x0800a5ec   0x0800a5ec   0x0000001c   Code   RO         5350    i.inv_enable_eMPL_outputs  empl_outputs.o
    0x0800a608   0x0800a608   0x00000014   Code   RO         5914    i.inv_enable_hal_outputs  hal_outputs.o
    0x0800a61c   0x0800a61c   0x0000001c   Code   RO         6441    i.inv_enable_results_holder  results_holder.o
    0x0800a638   0x0800a638   0x00000028   Code   RO         6676    i.inv_execute_mpl_start_notification  start_manager.o
    0x0800a660   0x0800a660   0x00000080   Code   RO         5470    i.inv_execute_on_data  data_builder.o
    0x0800a6e0   0x0800a6e0   0x000000ac   Code   RO         5351    i.inv_generate_eMPL_outputs  empl_outputs.o
    0x0800a78c   0x0800a78c   0x00000188   Code   RO         5915    i.inv_generate_hal_outputs  hal_outputs.o
    0x0800a914   0x0800a914   0x00000010   Code   RO         6442    i.inv_generate_results  results_holder.o
    0x0800a924   0x0800a924   0x0000001c   Code   RO         6443    i.inv_get_6axis_quaternion  results_holder.o
    0x0800a940   0x0800a940   0x0000000c   Code   RO         6444    i.inv_get_acc_state  results_holder.o
    0x0800a94c   0x0800a94c   0x0000000c   Code   RO         5471    i.inv_get_accel_accuracy  data_builder.o
    0x0800a958   0x0800a958   0x00000010   Code   RO         5473    i.inv_get_accel_on  data_builder.o
    0x0800a968   0x0800a968   0x00000030   Code   RO         5477    i.inv_get_accel_set  data_builder.o
    0x0800a998   0x0800a998   0x00000018   Code   RO         6448    i.inv_get_compass_correction  results_holder.o
    0x0800a9b0   0x0800a9b0   0x00000010   Code   RO         5480    i.inv_get_compass_on  data_builder.o
    0x0800a9c0   0x0800a9c0   0x00000040   Code   RO         5483    i.inv_get_compass_set  data_builder.o
    0x0800aa00   0x0800aa00   0x00000054   Code   RO         6450    i.inv_get_gravity   results_holder.o
    0x0800aa54   0x0800aa54   0x00000014   Code   RO         5488    i.inv_get_gyro      data_builder.o
    0x0800aa68   0x0800aa68   0x0000000c   Code   RO         5489    i.inv_get_gyro_accuracy  data_builder.o
    0x0800aa74   0x0800aa74   0x0000002c   Code   RO         5490    i.inv_get_gyro_bias  data_builder.o
    0x0800aaa0   0x0800aaa0   0x0000001c   Code   RO         5491    i.inv_get_gyro_bias_tc_set  data_builder.o
    0x0800aabc   0x0800aabc   0x00000010   Code   RO         5492    i.inv_get_gyro_on   data_builder.o
    0x0800aacc   0x0800aacc   0x0000002c   Code   RO         5496    i.inv_get_gyro_set  data_builder.o
    0x0800aaf8   0x0800aaf8   0x00000018   Code   RO         6054    i.inv_get_gyro_sum_of_sqr  ml_math_func.o
    0x0800ab10   0x0800ab10   0x00000048   Code   RO         5498    i.inv_get_last_timestamp  data_builder.o
    0x0800ab58   0x0800ab58   0x0000003e   Code   RO         6454    i.inv_get_linear_accel  results_holder.o
    0x0800ab96   0x0800ab96   0x00000002   PAD
    0x0800ab98   0x0800ab98   0x00000014   Code   RO         6456    i.inv_get_local_field  results_holder.o
    0x0800abac   0x0800abac   0x00000020   Code   RO         5499    i.inv_get_mag_accuracy  data_builder.o
    0x0800abcc   0x0800abcc   0x00000010   Code   RO         6458    i.inv_get_motion_state  results_holder.o
    0x0800abdc   0x0800abdc   0x00000030   Code   RO         6459    i.inv_get_quaternion  results_holder.o
    0x0800ac0c   0x0800ac0c   0x00000040   Code   RO         6461    i.inv_get_quaternion_set  results_holder.o
    0x0800ac4c   0x0800ac4c   0x000001dc   Code   RO         5354    i.inv_get_sensor_type_euler  empl_outputs.o
    0x0800ae28   0x0800ae28   0x0000001c   Code   RO         5355    i.inv_get_sensor_type_gyro  empl_outputs.o
    0x0800ae44   0x0800ae44   0x0000000c   Code   RO         6463    i.inv_got_compass_bias  results_holder.o
    0x0800ae50   0x0800ae50   0x0000000c   Code   RO         5501    i.inv_gyro_was_turned_off  data_builder.o
    0x0800ae5c   0x0800ae5c   0x0000002c   Code   RO         6055    i.inv_init_biquad_filter  ml_math_func.o
    0x0800ae88   0x0800ae88   0x0000003c   Code   RO         5502    i.inv_init_data_builder  data_builder.o
    0x0800aec4   0x0800aec4   0x00000014   Code   RO         5359    i.inv_init_eMPL_outputs  empl_outputs.o
    0x0800aed8   0x0800aed8   0x00000034   Code   RO         5925    i.inv_init_hal_outputs  hal_outputs.o
    0x0800af0c   0x0800af0c   0x00000080   Code   RO         6405    i.inv_init_mpl      mpl.o
    0x0800af8c   0x0800af8c   0x00000030   Code   RO         6464    i.inv_init_results_holder  results_holder.o
    0x0800afbc   0x0800afbc   0x00000014   Code   RO         6677    i.inv_init_start_manager  start_manager.o
    0x0800afd0   0x0800afd0   0x00000018   Code   RO         6710    i.inv_init_storage_manager  storage_manager.o
    0x0800afe8   0x0800afe8   0x00000024   Code   RO         6063    i.inv_orientation_matrix_to_scalar  ml_math_func.o
    0x0800b00c   0x0800b00c   0x0000000c   Code   RO         6064    i.inv_q29_mult      ml_math_func.o
    0x0800b018   0x0800b018   0x0000000c   Code   RO         6066    i.inv_q30_mult      ml_math_func.o
    0x0800b024   0x0800b024   0x00000024   Code   RO         6068    i.inv_q_add         ml_math_func.o
    0x0800b048   0x0800b048   0x00000042   Code   RO         6069    i.inv_q_addf        ml_math_func.o
    0x0800b08a   0x0800b08a   0x00000018   Code   RO         6070    i.inv_q_invert      ml_math_func.o
    0x0800b0a2   0x0800b0a2   0x0000002e   Code   RO         6071    i.inv_q_invertf     ml_math_func.o
    0x0800b0d0   0x0800b0d0   0x000000b0   Code   RO         6072    i.inv_q_mult        ml_math_func.o
    0x0800b180   0x0800b180   0x000000d2   Code   RO         6073    i.inv_q_multf       ml_math_func.o
    0x0800b252   0x0800b252   0x00000002   PAD
    0x0800b254   0x0800b254   0x00000084   Code   RO         6074    i.inv_q_norm4       ml_math_func.o
    0x0800b2d8   0x0800b2d8   0x000000b4   Code   RO         6076    i.inv_q_normalizef  ml_math_func.o
    0x0800b38c   0x0800b38c   0x0000003e   Code   RO         6077    i.inv_q_rotate      ml_math_func.o
    0x0800b3ca   0x0800b3ca   0x00000002   PAD
    0x0800b3cc   0x0800b3cc   0x00000010   Code   RO         5504    i.inv_quaternion_sensor_was_turned_off  data_builder.o
    0x0800b3dc   0x0800b3dc   0x000000da   Code   RO         6079    i.inv_quaternion_to_rotation  ml_math_func.o
    0x0800b4b6   0x0800b4b6   0x00000002   PAD
    0x0800b4b8   0x0800b4b8   0x000000b0   Code   RO         5505    i.inv_register_data_cb  data_builder.o
    0x0800b568   0x0800b568   0x0000006c   Code   RO         6712    i.inv_register_load_store  storage_manager.o
    0x0800b5d4   0x0800b5d4   0x00000020   Code   RO         6678    i.inv_register_mpl_start_notification  start_manager.o
    0x0800b5f4   0x0800b5f4   0x00000050   Code   RO         5506    i.inv_reset_compass_soft_iron_matrix  data_builder.o
    0x0800b644   0x0800b644   0x00000048   Code   RO         6081    i.inv_row_2_scale   ml_math_func.o
    0x0800b68c   0x0800b68c   0x00000010   Code   RO         5511    i.inv_set_accel_orientation_and_scale  data_builder.o
    0x0800b69c   0x0800b69c   0x0000002c   Code   RO         5512    i.inv_set_accel_sample_rate  data_builder.o
    0x0800b6c8   0x0800b6c8   0x0000000c   Code   RO         6469    i.inv_set_compass_bias_found  results_holder.o
    0x0800b6d4   0x0800b6d4   0x00000024   Code   RO         6470    i.inv_set_compass_correction  results_holder.o
    0x0800b6f8   0x0800b6f8   0x0000000c   Code   RO         5515    i.inv_set_compass_disturbance  data_builder.o
    0x0800b704   0x0800b704   0x00000094   Code   RO         5521    i.inv_set_contiguous  data_builder.o
    0x0800b798   0x0800b798   0x00000060   Code   RO         5523    i.inv_set_gyro_bias  data_builder.o
    0x0800b7f8   0x0800b7f8   0x00000010   Code   RO         5524    i.inv_set_gyro_orientation_and_scale  data_builder.o
    0x0800b808   0x0800b808   0x00000028   Code   RO         5525    i.inv_set_gyro_sample_rate  data_builder.o
    0x0800b830   0x0800b830   0x00000014   Code   RO         6023    i.inv_set_message   message_layer.o
    0x0800b844   0x0800b844   0x00000038   Code   RO         6476    i.inv_set_motion_state  results_holder.o
    0x0800b87c   0x0800b87c   0x00000010   Code   RO         5360    i.inv_start_eMPL_outputs  empl_outputs.o
    0x0800b88c   0x0800b88c   0x00000010   Code   RO         5926    i.inv_start_hal_outputs  hal_outputs.o
    0x0800b89c   0x0800b89c   0x00000044   Code   RO         6406    i.inv_start_mpl     mpl.o
    0x0800b8e0   0x0800b8e0   0x00000018   Code   RO         6477    i.inv_start_results_holder  results_holder.o
    0x0800b8f8   0x0800b8f8   0x00000024   Code   RO         6478    i.inv_store_gaming_quaternion  results_holder.o
    0x0800b91c   0x0800b91c   0x0000005c   Code   RO         5528    i.inv_unregister_data_cb  data_builder.o
    0x0800b978   0x0800b978   0x0000004c   Code   RO         6679    i.inv_unregister_mpl_start_notification  start_manager.o
    0x0800b9c4   0x0800b9c4   0x000000a8   Code   RO          572    i.main              main.o
    0x0800ba6c   0x0800ba6c   0x00000060   Code   RO         5001    i.mpu_configure_fifo  inv_mpu.o
    0x0800bacc   0x0800bacc   0x00000044   Code   RO         5002    i.mpu_get_accel_fsr  inv_mpu.o
    0x0800bb10   0x0800bb10   0x00000010   Code   RO         5009    i.mpu_get_fifo_config  inv_mpu.o
    0x0800bb20   0x0800bb20   0x00000040   Code   RO         5010    i.mpu_get_gyro_fsr  inv_mpu.o
    0x0800bb60   0x0800bb60   0x00000044   Code   RO         5014    i.mpu_get_lpf       inv_mpu.o
    0x0800bba4   0x0800bba4   0x0000001c   Code   RO         5016    i.mpu_get_sample_rate  inv_mpu.o
    0x0800bbc0   0x0800bbc0   0x00000094   Code   RO         5017    i.mpu_get_temperature  inv_mpu.o
    0x0800bc54   0x0800bc54   0x000000d4   Code   RO         5018    i.mpu_init          inv_mpu.o
    0x0800bd28   0x0800bd28   0x000000b4   Code   RO         5019    i.mpu_load_firmware  inv_mpu.o
    0x0800bddc   0x0800bddc   0x000000d0   Code   RO         5020    i.mpu_lp_accel_mode  inv_mpu.o
    0x0800beac   0x0800beac   0x000000bc   Code   RO         5021    i.mpu_lp_motion_interrupt  inv_mpu.o
    0x0800bf68   0x0800bf68   0x000000ac   Code   RO         5026    i.mpu_read_fifo_stream  inv_mpu.o
    0x0800c014   0x0800c014   0x00000070   Code   RO         5027    i.mpu_read_mem      inv_mpu.o
    0x0800c084   0x0800c084   0x0000016c   Code   RO         5030    i.mpu_reset_fifo    inv_mpu.o
    0x0800c1f0   0x0800c1f0   0x00000074   Code   RO         5034    i.mpu_set_accel_fsr  inv_mpu.o
    0x0800c264   0x0800c264   0x00000118   Code   RO         5035    i.mpu_set_bypass    inv_mpu.o
    0x0800c37c   0x0800c37c   0x0000007c   Code   RO         5037    i.mpu_set_dmp_state  inv_mpu.o
    0x0800c3f8   0x0800c3f8   0x00000078   Code   RO         5039    i.mpu_set_gyro_fsr  inv_mpu.o
    0x0800c470   0x0800c470   0x00000060   Code   RO         5040    i.mpu_set_int_latched  inv_mpu.o
    0x0800c4d0   0x0800c4d0   0x0000007c   Code   RO         5042    i.mpu_set_lpf       inv_mpu.o
    0x0800c54c   0x0800c54c   0x00000084   Code   RO         5043    i.mpu_set_sample_rate  inv_mpu.o
    0x0800c5d0   0x0800c5d0   0x000000b0   Code   RO         5044    i.mpu_set_sensors   inv_mpu.o
    0x0800c680   0x0800c680   0x00000070   Code   RO         5045    i.mpu_write_mem     inv_mpu.o
    0x0800c6f0   0x0800c6f0   0x00000380   Code   RO          508    i.output            control.o
    0x0800ca70   0x0800ca70   0x00000074   Code   RO         5046    i.set_int_enable    inv_mpu.o
    0x0800cae4   0x0800cae4   0x00000006   Code   RO         5529    i.set_sensor_orientation_and_scale  data_builder.o
    0x0800caea   0x0800caea   0x00000010   Code   RO         7102    i.sinf              m_wm.l(sinf.o)
    0x0800cafa   0x0800cafa   0x0000006e   Code   RO         7114    i.sqrt              m_wm.l(sqrt.o)
    0x0800cb68   0x0800cb68   0x0000003e   Code   RO         7126    i.sqrtf             m_wm.l(sqrtf.o)
    0x0800cba6   0x0800cba6   0x00000002   PAD
    0x0800cba8   0x0800cba8   0x00000124   Code   RO          509    i.turn_pid          control.o
    0x0800cccc   0x0800cccc   0x000001d8   Code   RO          510    i.velocity_pid      control.o
    0x0800cea4   0x0800cea4   0x000000b4   Code   RO          574    i.word_to_double    main.o
    0x0800cf58   0x0800cf58   0x00000008   Data   RO         1970    .constdata          stm32f4xx_hal_dma.o
    0x0800cf60   0x0800cf60   0x00000010   Data   RO         4754    .constdata          system_stm32f4xx.o
    0x0800cf70   0x0800cf70   0x00000008   Data   RO         4755    .constdata          system_stm32f4xx.o
    0x0800cf78   0x0800cf78   0x00000bf6   Data   RO         4819    .constdata          inv_mpu_dmp_motion_driver.o
    0x0800db6e   0x0800db6e   0x0000001e   Data   RO         5047    .constdata          inv_mpu.o
    0x0800db8c   0x0800db8c   0x0000000c   Data   RO         5048    .constdata          inv_mpu.o
    0x0800db98   0x0800db98   0x00000028   Data   RO         5049    .constdata          inv_mpu.o
    0x0800dbc0   0x0800dbc0   0x0000002f   Data   RO         6407    .constdata          mpl.o
    0x0800dbef   0x0800dbef   0x00000001   PAD
    0x0800dbf0   0x0800dbf0   0x00000088   Data   RO         7077    .constdata          m_wm.l(pow.o)
    0x0800dc78   0x0800dc78   0x00000008   Data   RO         7501    .constdata          m_wm.l(qnan.o)
    0x0800dc80   0x0800dc80   0x00000020   Data   RO         7508    .constdata          m_wm.l(rredf.o)
    0x0800dca0   0x0800dca0   0x00000009   Data   RO          376    .conststring        mpu6050.o
    0x0800dca9   0x0800dca9   0x00000003   PAD
    0x0800dcac   0x0800dcac   0x000000be   Data   RO          511    .conststring        control.o
    0x0800dd6a   0x0800dd6a   0x00000002   PAD
    0x0800dd6c   0x0800dd6c   0x00000044   Data   RO         5531    .conststring        data_builder.o
    0x0800ddb0   0x0800ddb0   0x00000020   Data   RO         7557    Region$$Table       anon$$obj.o


    Execution Region RW_IRAM1 (Exec base: 0x20000000, Load base: 0x0800ddd0, Size: 0x00001638, Max: 0x0001c000, ABSOLUTE)

    Exec Addr    Load Addr    Size         Type   Attr      Idx    E Section Name        Object

    0x20000000   0x0800ddd0   0x00000004   Data   RW          377    .data               mpu6050.o
    0x20000004   0x0800ddd4   0x00000011   Data   RW          378    .data               mpu6050.o
    0x20000015   0x0800dde5   0x00000001   Data   RW          462    .data               encoder.o
    0x20000016   0x0800dde6   0x00000002   PAD
    0x20000018   0x0800dde8   0x00000068   Data   RW          512    .data               control.o
    0x20000080   0x0800de50   0x00000001   Data   RW          513    .data               control.o
    0x20000081   0x0800de51   0x00000003   PAD
    0x20000084   0x0800de54   0x00000014   Data   RW          577    .data               main.o
    0x20000098   0x0800de68   0x00000001   Data   RW          583    .data               main.o
    0x20000099   0x0800de69   0x00000003   PAD
    0x2000009c   0x0800de6c   0x00000004   Data   RW          987    .data               stm32f4xx_it.o
    0x200000a0   0x0800de70   0x0000000c   Data   RW         2397    .data               stm32f4xx_hal.o
    0x200000ac   0x0800de7c   0x00000004   Data   RW         4756    .data               system_stm32f4xx.o
    0x200000b0   0x0800de80   0x0000002c   Data   RW         5050    .data               inv_mpu.o
    0x200000dc   0x0800deac   0x00000014   Data   RW         5929    .data               hal_outputs.o
    0x200000f0   0x0800dec0   0x00000004   Data   RW         6024    .data               message_layer.o
    0x200000f4   0x0800dec4   0x00000004   Data   RW         7532    .data               mc_w.l(stdout.o)
    0x200000f8   0x0800dec8   0x00000004   Data   RW         7540    .data               mc_w.l(errno.o)
    0x200000fc        -       0x00000024   Zero   RW          375    .bss                mpu6050.o
    0x20000120        -       0x0000000c   Zero   RW          460    .bss                encoder.o
    0x2000012c        -       0x0000000c   Zero   RW          461    .bss                encoder.o
    0x20000138        -       0x00000037   Zero   RW          576    .bss                main.o
    0x2000016f   0x0800decc   0x00000001   PAD
    0x20000170        -       0x000000a0   Zero   RW          698    .bss                dcmi.o
    0x20000210        -       0x00000060   Zero   RW          738    .bss                dma.o
    0x20000270        -       0x00000054   Zero   RW          767    .bss                i2c.o
    0x200002c4        -       0x000000a8   Zero   RW          809    .bss                i2s.o
    0x2000036c        -       0x00000120   Zero   RW          857    .bss                tim.o
    0x2000048c        -       0x000000a4   Zero   RW          929    .bss                usart.o
    0x20000530        -       0x00000010   Zero   RW         4818    .bss                inv_mpu_dmp_motion_driver.o
    0x20000540        -       0x00000028   Zero   RW         5362    .bss                empl_outputs.o
    0x20000568        -       0x000002d8   Zero   RW         5530    .bss                data_builder.o
    0x20000840        -       0x000000c4   Zero   RW         5928    .bss                hal_outputs.o
    0x20000904        -       0x00000088   Zero   RW         6479    .bss                results_holder.o
    0x2000098c        -       0x00000054   Zero   RW         6680    .bss                start_manager.o
    0x200009e0        -       0x00000198   Zero   RW         6714    .bss                storage_manager.o
    0x20000b78        -       0x000002a0   Zero   RW         6752    .bss                libmpllib.lib(fast_no_motion.o)
    0x20000e18        -       0x00000138   Zero   RW         6843    .bss                libmpllib.lib(fusion_9axis.o)
    0x20000f50        -       0x000001c4   Zero   RW         6868    .bss                libmpllib.lib(gyro_tc.o)
    0x20001114        -       0x0000006c   Zero   RW         6889    .bss                libmpllib.lib(quaternion_supervisor.o)
    0x20001180        -       0x000000b8   Zero   RW         6907    .bss                libmpllib.lib(mag_disturb.o)
    0x20001238        -       0x00000400   Zero   RW            1    STACK               startup_stm32f407xx.o


    Execution Region RW_IRAM2 (Exec base: 0x2001c000, Load base: 0x0800decc, Size: 0x00000000, Max: 0x00004000, ABSOLUTE)

    **** No section assigned to this execution region ****


==============================================================================

Image component sizes


      Code (inc. data)   RO Data    RW Data    ZI Data      Debug   Object Name

      2004        190        190        105          0       7089   control.o
      1816        244         68          0        728      24747   data_builder.o
       428         44          0          0        160       2220   dcmi.o
       168         12          0          0         96       1299   dma.o
       740         64          0          0         40      12625   empl_outputs.o
       104         12          0          1         24       2989   encoder.o
       316         22          0          0          0       1239   gpio.o
       480         26          0         20        196       4087   hal_outputs.o
         0          0          0          0         84        260   i2c.o
       340         36          0          0        168       2146   i2s.o
      3320        142         82         44          0      25746   inv_mpu.o
      2238        118       3062          0         16      20841   inv_mpu_dmp_motion_driver.o
       156         10          0          0          0       1186   log_stm32.o
      1476        220          0         21         55       8150   main.o
        20          4          0          4          0       1194   message_layer.o
      1730         28          0          0          0      15634   ml_math_func.o
       244         94         47          0          0       5260   mpl.o
       816        236          9         21         36       5040   mpu6050.o
       592         26          0          0          0     726266   mpu6050_i2c.o
       626         88          0          0        136      12218   results_holder.o
       168         20          0          0         84       3380   start_manager.o
        36          8        392          0       1024        836   startup_stm32f407xx.o
       184         28          0         12          0       9917   stm32f4xx_hal.o
       198         14          0          0          0      34651   stm32f4xx_hal_cortex.o
       116          6          0          0          0       1388   stm32f4xx_hal_dcmi.o
       142          0          0          0          0       1304   stm32f4xx_hal_dcmi_ex.o
      1176         14          8          0          0       8805   stm32f4xx_hal_dma.o
       518         50          0          0          0       4643   stm32f4xx_hal_gpio.o
      3572         42          0          0          0      27282   stm32f4xx_hal_i2c.o
       678         16          0          0          0       5272   stm32f4xx_hal_i2s.o
       746         24          0          0          0       5219   stm32f4xx_hal_i2s_ex.o
        48          6          0          0          0        970   stm32f4xx_hal_msp.o
      1620         94          0          0          0       7832   stm32f4xx_hal_rcc.o
       432         40          0          0          0       2633   stm32f4xx_hal_rcc_ex.o
      1504        110          0          0          0      10823   stm32f4xx_hal_tim.o
       144         30          0          0          0       1548   stm32f4xx_hal_tim_ex.o
      2080         30          0          0          0      18270   stm32f4xx_hal_uart.o
       184         64          0          4          0      10134   stm32f4xx_it.o
       132          8          0          0        408       2481   storage_manager.o
        16          4         24          4          0       1191   system_stm32f4xx.o
       832         78          0          0        288       5816   tim.o
       272         30          0          0        164       2081   usart.o

    ----------------------------------------------------------------------
     32464       2332       3920        244       3708    1046712   Object Totals
         0          0         32          0          0          0   (incl. Generated)
        52          0          6          8          1          0   (incl. Padding)

    ----------------------------------------------------------------------

      Code (inc. data)   RO Data    RW Data    ZI Data      Debug   Library Member Name

      2548         42          0          0        672      19752   fast_no_motion.o
      1628         54          0          0        312       5308   fusion_9axis.o
      1212         30          0          0        452       5515   gyro_tc.o
      1360         46          0          0        184       7270   mag_disturb.o
      2368        102          0          0        108       5409   quaternion_supervisor.o
       296         46          0          0          0        300   acosf.o
       684         90          0          0          0        208   atan2f.o
       352         56          0          0          0        260   cosf.o
       164         44          0          0          0        620   dunder.o
        24          0          0          0          0        124   fabs.o
        48          0          0          0          0        124   fpclassify.o
        38          0          0          0          0        116   fpclassifyf.o
        44         12          0          0          0        464   funder.o
       248          0          0          0          0        152   poly.o
      3152        296        136          0          0        352   pow.o
         0          0          8          0          0          0   qnan.o
       340         24         32          0          0        160   rredf.o
       416         56          0          0          0        336   sinf.o
       110          0          0          0          0        148   sqrt.o
       120          0          0          0          0        272   sqrtf.o
         0          0          0          0          0          0   entry.o
         0          0          0          0          0          0   entry10a.o
         0          0          0          0          0          0   entry11a.o
         4          0          0          0          0          0   entry12b.o
         8          4          0          0          0          0   entry2.o
         4          0          0          0          0          0   entry5.o
         0          0          0          0          0          0   entry7b.o
         0          0          0          0          0          0   entry8b.o
         8          4          0          0          0          0   entry9a.o
        12          6          0          4          0         68   errno.o
        30          0          0          0          0          0   handlers.o
        36          8          0          0          0         68   init.o
         0          0          0          0          0          0   iusefp.o
        98          0          0          0          0         84   ldiv.o
        30          0          0          0          0         68   llshl.o
        36          0          0          0          0         68   llsshr.o
        32          0          0          0          0         68   llushr.o
        26          0          0          0          0         80   memcmp.o
        64          0          0          0          0         76   memmovea.o
        36          0          0          0          0        108   memseta.o
      2264         96          0          0          0        612   printfa.o
         0          0          0          4          0          0   stdout.o
        44          0          0          0          0         80   uidiv.o
        98          0          0          0          0         92   uldiv.o
        48          0          0          0          0         68   cdrcmple.o
        20          0          0          0          0         68   cfcmple.o
        20          0          0          0          0         68   cfrcmple.o
        56          0          0          0          0         88   d2f.o
       334          0          0          0          0        148   dadd.o
       222          0          0          0          0        100   ddiv.o
       186          0          0          0          0        176   depilogue.o
        62          0          0          0          0         80   dfixi.o
        48          0          0          0          0         68   dfixul.o
        34          0          0          0          0         76   dflti.o
       228          0          0          0          0         96   dmul.o
        46          0          0          0          0         80   dscalb.o
       162          0          0          0          0        100   dsqrt.o
        38          0          0          0          0         68   f2d.o
       176          0          0          0          0        140   fadd.o
       124          0          0          0          0         88   fdiv.o
       110          0          0          0          0        168   fepilogue.o
        50          0          0          0          0         68   ffixi.o
        66          0          0          0          0         76   ffixl.o
        18          0          0          0          0         68   fflti.o
        44          0          0          0          0         92   ffltl.o
        10          0          0          0          0         68   ffltui.o
       100          0          0          0          0         76   fmul.o
        24          0          0          0          0         68   fscalb.o

    ----------------------------------------------------------------------
     20224       1016        176          8       1728      50558   Library Totals
        16          0          0          0          0          0   (incl. Padding)

    ----------------------------------------------------------------------

      Code (inc. data)   RO Data    RW Data    ZI Data      Debug   Library Name

      9116        274          0          0       1728      43254   libmpllib.lib
      6036        624        176          0          0       3636   m_wm.l
      2830        118          0          8          0       1472   mc_w.l
      2226          0          0          0          0       2196   mf_w.l

    ----------------------------------------------------------------------
     20224       1016        176          8       1728      50558   Library Totals

    ----------------------------------------------------------------------

==============================================================================


      Code (inc. data)   RO Data    RW Data    ZI Data      Debug   

     52688       3348       4096        252       5436    1062666   Grand Totals
     52688       3348       4096        252       5436    1062666   ELF Image Totals
     52688       3348       4096        252          0          0   ROM Totals

==============================================================================

    Total RO  Size (Code + RO Data)                56784 (  55.45kB)
    Total RW  Size (RW Data + ZI Data)              5688 (   5.55kB)
    Total ROM Size (Code + RO Data + RW Data)      57036 (  55.70kB)

==============================================================================

